Archive member included to satisfy reference by file (symbol)

c:/progra~2/gnuarm~1/102021~1.10/bin/../lib/gcc/arm-none-eabi/10.3.1/thumb/v6-m/nofp\libgcc.a(_dvmd_tls.o)
                              CMakeFiles/transmitter.dir/C_/Pico/pico-sdk/src/rp2_common/pico_divider/divider_hardware.S.obj (__aeabi_idiv0)
c:/progra~2/gnuarm~1/102021~1.10/bin/../lib/gcc/arm-none-eabi/10.3.1/../../../../arm-none-eabi/lib/thumb/v6-m/nofp\libg.a(lib_a-calloc.o)
                              CMakeFiles/transmitter.dir/C_/Pico/pico-sdk/src/rp2_common/pico_malloc/malloc.c.obj (calloc)
c:/progra~2/gnuarm~1/102021~1.10/bin/../lib/gcc/arm-none-eabi/10.3.1/../../../../arm-none-eabi/lib/thumb/v6-m/nofp\libg.a(lib_a-callocr.o)
                              c:/progra~2/gnuarm~1/102021~1.10/bin/../lib/gcc/arm-none-eabi/10.3.1/../../../../arm-none-eabi/lib/thumb/v6-m/nofp\libg.a(lib_a-calloc.o) (_calloc_r)
c:/progra~2/gnuarm~1/102021~1.10/bin/../lib/gcc/arm-none-eabi/10.3.1/../../../../arm-none-eabi/lib/thumb/v6-m/nofp\libg.a(lib_a-ctype_.o)
                              CMakeFiles/transmitter.dir/C_/Pico/pico-sdk/lib/tinyusb/src/tusb.c.obj (_ctype_)
c:/progra~2/gnuarm~1/102021~1.10/bin/../lib/gcc/arm-none-eabi/10.3.1/../../../../arm-none-eabi/lib/thumb/v6-m/nofp\libg.a(lib_a-errno.o)
                              c:/progra~2/gnuarm~1/102021~1.10/bin/../lib/gcc/arm-none-eabi/10.3.1/../../../../arm-none-eabi/lib/thumb/v6-m/nofp\libg.a(lib_a-callocr.o) (__errno)
c:/progra~2/gnuarm~1/102021~1.10/bin/../lib/gcc/arm-none-eabi/10.3.1/../../../../arm-none-eabi/lib/thumb/v6-m/nofp\libg.a(lib_a-impure.o)
                              c:/progra~2/gnuarm~1/102021~1.10/bin/../lib/gcc/arm-none-eabi/10.3.1/../../../../arm-none-eabi/lib/thumb/v6-m/nofp\libg.a(lib_a-calloc.o) (_impure_ptr)
c:/progra~2/gnuarm~1/102021~1.10/bin/../lib/gcc/arm-none-eabi/10.3.1/../../../../arm-none-eabi/lib/thumb/v6-m/nofp\libg.a(lib_a-init.o)
                              c:/progra~2/gnuarm~1/102021~1.10/bin/../lib/gcc/arm-none-eabi/10.3.1/../../../../arm-none-eabi/lib/thumb/v6-m/nofp/crt0.o (__libc_init_array)
c:/progra~2/gnuarm~1/102021~1.10/bin/../lib/gcc/arm-none-eabi/10.3.1/../../../../arm-none-eabi/lib/thumb/v6-m/nofp\libg.a(lib_a-lcltime_r.o)
                              CMakeFiles/transmitter.dir/C_/Pico/pico-sdk/src/common/pico_util/datetime.c.obj (localtime_r)
c:/progra~2/gnuarm~1/102021~1.10/bin/../lib/gcc/arm-none-eabi/10.3.1/../../../../arm-none-eabi/lib/thumb/v6-m/nofp\libg.a(lib_a-malloc.o)
                              CMakeFiles/transmitter.dir/C_/Pico/pico-sdk/src/rp2_common/pico_malloc/malloc.c.obj (malloc)
c:/progra~2/gnuarm~1/102021~1.10/bin/../lib/gcc/arm-none-eabi/10.3.1/../../../../arm-none-eabi/lib/thumb/v6-m/nofp\libg.a(lib_a-mallocr.o)
                              c:/progra~2/gnuarm~1/102021~1.10/bin/../lib/gcc/arm-none-eabi/10.3.1/../../../../arm-none-eabi/lib/thumb/v6-m/nofp\libg.a(lib_a-callocr.o) (_malloc_r)
c:/progra~2/gnuarm~1/102021~1.10/bin/../lib/gcc/arm-none-eabi/10.3.1/../../../../arm-none-eabi/lib/thumb/v6-m/nofp\libg.a(lib_a-memcmp.o)
                              CMakeFiles/transmitter.dir/C_/Pico/pico-sdk/src/rp2_common/pico_atomic/atomic.c.obj (memcmp)
c:/progra~2/gnuarm~1/102021~1.10/bin/../lib/gcc/arm-none-eabi/10.3.1/../../../../arm-none-eabi/lib/thumb/v6-m/nofp\libg.a(lib_a-mktime.o)
                              CMakeFiles/transmitter.dir/C_/Pico/pico-sdk/src/common/pico_util/datetime.c.obj (mktime)
c:/progra~2/gnuarm~1/102021~1.10/bin/../lib/gcc/arm-none-eabi/10.3.1/../../../../arm-none-eabi/lib/thumb/v6-m/nofp\libg.a(lib_a-mlock.o)
                              c:/progra~2/gnuarm~1/102021~1.10/bin/../lib/gcc/arm-none-eabi/10.3.1/../../../../arm-none-eabi/lib/thumb/v6-m/nofp\libg.a(lib_a-mallocr.o) (__malloc_lock)
c:/progra~2/gnuarm~1/102021~1.10/bin/../lib/gcc/arm-none-eabi/10.3.1/../../../../arm-none-eabi/lib/thumb/v6-m/nofp\libg.a(lib_a-month_lengths.o)
                              c:/progra~2/gnuarm~1/102021~1.10/bin/../lib/gcc/arm-none-eabi/10.3.1/../../../../arm-none-eabi/lib/thumb/v6-m/nofp\libg.a(lib_a-lcltime_r.o) (__month_lengths)
c:/progra~2/gnuarm~1/102021~1.10/bin/../lib/gcc/arm-none-eabi/10.3.1/../../../../arm-none-eabi/lib/thumb/v6-m/nofp\libg.a(lib_a-realloc.o)
                              CMakeFiles/transmitter.dir/C_/Pico/pico-sdk/src/rp2_common/pico_malloc/malloc.c.obj (realloc)
c:/progra~2/gnuarm~1/102021~1.10/bin/../lib/gcc/arm-none-eabi/10.3.1/../../../../arm-none-eabi/lib/thumb/v6-m/nofp\libg.a(lib_a-reallocr.o)
                              c:/progra~2/gnuarm~1/102021~1.10/bin/../lib/gcc/arm-none-eabi/10.3.1/../../../../arm-none-eabi/lib/thumb/v6-m/nofp\libg.a(lib_a-realloc.o) (_realloc_r)
c:/progra~2/gnuarm~1/102021~1.10/bin/../lib/gcc/arm-none-eabi/10.3.1/../../../../arm-none-eabi/lib/thumb/v6-m/nofp\libg.a(lib_a-sbrkr.o)
[...]
Memory Configuration

Name             Origin             Length             Attributes
FLASH            0x10000000         0x00200000         xr
RAM              0x20000000         0x00040000         xrw
SCRATCH_X        0x20040000         0x00001000         xrw
SCRATCH_Y        0x20041000         0x00001000         xrw
*default*        0x00000000         0xffffffff

Linker script and memory map

LOAD c:/progra~2/gnuarm~1/102021~1.10/bin/../lib/gcc/arm-none-eabi/10.3.1/thumb/v6-m/nofp/crti.o
LOAD c:/progra~2/gnuarm~1/102021~1.10/bin/../lib/gcc/arm-none-eabi/10.3.1/thumb/v6-m/nofp/crtbegin.o
LOAD c:/progra~2/gnuarm~1/102021~1.10/bin/../lib/gcc/arm-none-eabi/10.3.1/../../../../arm-none-eabi/lib/thumb/v6-m/nofp/crt0.o

.flash_begin    0x10000000        0x0
                0x10000000                __flash_binary_start = .

.boot2          0x10000000      0x100
                0x10000000                __boot2_start__ = .
 *(.boot2)
 .boot2         0x10000000      0x100 ..\pico-sdk\src\rp2040\boot_stage2\CMakeFiles\bs2_default_library.dir\bs2_default_padded_checksummed.S.obj
                0x10000100                __boot2_end__ = .
                0x00000001                ASSERT (((__boot2_end__ - __boot2_start__) == 0x100), ERROR: Pico second stage bootloader must be 256 bytes in size)

.text           0x10000100     0x78a0
                0x10000100                __logical_binary_start = .
 *(.vectors)
 .vectors       0x10000100       0xd4 CMakeFiles/transmitter.dir/C_/Pico/pico-sdk/src/rp2_common/pico_crt0/crt0.S.obj
                0x10000100                __VECTOR_TABLE
                0x10000100                __vectors
                0x100001c0                isr_invalid
                0x100001c0                __default_isrs_start
                0x100001c2                isr_nmi
                0x100001c4                isr_hardfault
                0x100001c6                isr_svcall
                0x100001c8                isr_pendsv
                0x100001ca                isr_systick
                0x100001cc                isr_irq23
                0x100001cc                isr_irq18
                0x100001cc                isr_irq11
                0x100001cc                isr_irq28
                0x100001cc                isr_irq19
                0x100001cc                isr_irq0
                0x100001cc                isr_irq6
                0x100001cc                isr_irq5
                0x100001cc                isr_irq12
                0x100001cc                isr_irq22
                0x100001cc                isr_irq31
                0x100001cc                isr_irq17
                0x100001cc                isr_irq27
                0x100001cc                isr_irq30
                0x100001cc                isr_irq2
                0x100001cc                isr_irq10
                0x100001cc                isr_irq8
                0x100001cc                isr_irq24
                0x100001cc                isr_irq1
                0x100001cc                isr_irq7
                0x100001cc                isr_irq21
                0x100001cc                isr_irq20
                0x100001cc                isr_irq15
                0x100001cc                isr_irq25
                0x100001cc                isr_irq13
                0x100001cc                __unhandled_user_irq
                0x100001cc                isr_irq4
                0x100001cc                isr_irq16
                0x100001cc                isr_irq29
                0x100001cc                isr_irq26
                0x100001cc                __default_isrs_end
                0x100001cc                isr_irq3
                0x100001cc                isr_irq14
                0x100001cc                isr_irq9
                0x100001d2                unhandled_user_irq_num_in_r0
 *(.binary_info_header)
 .binary_info_header
                0x100001d4       0x14 CMakeFiles/transmitter.dir/C_/Pico/pico-sdk/src/rp2_common/pico_crt0/crt0.S.obj
                0x100001e8                __binary_info_header_end = .
 *(.embedded_block)
                0x100001e8                __embedded_block_end = .
 *(.reset)
 .reset         0x100001e8       0x9c CMakeFiles/transmitter.dir/C_/Pico/pico-sdk/src/rp2_common/pico_crt0/crt0.S.obj
                0x100001e8                _entry_point
 *(.init)
 .init          0x10000284        0x4 c:/progra~2/gnuarm~1/102021~1.10/bin/../lib/gcc/arm-none-eabi/10.3.1/thumb/v6-m/nofp/crti.o
                0x10000284                _init
 *(EXCLUDE_FILE(*libm.a: *libc.a:*lib_a-mem*.o *libgcc.a:) .text*)
 .text          0x10000288       0x48 c:/progra~2/gnuarm~1/102021~1.10/bin/../lib/gcc/arm-none-eabi/10.3.1/thumb/v6-m/nofp/crtbegin.o
 .text._Z5setupv
                0x100002d0       0x78 CMakeFiles/transmitter.dir/transmitter.cpp.obj
                0x100002d0                setup()
 .text._Z9send_datav
                0x10000348       0x8c CMakeFiles/transmitter.dir/transmitter.cpp.obj
                0x10000348                send_data()
 .text.main     0x100003d4       0x5c CMakeFiles/transmitter.dir/transmitter.cpp.obj
                0x100003d4                main
 .text._Z41__static_initialization_and_destruction_0ii
                0x10000430       0x48 CMakeFiles/transmitter.dir/transmitter.cpp.obj
 .text._GLOBAL__sub_I_radio
                0x10000478       0x10 CMakeFiles/transmitter.dir/transmitter.cpp.obj
 .text.gpio_set_function
                0x10000488       0x34 CMakeFiles/transmitter.dir/C_/Pico/pico-sdk/src/rp2_common/hardware_gpio/gpio.c.obj
                0x10000488                gpio_set_function
 .text.gpio_init
                0x100004bc       0x16 CMakeFiles/transmitter.dir/C_/Pico/pico-sdk/src/rp2_common/hardware_gpio/gpio.c.obj
                0x100004bc                gpio_init
 *fill*         0x100004d2        0x2 
 .text.rp2040_chip_version
                0x100004d4       0x4c CMakeFiles/transmitter.dir/C_/Pico/pico-sdk/src/rp2040/pico_platform/platform.c.obj
                0x100004d4                rp2040_chip_version
 .text.panic    0x10000520       0x30 CMakeFiles/transmitter.dir/C_/Pico/pico-sdk/src/rp2_common/pico_platform_panic/panic.c.obj
                0x10000520                panic
 .text.hw_claim_lock
                0x10000550       0x18 CMakeFiles/transmitter.dir/C_/Pico/pico-sdk/src/common/hardware_claim/claim.c.obj
                0x10000550                hw_claim_lock
 .text.hw_claim_unlock
                0x10000568       0x14 CMakeFiles/transmitter.dir/C_/Pico/pico-sdk/src/common/hardware_claim/claim.c.obj
                0x10000568                hw_claim_unlock
 .text.hw_claim_or_assert
                0x1000057c       0x32 CMakeFiles/transmitter.dir/C_/Pico/pico-sdk/src/common/hardware_claim/claim.c.obj
                0x1000057c                hw_claim_or_assert
 .text.hw_claim_unused_from_range
                0x100005ae       0x50 CMakeFiles/transmitter.dir/C_/Pico/pico-sdk/src/common/hardware_claim/claim.c.obj
                0x100005ae                hw_claim_unused_from_range
 *fill*         0x100005fe        0x2 
 .text.next_striped_spin_lock_num
                0x10000600       0x1c CMakeFiles/transmitter.dir/C_/Pico/pico-sdk/src/rp2_common/hardware_sync/sync.c.obj
                0x10000600                next_striped_spin_lock_num
 .text.spin_lock_claim_unused
                0x1000061c       0x20 CMakeFiles/transmitter.dir/C_/Pico/pico-sdk/src/rp2_common/hardware_sync/sync.c.obj
                0x1000061c                spin_lock_claim_unused
 .text.spin_locks_reset
                0x1000063c       0x20 CMakeFiles/transmitter.dir/C_/Pico/pico-sdk/src/rp2_common/hardware_sync_spin_lock/sync_spin_lock.c.obj
                0x1000063c                spin_locks_reset
 .text.set_raw_irq_handler_and_unlock
                0x1000065c       0x28 CMakeFiles/transmitter.dir/C_/Pico/pico-sdk/src/rp2_common/hardware_irq/irq.c.obj
 .text.nvic_ipr0
                0x10000684        0x8 CMakeFiles/transmitter.dir/C_/Pico/pico-sdk/src/rp2_common/hardware_irq/irq.c.obj
 .text.runtime_init_per_core_irq_priorities
                0x1000068c       0x1c CMakeFiles/transmitter.dir/C_/Pico/pico-sdk/src/rp2_common/hardware_irq/irq.c.obj
                0x1000068c                runtime_init_per_core_irq_priorities
 .text.make_j_16
                0x100006a8       0x4c CMakeFiles/transmitter.dir/C_/Pico/pico-sdk/src/rp2_common/hardware_irq/irq.c.obj
 .text.irq_is_enabled
                0x100006f4       0x18 CMakeFiles/transmitter.dir/C_/Pico/pico-sdk/src/rp2_common/hardware_irq/irq.c.obj
                0x100006f4                irq_is_enabled
 .text.irq_set_mask_n_enabled
                0x1000070c       0x1c CMakeFiles/transmitter.dir/C_/Pico/pico-sdk/src/rp2_common/hardware_irq/irq.c.obj
                0x1000070c                irq_set_mask_n_enabled
 .text.irq_set_enabled
                0x10000728       0x14 CMakeFiles/transmitter.dir/C_/Pico/pico-sdk/src/rp2_common/hardware_irq/irq.c.obj
                0x10000728                irq_set_enabled
 .text.irq_set_pending
                0x1000073c       0x10 CMakeFiles/transmitter.dir/C_/Pico/pico-sdk/src/rp2_common/hardware_irq/irq.c.obj
                0x1000073c                irq_set_pending
 .text.irq_get_vtable_handler
                0x1000074c       0x10 CMakeFiles/transmitter.dir/C_/Pico/pico-sdk/src/rp2_common/hardware_irq/irq.c.obj
                0x1000074c                irq_get_vtable_handler
 .text.irq_has_shared_handler
                0x1000075c       0x24 CMakeFiles/transmitter.dir/C_/Pico/pico-sdk/src/rp2_common/hardware_irq/irq.c.obj
                0x1000075c                irq_has_shared_handler
 .text.irq_set_exclusive_handler
                0x10000780       0x54 CMakeFiles/transmitter.dir/C_/Pico/pico-sdk/src/rp2_common/hardware_irq/irq.c.obj
                0x10000780                irq_set_exclusive_handler
 .text.irq_add_shared_handler
                0x100007d4      0x238 CMakeFiles/transmitter.dir/C_/Pico/pico-sdk/src/rp2_common/hardware_irq/irq.c.obj
                0x100007d4                irq_add_shared_handler
 .text.irq_add_tail_to_free_list
                0x10000a0c       0xf4 CMakeFiles/transmitter.dir/C_/Pico/pico-sdk/src/rp2_common/hardware_irq/irq.c.obj
                0x10000a0c                irq_add_tail_to_free_list
 .text.user_irq_claim_unused
                0x10000b00       0x28 CMakeFiles/transmitter.dir/C_/Pico/pico-sdk/src/rp2_common/hardware_irq/irq.c.obj
                0x10000b00                user_irq_claim_unused
 .text.lock_init
                0x10000b28       0x10 CMakeFiles/transmitter.dir/C_/Pico/pico-sdk/src/common/pico_sync/lock_core.c.obj
                0x10000b28                lock_init
 .text.mutex_init
                0x10000b38       0x1a CMakeFiles/transmitter.dir/C_/Pico/pico-sdk/src/common/pico_sync/mutex.c.obj
                0x10000b38                mutex_init
 .text.recursive_mutex_init
                0x10000b52       0x1e CMakeFiles/transmitter.dir/C_/Pico/pico-sdk/src/common/pico_sync/mutex.c.obj
                0x10000b52                recursive_mutex_init
 .text.runtime_init_mutex
                0x10000b70       0x4c CMakeFiles/transmitter.dir/C_/Pico/pico-sdk/src/common/pico_sync/mutex.c.obj
                0x10000b70                runtime_init_mutex
 .text.critical_section_init_with_lock_num
                0x10000bbc       0x14 CMakeFiles/transmitter.dir/C_/Pico/pico-sdk/src/common/pico_sync/critical_section.c.obj
                0x10000bbc                critical_section_init_with_lock_num
 .text.critical_section_init
                0x10000bd0       0x14 CMakeFiles/transmitter.dir/C_/Pico/pico-sdk/src/common/pico_sync/critical_section.c.obj
                0x10000bd0                critical_section_init
 .text.make_alarm_id
                0x10000be4        0x6 CMakeFiles/transmitter.dir/C_/Pico/pico-sdk/src/common/pico_time/time.c.obj
 *fill*         0x10000bea        0x2 
 .text.sleep_until_callback
                0x10000bec       0x30 CMakeFiles/transmitter.dir/C_/Pico/pico-sdk/src/common/pico_time/time.c.obj
 .text.alarm_pool_irq_handler
                0x10000c1c      0x2f0 CMakeFiles/transmitter.dir/C_/Pico/pico-sdk/src/common/pico_time/time.c.obj
 .text.alarm_pool_post_alloc_init
                0x10000f0c       0x94 CMakeFiles/transmitter.dir/C_/Pico/pico-sdk/src/common/pico_time/time.c.obj
 .text.alarm_pool_get_default
                0x10000fa0       0x2c CMakeFiles/transmitter.dir/C_/Pico/pico-sdk/src/common/pico_time/time.c.obj
                0x10000fa0                alarm_pool_get_default
 .text.alarm_pool_add_alarm_at_force_in_context
                0x10000fcc       0xb0 CMakeFiles/transmitter.dir/C_/Pico/pico-sdk/src/common/pico_time/time.c.obj
                0x10000fcc                alarm_pool_add_alarm_at_force_in_context
 .text.alarm_pool_add_alarm_at
                0x1000107c       0x3c CMakeFiles/transmitter.dir/C_/Pico/pico-sdk/src/common/pico_time/time.c.obj
                0x1000107c                alarm_pool_add_alarm_at
 .text.alarm_pool_cancel_alarm
                0x100010b8       0x78 CMakeFiles/transmitter.dir/C_/Pico/pico-sdk/src/common/pico_time/time.c.obj
                0x100010b8                alarm_pool_cancel_alarm
 .text.alarm_pool_core_num
                0x10001130        0x4 CMakeFiles/transmitter.dir/C_/Pico/pico-sdk/src/common/pico_time/time.c.obj
                0x10001130                alarm_pool_core_num
 .text.sleep_until
                0x10001134       0xc8 CMakeFiles/transmitter.dir/C_/Pico/pico-sdk/src/common/pico_time/time.c.obj
                0x10001134                sleep_until
 .text.sleep_us
                0x100011fc       0x24 CMakeFiles/transmitter.dir/C_/Pico/pico-sdk/src/common/pico_time/time.c.obj
                0x100011fc                sleep_us
 .text.sleep_ms
                0x10001220       0x14 CMakeFiles/transmitter.dir/C_/Pico/pico-sdk/src/common/pico_time/time.c.obj
                0x10001220                sleep_ms
 .text.best_effort_wfe_or_timeout
                0x10001234      0x114 CMakeFiles/transmitter.dir/C_/Pico/pico-sdk/src/common/pico_time/time.c.obj
                0x10001234                best_effort_wfe_or_timeout
 .text.alarm_pool_get_default_timer
                0x10001348        0x8 CMakeFiles/transmitter.dir/C_/Pico/pico-sdk/src/common/pico_time/time.c.obj
                0x10001348                alarm_pool_get_default_timer
 .text.runtime_init_default_alarm_pool
                0x10001350       0x38 CMakeFiles/transmitter.dir/C_/Pico/pico-sdk/src/common/pico_time/time.c.obj
                0x10001350                runtime_init_default_alarm_pool
 .text.timer_hardware_alarm_claim
                0x10001388       0x14 CMakeFiles/transmitter.dir/C_/Pico/pico-sdk/src/rp2_common/hardware_timer/timer.c.obj
                0x10001388                timer_hardware_alarm_claim
 .text.timer_time_us_64
                0x1000139c       0x10 CMakeFiles/transmitter.dir/C_/Pico/pico-sdk/src/rp2_common/hardware_timer/timer.c.obj
                0x1000139c                timer_time_us_64
 .text.timer_busy_wait_until
                0x100013ac       0x1a CMakeFiles/transmitter.dir/C_/Pico/pico-sdk/src/rp2_common/hardware_timer/timer.c.obj
                0x100013ac                timer_busy_wait_until
 .text.timer_busy_wait_us
                0x100013c6       0x38 CMakeFiles/transmitter.dir/C_/Pico/pico-sdk/src/rp2_common/hardware_timer/timer.c.obj
                0x100013c6                timer_busy_wait_us
 *fill*         0x100013fe        0x2 
 .text.time_us_64
                0x10001400       0x10 CMakeFiles/transmitter.dir/C_/Pico/pico-sdk/src/rp2_common/hardware_timer/timer.c.obj
                0x10001400                time_us_64
 .text.busy_wait_us
                0x10001410       0x14 CMakeFiles/transmitter.dir/C_/Pico/pico-sdk/src/rp2_common/hardware_timer/timer.c.obj
                0x10001410                busy_wait_us
 .text.busy_wait_until
                0x10001424       0x14 CMakeFiles/transmitter.dir/C_/Pico/pico-sdk/src/rp2_common/hardware_timer/timer.c.obj
                0x10001424                busy_wait_until
 .text.uart_disable_before_lcr_write
                0x10001438       0x48 CMakeFiles/transmitter.dir/C_/Pico/pico-sdk/src/rp2_common/hardware_uart/uart.c.obj
 .text.uart_write_lcr_bits_masked
                0x10001480       0x20 CMakeFiles/transmitter.dir/C_/Pico/pico-sdk/src/rp2_common/hardware_uart/uart.c.obj
 .text.uart_set_baudrate
                0x100014a0       0x5c CMakeFiles/transmitter.dir/C_/Pico/pico-sdk/src/rp2_common/hardware_uart/uart.c.obj
                0x100014a0                uart_set_baudrate
 .text.uart_set_translate_crlf
                0x100014fc       0x28 CMakeFiles/transmitter.dir/C_/Pico/pico-sdk/src/rp2_common/hardware_uart/uart.c.obj
                0x100014fc                uart_set_translate_crlf
 .text.uart_init
                0x10001524       0x84 CMakeFiles/transmitter.dir/C_/Pico/pico-sdk/src/rp2_common/hardware_uart/uart.c.obj
                0x10001524                uart_init
 .text.clock_configure_internal
                0x100015a8       0xc4 CMakeFiles/transmitter.dir/C_/Pico/pico-sdk/src/rp2_common/hardware_clocks/clocks.c.obj
 .text.clock_configure_int_divider
                0x1000166c       0x28 CMakeFiles/transmitter.dir/C_/Pico/pico-sdk/src/rp2_common/hardware_clocks/clocks.c.obj
                0x1000166c                clock_configure_int_divider
 .text.clock_configure_undivided
                0x10001694       0x12 CMakeFiles/transmitter.dir/C_/Pico/pico-sdk/src/rp2_common/hardware_clocks/clocks.c.obj
                0x10001694                clock_configure_undivided
 *fill*         0x100016a6        0x2 
 .text.clock_get_hz
                0x100016a8        0xc CMakeFiles/transmitter.dir/C_/Pico/pico-sdk/src/rp2_common/hardware_clocks/clocks.c.obj
                0x100016a8                clock_get_hz
 .text.pll_init
                0x100016b4      0x120 CMakeFiles/transmitter.dir/C_/Pico/pico-sdk/src/rp2_common/hardware_pll/pll.c.obj
                0x100016b4                pll_init
 .text.watchdog_update
                0x100017d4       0x14 CMakeFiles/transmitter.dir/C_/Pico/pico-sdk/src/rp2_common/hardware_watchdog/watchdog.c.obj
                0x100017d4                watchdog_update
 .text._watchdog_enable
                0x100017e8       0x7c CMakeFiles/transmitter.dir/C_/Pico/pico-sdk/src/rp2_common/hardware_watchdog/watchdog.c.obj
                0x100017e8                _watchdog_enable
 .text.watchdog_reboot
                0x10001864       0x48 CMakeFiles/transmitter.dir/C_/Pico/pico-sdk/src/rp2_common/hardware_watchdog/watchdog.c.obj
                0x10001864                watchdog_reboot
 .text.tick_start
                0x100018ac       0x10 CMakeFiles/transmitter.dir/C_/Pico/pico-sdk/src/rp2_common/hardware_ticks/ticks.c.obj
                0x100018ac                tick_start
 .text.rom_func_lookup
                0x100018bc       0x10 CMakeFiles/transmitter.dir/C_/Pico/pico-sdk/src/rp2_common/pico_bootrom/bootrom.c.obj
                0x100018bc                rom_func_lookup
 .text.rom_data_lookup
                0x100018cc       0x10 CMakeFiles/transmitter.dir/C_/Pico/pico-sdk/src/rp2_common/pico_bootrom/bootrom.c.obj
                0x100018cc                rom_data_lookup
 .text.rom_funcs_lookup
                0x100018dc       0x36 CMakeFiles/transmitter.dir/C_/Pico/pico-sdk/src/rp2_common/pico_bootrom/bootrom.c.obj
                0x100018dc                rom_funcs_lookup
 *fill*         0x10001912        0x2 
 .text.rom_reset_usb_boot_extra
                0x10001914       0x24 CMakeFiles/transmitter.dir/C_/Pico/pico-sdk/src/rp2_common/pico_bootrom/bootrom.c.obj
                0x10001914                rom_reset_usb_boot_extra
 .text.xosc_init
                0x10001938       0x28 CMakeFiles/transmitter.dir/C_/Pico/pico-sdk/src/rp2_common/hardware_xosc/xosc.c.obj
                0x10001938                xosc_init
 .text.runtime_run_initializers_from
                0x10001960       0x18 CMakeFiles/transmitter.dir/C_/Pico/pico-sdk/src/rp2_common/pico_runtime/runtime.c.obj
 .text.first_per_core_initializer
                0x10001978        0x2 CMakeFiles/transmitter.dir/C_/Pico/pico-sdk/src/rp2_common/pico_runtime/runtime.c.obj
 *fill*         0x1000197a        0x2 
 .text.runtime_run_initializers
                0x1000197c       0x10 CMakeFiles/transmitter.dir/C_/Pico/pico-sdk/src/rp2_common/pico_runtime/runtime.c.obj
                0x1000197c                runtime_run_initializers
 .text.runtime_init_early_resets
                0x1000198c       0x2c CMakeFiles/transmitter.dir/C_/Pico/pico-sdk/src/rp2_common/pico_runtime_init/runtime_init.c.obj
                0x1000198c                runtime_init_early_resets
 .text.runtime_init_usb_power_down
                0x100019b8       0x1c CMakeFiles/transmitter.dir/C_/Pico/pico-sdk/src/rp2_common/pico_runtime_init/runtime_init.c.obj
                0x100019b8                runtime_init_usb_power_down
 .text.runtime_init_post_clock_resets
                0x100019d4       0x20 CMakeFiles/transmitter.dir/C_/Pico/pico-sdk/src/rp2_common/pico_runtime_init/runtime_init.c.obj
                0x100019d4                runtime_init_post_clock_resets
 .text.runtime_init_rp2040_gpio_ie_disable
                0x100019f4       0x14 CMakeFiles/transmitter.dir/C_/Pico/pico-sdk/src/rp2_common/pico_runtime_init/runtime_init.c.obj
                0x100019f4                runtime_init_rp2040_gpio_ie_disable
 .text.runtime_init_spin_locks_reset
                0x10001a08        0x8 CMakeFiles/transmitter.dir/C_/Pico/pico-sdk/src/rp2_common/pico_runtime_init/runtime_init.c.obj
                0x10001a08                runtime_init_spin_locks_reset
 .text.runtime_init_install_ram_vector_table
                0x10001a10       0x1c CMakeFiles/transmitter.dir/C_/Pico/pico-sdk/src/rp2_common/pico_runtime_init/runtime_init.c.obj
                0x10001a10                runtime_init_install_ram_vector_table
 .text.start_all_ticks
                0x10001a2c       0x28 CMakeFiles/transmitter.dir/C_/Pico/pico-sdk/src/rp2_common/pico_runtime_init/runtime_init_clocks.c.obj
 .text.runtime_init_clocks
                0x10001a54       0xcc CMakeFiles/transmitter.dir/C_/Pico/pico-sdk/src/rp2_common/pico_runtime_init/runtime_init_clocks.c.obj
                0x10001a54                runtime_init_clocks
 .text          0x10001b20       0x10 CMakeFiles/transmitter.dir/C_/Pico/pico-sdk/src/rp2_common/pico_bit_ops/bit_ops_aeabi.S.obj
 .text.__wrap___aeabi_idiv
                0x10001b30       0x50 CMakeFiles/transmitter.dir/C_/Pico/pico-sdk/src/rp2_common/pico_divider/divider_hardware.S.obj
                0x10001b30                __wrap___aeabi_idivmod
                0x10001b30                divmod_s32s32
                0x10001b30                div_s32s32
                0x10001b30                __wrap___aeabi_idiv
                0x10001b38                divmod_s32s32_unsafe
                0x10001b64                divmod_s32s32_savestate
 .text.__wrap___aeabi_uidiv
                0x10001b80       0x4c CMakeFiles/transmitter.dir/C_/Pico/pico-sdk/src/rp2_common/pico_divider/divider_hardware.S.obj
                0x10001b80                __wrap___aeabi_uidiv
                0x10001b80                __wrap___aeabi_uidivmod
                0x10001b80                div_u32u32
                0x10001b80                divmod_u32u32
                0x10001b88                divmod_u32u32_unsafe
                0x10001bb0                divmod_u32u32_savestate
 .text.__wrap___aeabi_ldiv
                0x10001bcc      0x424 CMakeFiles/transmitter.dir/C_/Pico/pico-sdk/src/rp2_common/pico_divider/divider_hardware.S.obj
                0x10001bcc                div_s64s64
                0x10001bcc                divmod_s64s64
                0x10001bcc                __wrap___aeabi_ldivmod
                0x10001bfc                divmod_u64u64
                0x10001bfc                div_u64u64
                0x10001bfc                __wrap___aeabi_uldivmod
                0x10001c0c                divmod_u64u64_savestate
                0x10001c2c                divmod_s64s64_unsafe
                0x10001cb4                divmod_u64u64_unsafe
 .text.__wrap___aeabi_darithmetic
                0x10001ff0       0x80 CMakeFiles/transmitter.dir/C_/Pico/pico-sdk/src/rp2_common/pico_double/double_aeabi_rp2040.S.obj
                0x10001ff0                __wrap___aeabi_drsub
                0x10001ff6                __wrap___aeabi_dsub
                0x10002008                __wrap___aeabi_dadd
                0x1000201a                __wrap___aeabi_ddiv
                0x10002056                __wrap___aeabi_dmul
 .text.__wrap___aeabi_cdcmple
                0x10002070       0x6c CMakeFiles/transmitter.dir/C_/Pico/pico-sdk/src/rp2_common/pico_double/double_aeabi_rp2040.S.obj
                0x10002070                __wrap___aeabi_cdrcmple
                0x10002080                __wrap___aeabi_cdcmpeq
                0x10002080                __wrap___aeabi_cdcmple
 .text.__wrap___aeabi_dcmplt
                0x100020dc        0xc CMakeFiles/transmitter.dir/C_/Pico/pico-sdk/src/rp2_common/pico_double/double_aeabi_rp2040.S.obj
                0x100020dc                __wrap___aeabi_dcmplt
 .text.__wrap___aeabi_dcmple
                0x100020e8       0x10 CMakeFiles/transmitter.dir/C_/Pico/pico-sdk/src/rp2_common/pico_double/double_aeabi_rp2040.S.obj
                0x100020e8                __wrap___aeabi_dcmple
 .text.__wrap___aeabi_dcmpge
                0x100020f8       0x10 CMakeFiles/transmitter.dir/C_/Pico/pico-sdk/src/rp2_common/pico_double/double_aeabi_rp2040.S.obj
                0x100020f8                __wrap___aeabi_dcmpge
 .text.__wrap___aeabi_dcmpgt
                0x10002108        0xa CMakeFiles/transmitter.dir/C_/Pico/pico-sdk/src/rp2_common/pico_double/double_aeabi_rp2040.S.obj
                0x10002108                __wrap___aeabi_dcmpgt
 .text.__wrap___aeabi_dcmpun
                0x10002112       0x18 CMakeFiles/transmitter.dir/C_/Pico/pico-sdk/src/rp2_common/pico_double/double_aeabi_rp2040.S.obj
                0x10002112                __wrap___aeabi_dcmpun
 *fill*         0x1000212a        0x2 
 .text.__wrap___aeabi_i2d
                0x1000212c       0x38 CMakeFiles/transmitter.dir/C_/Pico/pico-sdk/src/rp2_common/pico_double/double_aeabi_rp2040.S.obj
                0x1000212c                __wrap___aeabi_ui2d
                0x10002134                __wrap___aeabi_i2d
 .text.__wrap___aeabi_d2iz
                0x10002164       0x48 CMakeFiles/transmitter.dir/C_/Pico/pico-sdk/src/rp2_common/pico_double/double_aeabi_rp2040.S.obj
                0x10002164                double2int_z
                0x10002164                __wrap___aeabi_d2iz
 .text.__wrap___aeabi_d2uiz
                0x100021ac       0x18 CMakeFiles/transmitter.dir/C_/Pico/pico-sdk/src/rp2_common/pico_double/double_aeabi_rp2040.S.obj
                0x100021ac                __wrap___aeabi_d2uiz
                0x100021ac                double2uint
 .text.__aeabi_double_init
                0x100021c4       0xc8 CMakeFiles/transmitter.dir/C_/Pico/pico-sdk/src/rp2_common/pico_double/double_init_rom_rp2040.c.obj
                0x100021c4                __aeabi_double_init
 .text.double_table_shim_on_use_helper
                0x1000228c       0x34 CMakeFiles/transmitter.dir/C_/Pico/pico-sdk/src/rp2_common/pico_double/double_v1_rom_shim_rp2040.S.obj
                0x1000228c                double_table_shim_on_use_helper
 .text.__wrap___aeabi_dsub
                0x100022c0       0x10 CMakeFiles/transmitter.dir/C_/Pico/pico-sdk/src/rp2_common/pico_double/double_v1_rom_shim_rp2040.S.obj
                0x100022c0                drsub_shim
                0x100022c6                dsub_shim
 .text.dadd_shim
                0x100022d0      0x15c CMakeFiles/transmitter.dir/C_/Pico/pico-sdk/src/rp2_common/pico_double/double_v1_rom_shim_rp2040.S.obj
                0x100022d0                dadd_shim
 .text.dmul_shim
                0x1000242c      0x15c CMakeFiles/transmitter.dir/C_/Pico/pico-sdk/src/rp2_common/pico_double/double_v1_rom_shim_rp2040.S.obj
                0x1000242c                dmul_shim
 .text.ddiv_shim
                0x10002588      0x1b0 CMakeFiles/transmitter.dir/C_/Pico/pico-sdk/src/rp2_common/pico_double/double_v1_rom_shim_rp2040.S.obj
                0x10002588                ddiv_shim
 .text.double2uint_shim
                0x10002738        0xe CMakeFiles/transmitter.dir/C_/Pico/pico-sdk/src/rp2_common/pico_double/double_v1_rom_shim_rp2040.S.obj
                0x10002738                double2uint_shim
                0x1000273a                double2ufix_shim
 *fill*         0x10002746        0x2 
 .text.double2uint64_shim
                0x10002748       0x70 CMakeFiles/transmitter.dir/C_/Pico/pico-sdk/src/rp2_common/pico_double/double_v1_rom_shim_rp2040.S.obj
                0x10002748                double2uint64_shim
                0x1000274a                double2ufix64_shim
                0x1000276a                d2fix_a
 .text.dunpacks
                0x100027b8       0x3c CMakeFiles/transmitter.dir/C_/Pico/pico-sdk/src/rp2_common/pico_double/double_v1_rom_shim_rp2040.S.obj
                0x100027b8                dunpacks
 .text.__aeabi_lmul
                0x100027f4       0x32 CMakeFiles/transmitter.dir/C_/Pico/pico-sdk/src/rp2_common/pico_int64_ops/pico_int64_ops_aeabi.S.obj
                0x100027f4                __wrap___aeabi_lmul
 *fill*         0x10002826        0x2 
 .text.__wrap___aeabi_farithmetic
                0x10002828       0x58 CMakeFiles/transmitter.dir/C_/Pico/pico-sdk/src/rp2_common/pico_float/float_aeabi_rp2040.S.obj
                0x10002828                __wrap___aeabi_frsub
                0x1000282e                __wrap___aeabi_fsub
                0x10002838                __wrap___aeabi_fadd
                0x10002842                __wrap___aeabi_fdiv
                0x1000286e                __wrap___aeabi_fmul
 .text.__aeabi_float_init
                0x10002880       0xfc CMakeFiles/transmitter.dir/C_/Pico/pico-sdk/src/rp2_common/pico_float/float_init_rom_rp2040.c.obj
                0x10002880                __aeabi_float_init
 .text.float_table_shim_on_use_helper
                0x1000297c       0x34 CMakeFiles/transmitter.dir/C_/Pico/pico-sdk/src/rp2_common/pico_float/float_v1_rom_shim_rp2040.S.obj
                0x1000297c                float_table_shim_on_use_helper
 .text.__wrap_free
                0x100029b0        0x8 CMakeFiles/transmitter.dir/C_/Pico/pico-sdk/src/rp2_common/pico_malloc/malloc.c.obj
                0x100029b0                __wrap_free
 .text          0x100029b8       0x10 CMakeFiles/transmitter.dir/C_/Pico/pico-sdk/src/rp2_common/pico_mem_ops/mem_ops_aeabi.S.obj
                0x100029b8                __aeabi_mem_init
 .text.memset   0x100029c8        0xc CMakeFiles/transmitter.dir/C_/Pico/pico-sdk/src/rp2_common/pico_mem_ops/mem_ops_aeabi.S.obj
                0x100029c8                __wrap_memset
 .text.memcpy   0x100029d4        0xc CMakeFiles/transmitter.dir/C_/Pico/pico-sdk/src/rp2_common/pico_mem_ops/mem_ops_aeabi.S.obj
                0x100029d4                __wrap_memcpy
                0x100029d4                __wrap___aeabi_memcpy
 .text._ZdlPvj  0x100029e0        0x8 CMakeFiles/transmitter.dir/C_/Pico/pico-sdk/src/rp2_common/pico_cxx_options/new_delete.cpp.obj
                0x100029e0                operator delete(void*, unsigned int)
 .text._out_buffer
                0x100029e8        0x8 CMakeFiles/transmitter.dir/C_/Pico/pico-sdk/src/rp2_common/pico_printf/printf.c.obj
 .text._out_null
                0x100029f0        0x2 CMakeFiles/transmitter.dir/C_/Pico/pico-sdk/src/rp2_common/pico_printf/printf.c.obj
 .text._out_fct
                0x100029f2        0xe CMakeFiles/transmitter.dir/C_/Pico/pico-sdk/src/rp2_common/pico_printf/printf.c.obj
 .text._atoi    0x10002a00       0x24 CMakeFiles/transmitter.dir/C_/Pico/pico-sdk/src/rp2_common/pico_printf/printf.c.obj
 .text._out_rev
                0x10002a24       0xae CMakeFiles/transmitter.dir/C_/Pico/pico-sdk/src/rp2_common/pico_printf/printf.c.obj
 .text._ntoa_format
                0x10002ad2      0x112 CMakeFiles/transmitter.dir/C_/Pico/pico-sdk/src/rp2_common/pico_printf/printf.c.obj
 .text._ntoa_long
                0x10002be4       0xbc CMakeFiles/transmitter.dir/C_/Pico/pico-sdk/src/rp2_common/pico_printf/printf.c.obj
 .text._ntoa_long_long
                0x10002ca0       0xe2 CMakeFiles/transmitter.dir/C_/Pico/pico-sdk/src/rp2_common/pico_printf/printf.c.obj
 *fill*         0x10002d82        0x2 
 .text._etoa    0x10002d84      0x414 CMakeFiles/transmitter.dir/C_/Pico/pico-sdk/src/rp2_common/pico_printf/printf.c.obj
 .text._ftoa    0x10003198      0x354 CMakeFiles/transmitter.dir/C_/Pico/pico-sdk/src/rp2_common/pico_printf/printf.c.obj
 .text._vsnprintf
                0x100034ec      0x624 CMakeFiles/transmitter.dir/C_/Pico/pico-sdk/src/rp2_common/pico_printf/printf.c.obj
 .text.__wrap_snprintf
                0x10003b10       0x28 CMakeFiles/transmitter.dir/C_/Pico/pico-sdk/src/rp2_common/pico_printf/printf.c.obj
                0x10003b10                __wrap_snprintf
 .text.vfctprintf
                0x10003b38       0x20 CMakeFiles/transmitter.dir/C_/Pico/pico-sdk/src/rp2_common/pico_printf/printf.c.obj
                0x10003b38                vfctprintf
 .text._exit    0x10003b58        0x4 CMakeFiles/transmitter.dir/C_/Pico/pico-sdk/src/rp2_common/pico_clib_interface/newlib_interface.c.obj
                0x10003b58                _exit
 .text._sbrk    0x10003b5c       0x38 CMakeFiles/transmitter.dir/C_/Pico/pico-sdk/src/rp2_common/pico_clib_interface/newlib_interface.c.obj
                0x10003b5c                _sbrk
 .text.exit     0x10003b94        0x6 CMakeFiles/transmitter.dir/C_/Pico/pico-sdk/src/rp2_common/pico_clib_interface/newlib_interface.c.obj
                0x10003b94                exit
 *fill*         0x10003b9a        0x2 
 .text.__assert_func
                0x10003b9c       0x3c CMakeFiles/transmitter.dir/C_/Pico/pico-sdk/src/rp2_common/pico_clib_interface/newlib_interface.c.obj
                0x10003b9c                __assert_func
 .text.runtime_init
                0x10003bd8       0x28 CMakeFiles/transmitter.dir/C_/Pico/pico-sdk/src/rp2_common/pico_clib_interface/newlib_interface.c.obj
                0x10003bd8                runtime_init
 .text.stdio_out_chars_no_crlf
                0x10003c00        0xe CMakeFiles/transmitter.dir/C_/Pico/pico-sdk/src/rp2_common/pico_stdio/stdio.c.obj
 *fill*         0x10003c0e        0x2 
 .text.stdio_out_chars_crlf
                0x10003c10       0x80 CMakeFiles/transmitter.dir/C_/Pico/pico-sdk/src/rp2_common/pico_stdio/stdio.c.obj
 .text.stdio_stack_buffer_flush
                0x10003c90       0x44 CMakeFiles/transmitter.dir/C_/Pico/pico-sdk/src/rp2_common/pico_stdio/stdio.c.obj
 .text.stdio_buffered_printer
                0x10003cd4       0x20 CMakeFiles/transmitter.dir/C_/Pico/pico-sdk/src/rp2_common/pico_stdio/stdio.c.obj
 .text.stdout_serialize_begin
                0x10003cf4       0x30 CMakeFiles/transmitter.dir/C_/Pico/pico-sdk/src/rp2_common/pico_stdio/stdio.c.obj
                0x10003cf4                stdout_serialize_begin
 .text.stdout_serialize_end
                0x10003d24       0x10 CMakeFiles/transmitter.dir/C_/Pico/pico-sdk/src/rp2_common/pico_stdio/stdio.c.obj
                0x10003d24                stdout_serialize_end
 .text.stdio_put_string
                0x10003d34       0x94 CMakeFiles/transmitter.dir/C_/Pico/pico-sdk/src/rp2_common/pico_stdio/stdio.c.obj
                0x10003d34                stdio_put_string
 .text.stdio_set_driver_enabled
                0x10003dc8       0x2c CMakeFiles/transmitter.dir/C_/Pico/pico-sdk/src/rp2_common/pico_stdio/stdio.c.obj
                0x10003dc8                stdio_set_driver_enabled
 .text.stdio_flush
                0x10003df4       0x20 CMakeFiles/transmitter.dir/C_/Pico/pico-sdk/src/rp2_common/pico_stdio/stdio.c.obj
                0x10003df4                stdio_flush
 .text.stdio_init_all
                0x10003e14        0x8 CMakeFiles/transmitter.dir/C_/Pico/pico-sdk/src/rp2_common/pico_stdio/stdio.c.obj
                0x10003e14                stdio_init_all
 .text.__wrap_puts
                0x10003e1c       0x1e CMakeFiles/transmitter.dir/C_/Pico/pico-sdk/src/rp2_common/pico_stdio/stdio.c.obj
                0x10003e1c                stdio_puts
                0x10003e1c                __wrap_puts
 *fill*         0x10003e3a        0x2 
 .text.__wrap_vprintf
                0x10003e3c       0x40 CMakeFiles/transmitter.dir/C_/Pico/pico-sdk/src/rp2_common/pico_stdio/stdio.c.obj
                0x10003e3c                stdio_vprintf
                0x10003e3c                __wrap_vprintf
 .text.__wrap_printf
                0x10003e7c       0x18 CMakeFiles/transmitter.dir/C_/Pico/pico-sdk/src/rp2_common/pico_stdio/stdio.c.obj
                0x10003e7c                __wrap_printf
                0x10003e7c                stdio_printf
 .text.resetd_init
                0x10003e94        0x2 CMakeFiles/transmitter.dir/C_/Pico/pico-sdk/src/rp2_common/pico_stdio_usb/reset_interface.c.obj
 *fill*         0x10003e96        0x2 
 .text.resetd_reset
                0x10003e98        0xc CMakeFiles/transmitter.dir/C_/Pico/pico-sdk/src/rp2_common/pico_stdio_usb/reset_interface.c.obj
 .text.resetd_open
                0x10003ea4       0x34 CMakeFiles/transmitter.dir/C_/Pico/pico-sdk/src/rp2_common/pico_stdio_usb/reset_interface.c.obj
 .text.resetd_xfer_cb
                0x10003ed8        0x4 CMakeFiles/transmitter.dir/C_/Pico/pico-sdk/src/rp2_common/pico_stdio_usb/reset_interface.c.obj
 .text.resetd_control_xfer_cb
                0x10003edc       0x60 CMakeFiles/transmitter.dir/C_/Pico/pico-sdk/src/rp2_common/pico_stdio_usb/reset_interface.c.obj
 .text.tud_descriptor_bos_cb
                0x10003f3c        0x8 CMakeFiles/transmitter.dir/C_/Pico/pico-sdk/src/rp2_common/pico_stdio_usb/reset_interface.c.obj
                0x10003f3c                tud_descriptor_bos_cb
 .text.tud_vendor_control_xfer_cb
                0x10003f44       0x38 CMakeFiles/transmitter.dir/C_/Pico/pico-sdk/src/rp2_common/pico_stdio_usb/reset_interface.c.obj
                0x10003f44                tud_vendor_control_xfer_cb
 .text.usbd_app_driver_get_cb
                0x10003f7c        0xc CMakeFiles/transmitter.dir/C_/Pico/pico-sdk/src/rp2_common/pico_stdio_usb/reset_interface.c.obj
                0x10003f7c                usbd_app_driver_get_cb
 .text.tud_cdc_line_coding_cb
                0x10003f88       0x2c CMakeFiles/transmitter.dir/C_/Pico/pico-sdk/src/rp2_common/pico_stdio_usb/reset_interface.c.obj
                0x10003f88                tud_cdc_line_coding_cb
 .text.stdio_usb_set_chars_available_callback
                0x10003fb4       0x14 CMakeFiles/transmitter.dir/C_/Pico/pico-sdk/src/rp2_common/pico_stdio_usb/stdio_usb.c.obj
                0x10003fb4                stdio_usb_set_chars_available_callback
 .text.stdio_usb_out_flush
                0x10003fc8       0x4c CMakeFiles/transmitter.dir/C_/Pico/pico-sdk/src/rp2_common/pico_stdio_usb/stdio_usb.c.obj
 .text.usb_irq  0x10004014       0x10 CMakeFiles/transmitter.dir/C_/Pico/pico-sdk/src/rp2_common/pico_stdio_usb/stdio_usb.c.obj
 .text.low_priority_worker_irq
                0x10004024       0xd0 CMakeFiles/transmitter.dir/C_/Pico/pico-sdk/src/rp2_common/pico_stdio_usb/stdio_usb.c.obj
 .text.timer_task
                0x100040f4       0x6c CMakeFiles/transmitter.dir/C_/Pico/pico-sdk/src/rp2_common/pico_stdio_usb/stdio_usb.c.obj
 .text.stdio_usb_init
                0x10004160       0xfc CMakeFiles/transmitter.dir/C_/Pico/pico-sdk/src/rp2_common/pico_stdio_usb/stdio_usb.c.obj
                0x10004160                stdio_usb_init
 .text.stdio_usb_connected
                0x1000425c        0xa CMakeFiles/transmitter.dir/C_/Pico/pico-sdk/src/rp2_common/pico_stdio_usb/stdio_usb.c.obj
                0x1000425c                stdio_usb_connected
 *fill*         0x10004266        0x2 
 .text.stdio_usb_in_chars
                0x10004268       0x98 CMakeFiles/transmitter.dir/C_/Pico/pico-sdk/src/rp2_common/pico_stdio_usb/stdio_usb.c.obj
                0x10004268                stdio_usb_in_chars
 .text.stdio_usb_out_chars
                0x10004300       0xe8 CMakeFiles/transmitter.dir/C_/Pico/pico-sdk/src/rp2_common/pico_stdio_usb/stdio_usb.c.obj
 .text.tud_descriptor_device_cb
                0x100043e8        0x8 CMakeFiles/transmitter.dir/C_/Pico/pico-sdk/src/rp2_common/pico_stdio_usb/stdio_usb_descriptors.c.obj
                0x100043e8                tud_descriptor_device_cb
 .text.tud_descriptor_configuration_cb
                0x100043f0        0x8 CMakeFiles/transmitter.dir/C_/Pico/pico-sdk/src/rp2_common/pico_stdio_usb/stdio_usb_descriptors.c.obj
                0x100043f0                tud_descriptor_configuration_cb
 .text.tud_descriptor_string_cb
                0x100043f8       0x6c CMakeFiles/transmitter.dir/C_/Pico/pico-sdk/src/rp2_common/pico_stdio_usb/stdio_usb_descriptors.c.obj
                0x100043f8                tud_descriptor_string_cb
 .text._retrieve_unique_id_on_boot
                0x10004464       0x10 CMakeFiles/transmitter.dir/C_/Pico/pico-sdk/src/rp2_common/pico_unique_id/unique_id.c.obj
 .text.pico_get_unique_board_id_string
                0x10004474       0x60 CMakeFiles/transmitter.dir/C_/Pico/pico-sdk/src/rp2_common/pico_unique_id/unique_id.c.obj
                0x10004474                pico_get_unique_board_id_string
 .text.flash_get_unique_id
                0x100044d4       0x46 CMakeFiles/transmitter.dir/C_/Pico/pico-sdk/src/rp2_common/hardware_flash/flash.c.obj
                0x100044d4                flash_get_unique_id
 *fill*         0x1000451a        0x2 
 .text._hw_endpoint_alloc
                0x1000451c       0x70 CMakeFiles/transmitter.dir/C_/Pico/pico-sdk/lib/tinyusb/src/portable/raspberrypi/rp2040/dcd_rp2040.c.obj
 .text.hw_endpoint_init
                0x1000458c       0xc4 CMakeFiles/transmitter.dir/C_/Pico/pico-sdk/lib/tinyusb/src/portable/raspberrypi/rp2040/dcd_rp2040.c.obj
 .text.hw_endpoint_xfer
                0x10004650       0x20 CMakeFiles/transmitter.dir/C_/Pico/pico-sdk/lib/tinyusb/src/portable/raspberrypi/rp2040/dcd_rp2040.c.obj
 .text.dcd_int_enable
                0x10004670       0x2c CMakeFiles/transmitter.dir/C_/Pico/pico-sdk/lib/tinyusb/src/portable/raspberrypi/rp2040/dcd_rp2040.c.obj
                0x10004670                dcd_int_enable
 .text.dcd_set_address
                0x1000469c       0x2c CMakeFiles/transmitter.dir/C_/Pico/pico-sdk/lib/tinyusb/src/portable/raspberrypi/rp2040/dcd_rp2040.c.obj
                0x1000469c                dcd_set_address
 .text.dcd_connect
                0x100046c8       0x10 CMakeFiles/transmitter.dir/C_/Pico/pico-sdk/lib/tinyusb/src/portable/raspberrypi/rp2040/dcd_rp2040.c.obj
                0x100046c8                dcd_connect
 .text.dcd_init
                0x100046d8       0x80 CMakeFiles/transmitter.dir/C_/Pico/pico-sdk/lib/tinyusb/src/portable/raspberrypi/rp2040/dcd_rp2040.c.obj
                0x100046d8                dcd_init
 .text.dcd_sof_enable
                0x10004758       0x1c CMakeFiles/transmitter.dir/C_/Pico/pico-sdk/lib/tinyusb/src/portable/raspberrypi/rp2040/dcd_rp2040.c.obj
                0x10004758                dcd_sof_enable
 .text.dcd_edpt0_status_complete
                0x10004774       0x1c CMakeFiles/transmitter.dir/C_/Pico/pico-sdk/lib/tinyusb/src/portable/raspberrypi/rp2040/dcd_rp2040.c.obj
                0x10004774                dcd_edpt0_status_complete
 .text.dcd_edpt_open
                0x10004790       0x40 CMakeFiles/transmitter.dir/C_/Pico/pico-sdk/lib/tinyusb/src/portable/raspberrypi/rp2040/dcd_rp2040.c.obj
                0x10004790                dcd_edpt_open
 .text.dcd_edpt_close_all
                0x100047d0        0x8 CMakeFiles/transmitter.dir/C_/Pico/pico-sdk/lib/tinyusb/src/portable/raspberrypi/rp2040/dcd_rp2040.c.obj
                0x100047d0                dcd_edpt_close_all
 .text.dcd_edpt_xfer
                0x100047d8       0x30 CMakeFiles/transmitter.dir/C_/Pico/pico-sdk/lib/tinyusb/src/portable/raspberrypi/rp2040/dcd_rp2040.c.obj
                0x100047d8                dcd_edpt_xfer
 .text.dcd_edpt_stall
                0x10004808       0x3c CMakeFiles/transmitter.dir/C_/Pico/pico-sdk/lib/tinyusb/src/portable/raspberrypi/rp2040/dcd_rp2040.c.obj
                0x10004808                dcd_edpt_stall
 .text.dcd_edpt_clear_stall
                0x10004844       0x30 CMakeFiles/transmitter.dir/C_/Pico/pico-sdk/lib/tinyusb/src/portable/raspberrypi/rp2040/dcd_rp2040.c.obj
                0x10004844                dcd_edpt_clear_stall
 .text.unaligned_memcpy
                0x10004874       0x14 CMakeFiles/transmitter.dir/C_/Pico/pico-sdk/lib/tinyusb/src/portable/raspberrypi/rp2040/rp2040_usb.c.obj
 .text.rp2040_usb_init
                0x10004888       0x44 CMakeFiles/transmitter.dir/C_/Pico/pico-sdk/lib/tinyusb/src/portable/raspberrypi/rp2040/rp2040_usb.c.obj
                0x10004888                rp2040_usb_init
 .text.hw_endpoint_xfer_start
                0x100048cc       0x60 CMakeFiles/transmitter.dir/C_/Pico/pico-sdk/lib/tinyusb/src/portable/raspberrypi/rp2040/rp2040_usb.c.obj
                0x100048cc                hw_endpoint_xfer_start
 .text.configuration_reset
                0x1000492c       0x84 CMakeFiles/transmitter.dir/C_/Pico/pico-sdk/lib/tinyusb/src/device/usbd.c.obj
 .text.usbd_reset
                0x100049b0        0xc CMakeFiles/transmitter.dir/C_/Pico/pico-sdk/lib/tinyusb/src/device/usbd.c.obj
 .text.invoke_class_control
                0x100049bc       0x1a CMakeFiles/transmitter.dir/C_/Pico/pico-sdk/lib/tinyusb/src/device/usbd.c.obj
 *fill*         0x100049d6        0x2 
 .text.process_set_config
                0x100049d8      0x19c CMakeFiles/transmitter.dir/C_/Pico/pico-sdk/lib/tinyusb/src/device/usbd.c.obj
 .text.tud_event_hook_cb
                0x10004b74        0x2 CMakeFiles/transmitter.dir/C_/Pico/pico-sdk/lib/tinyusb/src/device/usbd.c.obj
                0x10004b74                tud_event_hook_cb
 .text.tud_sof_cb
                0x10004b76        0x2 CMakeFiles/transmitter.dir/C_/Pico/pico-sdk/lib/tinyusb/src/device/usbd.c.obj
                0x10004b76                tud_sof_cb
 .text.tud_descriptor_device_qualifier_cb
                0x10004b78        0x4 CMakeFiles/transmitter.dir/C_/Pico/pico-sdk/lib/tinyusb/src/device/usbd.c.obj
                0x10004b78                tud_descriptor_device_qualifier_cb
 .text.tud_descriptor_other_speed_configuration_cb
                0x10004b7c        0x4 CMakeFiles/transmitter.dir/C_/Pico/pico-sdk/lib/tinyusb/src/device/usbd.c.obj
                0x10004b7c                tud_descriptor_other_speed_configuration_cb
 .text.process_get_descriptor
                0x10004b80       0xe0 CMakeFiles/transmitter.dir/C_/Pico/pico-sdk/lib/tinyusb/src/device/usbd.c.obj
 .text.tud_mount_cb
                0x10004c60        0x2 CMakeFiles/transmitter.dir/C_/Pico/pico-sdk/lib/tinyusb/src/device/usbd.c.obj
                0x10004c60                tud_mount_cb
 .text.tud_umount_cb
                0x10004c62        0x2 CMakeFiles/transmitter.dir/C_/Pico/pico-sdk/lib/tinyusb/src/device/usbd.c.obj
                0x10004c62                tud_umount_cb
 .text.tud_suspend_cb
                0x10004c64        0x2 CMakeFiles/transmitter.dir/C_/Pico/pico-sdk/lib/tinyusb/src/device/usbd.c.obj
                0x10004c64                tud_suspend_cb
 .text.tud_resume_cb
                0x10004c66        0x2 CMakeFiles/transmitter.dir/C_/Pico/pico-sdk/lib/tinyusb/src/device/usbd.c.obj
                0x10004c66                tud_resume_cb
 .text.tud_mounted
                0x10004c68       0x10 CMakeFiles/transmitter.dir/C_/Pico/pico-sdk/lib/tinyusb/src/device/usbd.c.obj
                0x10004c68                tud_mounted
 .text.tud_suspended
                0x10004c78       0x10 CMakeFiles/transmitter.dir/C_/Pico/pico-sdk/lib/tinyusb/src/device/usbd.c.obj
                0x10004c78                tud_suspended
 .text.tud_inited
                0x10004c88       0x14 CMakeFiles/transmitter.dir/C_/Pico/pico-sdk/lib/tinyusb/src/device/usbd.c.obj
                0x10004c88                tud_inited
 .text.tud_init
                0x10004c9c       0xdc CMakeFiles/transmitter.dir/C_/Pico/pico-sdk/lib/tinyusb/src/device/usbd.c.obj
                0x10004c9c                tud_init
 .text.usbd_edpt_open
                0x10004d78       0x60 CMakeFiles/transmitter.dir/C_/Pico/pico-sdk/lib/tinyusb/src/device/usbd.c.obj
                0x10004d78                usbd_edpt_open
 .text.usbd_open_edpt_pair
                0x10004dd8       0x88 CMakeFiles/transmitter.dir/C_/Pico/pico-sdk/lib/tinyusb/src/device/usbd.c.obj
                0x10004dd8                usbd_open_edpt_pair
 .text.usbd_edpt_claim
                0x10004e60       0x28 CMakeFiles/transmitter.dir/C_/Pico/pico-sdk/lib/tinyusb/src/device/usbd.c.obj
                0x10004e60                usbd_edpt_claim
 .text.usbd_edpt_release
                0x10004e88       0x28 CMakeFiles/transmitter.dir/C_/Pico/pico-sdk/lib/tinyusb/src/device/usbd.c.obj
                0x10004e88                usbd_edpt_release
 .text.usbd_edpt_xfer
                0x10004eb0       0x88 CMakeFiles/transmitter.dir/C_/Pico/pico-sdk/lib/tinyusb/src/device/usbd.c.obj
                0x10004eb0                usbd_edpt_xfer
 .text.usbd_edpt_stall
                0x10004f38       0x34 CMakeFiles/transmitter.dir/C_/Pico/pico-sdk/lib/tinyusb/src/device/usbd.c.obj
                0x10004f38                usbd_edpt_stall
 .text.usbd_edpt_clear_stall
                0x10004f6c       0x34 CMakeFiles/transmitter.dir/C_/Pico/pico-sdk/lib/tinyusb/src/device/usbd.c.obj
                0x10004f6c                usbd_edpt_clear_stall
 .text.usbd_edpt_stalled
                0x10004fa0       0x1c CMakeFiles/transmitter.dir/C_/Pico/pico-sdk/lib/tinyusb/src/device/usbd.c.obj
                0x10004fa0                usbd_edpt_stalled
 .text.process_control_request
                0x10004fbc      0x394 CMakeFiles/transmitter.dir/C_/Pico/pico-sdk/lib/tinyusb/src/device/usbd.c.obj
 .text.tud_task_ext
                0x10005350      0x1d8 CMakeFiles/transmitter.dir/C_/Pico/pico-sdk/lib/tinyusb/src/device/usbd.c.obj
                0x10005350                tud_task_ext
 .text._data_stage_xact
                0x10005528       0x60 CMakeFiles/transmitter.dir/C_/Pico/pico-sdk/lib/tinyusb/src/device/usbd_control.c.obj
 .text.tud_control_status
                0x10005588       0x38 CMakeFiles/transmitter.dir/C_/Pico/pico-sdk/lib/tinyusb/src/device/usbd_control.c.obj
                0x10005588                tud_control_status
 .text.tud_control_xfer
                0x100055c0       0xa8 CMakeFiles/transmitter.dir/C_/Pico/pico-sdk/lib/tinyusb/src/device/usbd_control.c.obj
                0x100055c0                tud_control_xfer
 .text.usbd_control_reset
                0x10005668       0x14 CMakeFiles/transmitter.dir/C_/Pico/pico-sdk/lib/tinyusb/src/device/usbd_control.c.obj
                0x10005668                usbd_control_reset
 .text.usbd_control_set_complete_callback
                0x1000567c        0xc CMakeFiles/transmitter.dir/C_/Pico/pico-sdk/lib/tinyusb/src/device/usbd_control.c.obj
                0x1000567c                usbd_control_set_complete_callback
 .text.usbd_control_set_request
                0x10005688       0x1c CMakeFiles/transmitter.dir/C_/Pico/pico-sdk/lib/tinyusb/src/device/usbd_control.c.obj
                0x10005688                usbd_control_set_request
 .text.usbd_control_xfer_cb
                0x100056a4       0xf4 CMakeFiles/transmitter.dir/C_/Pico/pico-sdk/lib/tinyusb/src/device/usbd_control.c.obj
                0x100056a4                usbd_control_xfer_cb
 .text._prep_out_transaction
                0x10005798       0x72 CMakeFiles/transmitter.dir/C_/Pico/pico-sdk/lib/tinyusb/src/class/cdc/cdc_device.c.obj
 *fill*         0x1000580a        0x2 
 .text.tud_cdc_n_connected
                0x1000580c       0x44 CMakeFiles/transmitter.dir/C_/Pico/pico-sdk/lib/tinyusb/src/class/cdc/cdc_device.c.obj
                0x1000580c                tud_cdc_n_connected
 .text.tud_cdc_n_available
                0x10005850       0x18 CMakeFiles/transmitter.dir/C_/Pico/pico-sdk/lib/tinyusb/src/class/cdc/cdc_device.c.obj
                0x10005850                tud_cdc_n_available
 .text.tud_cdc_n_read
                0x10005868       0x38 CMakeFiles/transmitter.dir/C_/Pico/pico-sdk/lib/tinyusb/src/class/cdc/cdc_device.c.obj
                0x10005868                tud_cdc_n_read
 .text.tud_cdc_n_write_flush
                0x100058a0       0xcc CMakeFiles/transmitter.dir/C_/Pico/pico-sdk/lib/tinyusb/src/class/cdc/cdc_device.c.obj
                0x100058a0                tud_cdc_n_write_flush
 .text.tud_cdc_n_write
                0x1000596c       0x48 CMakeFiles/transmitter.dir/C_/Pico/pico-sdk/lib/tinyusb/src/class/cdc/cdc_device.c.obj
                0x1000596c                tud_cdc_n_write
 .text.tud_cdc_n_write_available
                0x100059b4       0x1c CMakeFiles/transmitter.dir/C_/Pico/pico-sdk/lib/tinyusb/src/class/cdc/cdc_device.c.obj
                0x100059b4                tud_cdc_n_write_available
 .text.cdcd_init
                0x100059d0       0xc0 CMakeFiles/transmitter.dir/C_/Pico/pico-sdk/lib/tinyusb/src/class/cdc/cdc_device.c.obj
                0x100059d0                cdcd_init
 .text.cdcd_deinit
                0x10005a90       0x50 CMakeFiles/transmitter.dir/C_/Pico/pico-sdk/lib/tinyusb/src/class/cdc/cdc_device.c.obj
                0x10005a90                cdcd_deinit
 .text.cdcd_reset
                0x10005ae0       0x78 CMakeFiles/transmitter.dir/C_/Pico/pico-sdk/lib/tinyusb/src/class/cdc/cdc_device.c.obj
                0x10005ae0                cdcd_reset
 .text.cdcd_open
                0x10005b58       0xf8 CMakeFiles/transmitter.dir/C_/Pico/pico-sdk/lib/tinyusb/src/class/cdc/cdc_device.c.obj
                0x10005b58                cdcd_open
 .text.cdcd_control_xfer_cb
                0x10005c50      0x138 CMakeFiles/transmitter.dir/C_/Pico/pico-sdk/lib/tinyusb/src/class/cdc/cdc_device.c.obj
                0x10005c50                cdcd_control_xfer_cb
 .text.cdcd_xfer_cb
                0x10005d88      0x144 CMakeFiles/transmitter.dir/C_/Pico/pico-sdk/lib/tinyusb/src/class/cdc/cdc_device.c.obj
                0x10005d88                cdcd_xfer_cb
 .text.tud_vendor_n_mounted
                0x10005ecc       0x38 CMakeFiles/transmitter.dir/C_/Pico/pico-sdk/lib/tinyusb/src/class/vendor/vendor_device.c.obj
                0x10005ecc                tud_vendor_n_mounted
 .text.tud_vendor_n_write_flush
                0x10005f04       0x24 CMakeFiles/transmitter.dir/C_/Pico/pico-sdk/lib/tinyusb/src/class/vendor/vendor_device.c.obj
                0x10005f04                tud_vendor_n_write_flush
 .text.vendord_init
                0x10005f28       0x90 CMakeFiles/transmitter.dir/C_/Pico/pico-sdk/lib/tinyusb/src/class/vendor/vendor_device.c.obj
                0x10005f28                vendord_init
 .text.vendord_deinit
                0x10005fb8       0x38 CMakeFiles/transmitter.dir/C_/Pico/pico-sdk/lib/tinyusb/src/class/vendor/vendor_device.c.obj
                0x10005fb8                vendord_deinit
 .text.vendord_reset
                0x10005ff0       0x3c CMakeFiles/transmitter.dir/C_/Pico/pico-sdk/lib/tinyusb/src/class/vendor/vendor_device.c.obj
                0x10005ff0                vendord_reset
 .text.vendord_open
                0x1000602c      0x174 CMakeFiles/transmitter.dir/C_/Pico/pico-sdk/lib/tinyusb/src/class/vendor/vendor_device.c.obj
                0x1000602c                vendord_open
 .text.vendord_xfer_cb
                0x100061a0       0xc0 CMakeFiles/transmitter.dir/C_/Pico/pico-sdk/lib/tinyusb/src/class/vendor/vendor_device.c.obj
                0x100061a0                vendord_xfer_cb
 .text.tusb_init
                0x10006260       0x24 CMakeFiles/transmitter.dir/C_/Pico/pico-sdk/lib/tinyusb/src/tusb.c.obj
                0x10006260                tusb_init
 .text.tu_edpt_claim
                0x10006284       0x50 CMakeFiles/transmitter.dir/C_/Pico/pico-sdk/lib/tinyusb/src/tusb.c.obj
                0x10006284                tu_edpt_claim
 .text.tu_edpt_release
                0x100062d4       0x3c CMakeFiles/transmitter.dir/C_/Pico/pico-sdk/lib/tinyusb/src/tusb.c.obj
                0x100062d4                tu_edpt_release
 .text.tu_edpt_validate
                0x10006310       0xac CMakeFiles/transmitter.dir/C_/Pico/pico-sdk/lib/tinyusb/src/tusb.c.obj
                0x10006310                tu_edpt_validate
 .text.tu_edpt_bind_driver
                0x100063bc       0x26 CMakeFiles/transmitter.dir/C_/Pico/pico-sdk/lib/tinyusb/src/tusb.c.obj
                0x100063bc                tu_edpt_bind_driver
 .text.tu_edpt_stream_init
                0x100063e2       0x68 CMakeFiles/transmitter.dir/C_/Pico/pico-sdk/lib/tinyusb/src/tusb.c.obj
                0x100063e2                tu_edpt_stream_init
 .text.tu_edpt_stream_deinit
                0x1000644a        0x4 CMakeFiles/transmitter.dir/C_/Pico/pico-sdk/lib/tinyusb/src/tusb.c.obj
                0x1000644a                tu_edpt_stream_deinit
 *fill*         0x1000644e        0x2 
 .text.tu_edpt_stream_write_zlp_if_needed
                0x10006450       0x80 CMakeFiles/transmitter.dir/C_/Pico/pico-sdk/lib/tinyusb/src/tusb.c.obj
                0x10006450                tu_edpt_stream_write_zlp_if_needed
 .text.tu_edpt_stream_write_xfer
                0x100064d0       0x84 CMakeFiles/transmitter.dir/C_/Pico/pico-sdk/lib/tinyusb/src/tusb.c.obj
                0x100064d0                tu_edpt_stream_write_xfer
 .text.tu_edpt_stream_read_xfer
                0x10006554       0xf4 CMakeFiles/transmitter.dir/C_/Pico/pico-sdk/lib/tinyusb/src/tusb.c.obj
                0x10006554                tu_edpt_stream_read_xfer
 .text.advance_index
                0x10006648       0x1a CMakeFiles/transmitter.dir/C_/Pico/pico-sdk/lib/tinyusb/src/common/tusb_fifo.c.obj
 .text._tu_fifo_peek
                0x10006662       0x56 CMakeFiles/transmitter.dir/C_/Pico/pico-sdk/lib/tinyusb/src/common/tusb_fifo.c.obj
 .text._ff_pull_n
                0x100066b8       0x68 CMakeFiles/transmitter.dir/C_/Pico/pico-sdk/lib/tinyusb/src/common/tusb_fifo.c.obj
 .text._tu_fifo_peek_n
                0x10006720       0x6a CMakeFiles/transmitter.dir/C_/Pico/pico-sdk/lib/tinyusb/src/common/tusb_fifo.c.obj
 .text._tu_fifo_read_n
                0x1000678a       0x4e CMakeFiles/transmitter.dir/C_/Pico/pico-sdk/lib/tinyusb/src/common/tusb_fifo.c.obj
 .text._ff_push_n
                0x100067d8       0x68 CMakeFiles/transmitter.dir/C_/Pico/pico-sdk/lib/tinyusb/src/common/tusb_fifo.c.obj
 .text._tu_fifo_write_n
                0x10006840       0xf0 CMakeFiles/transmitter.dir/C_/Pico/pico-sdk/lib/tinyusb/src/common/tusb_fifo.c.obj
 .text.tu_fifo_config
                0x10006930       0x7c CMakeFiles/transmitter.dir/C_/Pico/pico-sdk/lib/tinyusb/src/common/tusb_fifo.c.obj
                0x10006930                tu_fifo_config
 .text.tu_fifo_count
                0x100069ac       0x2a CMakeFiles/transmitter.dir/C_/Pico/pico-sdk/lib/tinyusb/src/common/tusb_fifo.c.obj
                0x100069ac                tu_fifo_count
 .text.tu_fifo_empty
                0x100069d6       0x10 CMakeFiles/transmitter.dir/C_/Pico/pico-sdk/lib/tinyusb/src/common/tusb_fifo.c.obj
                0x100069d6                tu_fifo_empty
 .text.tu_fifo_full
                0x100069e6       0x28 CMakeFiles/transmitter.dir/C_/Pico/pico-sdk/lib/tinyusb/src/common/tusb_fifo.c.obj
                0x100069e6                tu_fifo_full
 .text.tu_fifo_remaining
                0x10006a0e       0x2c CMakeFiles/transmitter.dir/C_/Pico/pico-sdk/lib/tinyusb/src/common/tusb_fifo.c.obj
                0x10006a0e                tu_fifo_remaining
 .text.tu_fifo_read
                0x10006a3a       0x42 CMakeFiles/transmitter.dir/C_/Pico/pico-sdk/lib/tinyusb/src/common/tusb_fifo.c.obj
                0x10006a3a                tu_fifo_read
 .text.tu_fifo_read_n
                0x10006a7c        0xa CMakeFiles/transmitter.dir/C_/Pico/pico-sdk/lib/tinyusb/src/common/tusb_fifo.c.obj
                0x10006a7c                tu_fifo_read_n
 .text.tu_fifo_write
                0x10006a86       0x64 CMakeFiles/transmitter.dir/C_/Pico/pico-sdk/lib/tinyusb/src/common/tusb_fifo.c.obj
                0x10006a86                tu_fifo_write
 .text.tu_fifo_write_n
                0x10006aea        0xa CMakeFiles/transmitter.dir/C_/Pico/pico-sdk/lib/tinyusb/src/common/tusb_fifo.c.obj
                0x10006aea                tu_fifo_write_n
 .text.tu_fifo_clear
                0x10006af4       0x3e CMakeFiles/transmitter.dir/C_/Pico/pico-sdk/lib/tinyusb/src/common/tusb_fifo.c.obj
                0x10006af4                tu_fifo_clear
 .text.tu_fifo_set_overwritable
                0x10006b32       0x46 CMakeFiles/transmitter.dir/C_/Pico/pico-sdk/lib/tinyusb/src/common/tusb_fifo.c.obj
                0x10006b32                tu_fifo_set_overwritable
 .text.spi_deinit
                0x10006b78       0x38 CMakeFiles/transmitter.dir/C_/Pico/pico-sdk/src/rp2_common/hardware_spi/spi.c.obj
                0x10006b78                spi_deinit
 .text.spi_set_baudrate
                0x10006bb0       0xb4 CMakeFiles/transmitter.dir/C_/Pico/pico-sdk/src/rp2_common/hardware_spi/spi.c.obj
                0x10006bb0                spi_set_baudrate
 .text.spi_init
                0x10006c64       0x8c CMakeFiles/transmitter.dir/C_/Pico/pico-sdk/src/rp2_common/hardware_spi/spi.c.obj
                0x10006c64                spi_init
 .text._ZN4RF243csnEb
                0x10006cf0       0x14 CMakeFiles/transmitter.dir/__/RF24/RF24.cpp.obj
                0x10006cf0                RF24::csn(bool)
 .text._ZN4RF242ceEb
                0x10006d04       0x14 CMakeFiles/transmitter.dir/__/RF24/RF24.cpp.obj
                0x10006d04                RF24::ce(bool)
 .text._ZN4RF2413read_registerEhPhh
                0x10006d18       0x86 CMakeFiles/transmitter.dir/__/RF24/RF24.cpp.obj
                0x10006d18                RF24::read_register(unsigned char, unsigned char*, unsigned char)
 .text._ZN4RF2413read_registerEh
                0x10006d9e       0x4a CMakeFiles/transmitter.dir/__/RF24/RF24.cpp.obj
                0x10006d9e                RF24::read_register(unsigned char)
 .text._ZN4RF2414write_registerEhPKhh
                0x10006de8       0x62 CMakeFiles/transmitter.dir/__/RF24/RF24.cpp.obj
                0x10006de8                RF24::write_register(unsigned char, unsigned char const*, unsigned char)
 .text._ZN4RF2414write_registerEhh
                0x10006e4a       0x4a CMakeFiles/transmitter.dir/__/RF24/RF24.cpp.obj
                0x10006e4a                RF24::write_register(unsigned char, unsigned char)
 .text._ZN4RF2413write_payloadEPKvhh
                0x10006e94       0xc0 CMakeFiles/transmitter.dir/__/RF24/RF24.cpp.obj
                0x10006e94                RF24::write_payload(void const*, unsigned char, unsigned char)
 .text._ZN4RF248flush_rxEv
                0x10006f54       0x14 CMakeFiles/transmitter.dir/__/RF24/RF24.cpp.obj
                0x10006f54                RF24::flush_rx()
 .text._ZN4RF248flush_txEv
                0x10006f68       0x14 CMakeFiles/transmitter.dir/__/RF24/RF24.cpp.obj
                0x10006f68                RF24::flush_tx()
 .text._ZN4RF2410get_statusEv
                0x10006f7c       0x14 CMakeFiles/transmitter.dir/__/RF24/RF24.cpp.obj
                0x10006f7c                RF24::get_status()
 .text._ZN4RF249_init_objEv
                0x10006f90       0x1c CMakeFiles/transmitter.dir/__/RF24/RF24.cpp.obj
                0x10006f90                RF24::_init_obj()
 .text._ZN4RF24C2Ehhm
                0x10006fac       0x36 CMakeFiles/transmitter.dir/__/RF24/RF24.cpp.obj
                0x10006fac                RF24::RF24(unsigned char, unsigned char, unsigned long)
                0x10006fac                RF24::RF24(unsigned char, unsigned char, unsigned long)
 .text._ZN4RF2410setChannelEh
                0x10006fe2       0x12 CMakeFiles/transmitter.dir/__/RF24/RF24.cpp.obj
                0x10006fe2                RF24::setChannel(unsigned char)
 .text._ZN4RF2414setPayloadSizeEh
                0x10006ff4       0x38 CMakeFiles/transmitter.dir/__/RF24/RF24.cpp.obj
                0x10006ff4                RF24::setPayloadSize(unsigned char)
 .text._ZN4RF247isValidEv
                0x1000702c       0x18 CMakeFiles/transmitter.dir/__/RF24/RF24.cpp.obj
                0x1000702c                RF24::isValid()
 .text._ZN4RF2410_init_pinsEv
                0x10007044       0x38 CMakeFiles/transmitter.dir/__/RF24/RF24.cpp.obj
                0x10007044                RF24::_init_pins()
 .text._ZN4RF2413stopListeningEv
                0x1000707c       0x50 CMakeFiles/transmitter.dir/__/RF24/RF24.cpp.obj
                0x1000707c                RF24::stopListening()
 .text._ZN4RF247powerUpEv
                0x100070cc       0x2c CMakeFiles/transmitter.dir/__/RF24/RF24.cpp.obj
                0x100070cc                RF24::powerUp()
 .text._ZN4RF249errNotifyEv
                0x100070f8        0x8 CMakeFiles/transmitter.dir/__/RF24/RF24.cpp.obj
                0x100070f8                RF24::errNotify()
 .text._ZN4RF2414startFastWriteEPKvhbb
                0x10007100       0x28 CMakeFiles/transmitter.dir/__/RF24/RF24.cpp.obj
                0x10007100                RF24::startFastWrite(void const*, unsigned char, bool, bool)
 .text._ZN4RF245writeEPKvhb
                0x10007128       0x94 CMakeFiles/transmitter.dir/__/RF24/RF24.cpp.obj
                0x10007128                RF24::write(void const*, unsigned char, bool)
 .text._ZN4RF245writeEPKvh
                0x100071bc        0xa CMakeFiles/transmitter.dir/__/RF24/RF24.cpp.obj
                0x100071bc                RF24::write(void const*, unsigned char)
 .text._ZN4RF2415openWritingPipeEPKh
                0x100071c6       0x20 CMakeFiles/transmitter.dir/__/RF24/RF24.cpp.obj
                0x100071c6                RF24::openWritingPipe(unsigned char const*)
 .text._ZN4RF2415setAddressWidthEh
                0x100071e6       0x30 CMakeFiles/transmitter.dir/__/RF24/RF24.cpp.obj
                0x100071e6                RF24::setAddressWidth(unsigned char)
 .text._ZN4RF2415toggle_featuresEv
                0x10007216       0x38 CMakeFiles/transmitter.dir/__/RF24/RF24.cpp.obj
                0x10007216                RF24::toggle_features()
 .text._ZN4RF2410setPALevelEhb
                0x1000724e       0x30 CMakeFiles/transmitter.dir/__/RF24/RF24.cpp.obj
                0x1000724e                RF24::setPALevel(unsigned char, bool)
 .text._ZN4RF2411setDataRateE15rf24_datarate_e
                0x1000727e       0x52 CMakeFiles/transmitter.dir/__/RF24/RF24.cpp.obj
                0x1000727e                RF24::setDataRate(rf24_datarate_e)
 .text._ZN4RF2410setRetriesEhh
                0x100072d0       0x24 CMakeFiles/transmitter.dir/__/RF24/RF24.cpp.obj
                0x100072d0                RF24::setRetries(unsigned char, unsigned char)
 .text._ZN4RF2411_init_radioEv
                0x100072f4       0xd8 CMakeFiles/transmitter.dir/__/RF24/RF24.cpp.obj
                0x100072f4                RF24::_init_radio()
 .text._ZN4RF245beginEP3SPI
                0x100073cc       0x18 CMakeFiles/transmitter.dir/__/RF24/RF24.cpp.obj
                0x100073cc                RF24::begin(SPI*)
 .text._ZN4GPIO4openEii
                0x100073e4       0x22 CMakeFiles/transmitter.dir/__/RF24/utility/rp2/gpio.cpp.obj
                0x100073e4                GPIO::open(int, int)
 .text._ZN4GPIO5writeEii
                0x10007406       0x18 CMakeFiles/transmitter.dir/__/RF24/utility/rp2/gpio.cpp.obj
                0x10007406                GPIO::write(int, int)
 *fill*         0x1000741e        0x2 
 .text._ZN3SPID2Ev
                0x10007420        0xc CMakeFiles/transmitter.dir/__/RF24/utility/rp2/spi.cpp.obj
                0x10007420                SPI::~SPI()
                0x10007420                SPI::~SPI()
 .text._ZN3SPID0Ev
                0x1000742c       0x14 CMakeFiles/transmitter.dir/__/RF24/utility/rp2/spi.cpp.obj
                0x1000742c                SPI::~SPI()
 .text._ZN3SPIC2Ev
                0x10007440        0xc CMakeFiles/transmitter.dir/__/RF24/utility/rp2/spi.cpp.obj
                0x10007440                SPI::SPI()
                0x10007440                SPI::SPI()
 .text._ZN3SPI5beginEP8spi_insthhh
                0x1000744c       0x24 CMakeFiles/transmitter.dir/__/RF24/utility/rp2/spi.cpp.obj
                0x1000744c                SPI::begin(spi_inst*, unsigned char, unsigned char, unsigned char)
 .text._ZN3SPI8transferEh
                0x10007470       0x24 CMakeFiles/transmitter.dir/__/RF24/utility/rp2/spi.cpp.obj
                0x10007470                SPI::transfer(unsigned char)
 .text._ZN3SPI10transfernbEPKhPhm
                0x10007494        0xa CMakeFiles/transmitter.dir/__/RF24/utility/rp2/spi.cpp.obj
                0x10007494                SPI::transfernb(unsigned char const*, unsigned char*, unsigned long)
 *fill*         0x1000749e        0x2 
 .text._ZN3SPI16beginTransactionEm
                0x100074a0       0x3c CMakeFiles/transmitter.dir/__/RF24/utility/rp2/spi.cpp.obj
                0x100074a0                SPI::beginTransaction(unsigned long)
 .text._ZN3SPI14endTransactionEv
                0x100074dc        0xa CMakeFiles/transmitter.dir/__/RF24/utility/rp2/spi.cpp.obj
                0x100074dc                SPI::endTransaction()
 *fill*         0x100074e6        0x2 
 .text.free     0x100074e8       0x14 c:/progra~2/gnuarm~1/102021~1.10/bin/../lib/gcc/arm-none-eabi/10.3.1/../../../../arm-none-eabi/lib/thumb/v6-m/nofp\libg.a(lib_a-malloc.o)
                0x100074e8                free
 .text.__malloc_lock
                0x100074fc       0x10 c:/progra~2/gnuarm~1/102021~1.10/bin/../lib/gcc/arm-none-eabi/10.3.1/../../../../arm-none-eabi/lib/thumb/v6-m/nofp\libg.a(lib_a-mlock.o)
                0x100074fc                __malloc_lock
 .text.__malloc_unlock
                0x1000750c       0x10 c:/progra~2/gnuarm~1/102021~1.10/bin/../lib/gcc/arm-none-eabi/10.3.1/../../../../arm-none-eabi/lib/thumb/v6-m/nofp\libg.a(lib_a-mlock.o)
                0x1000750c                __malloc_unlock
 .text._sbrk_r  0x1000751c       0x24 c:/progra~2/gnuarm~1/102021~1.10/bin/../lib/gcc/arm-none-eabi/10.3.1/../../../../arm-none-eabi/lib/thumb/v6-m/nofp\libg.a(lib_a-sbrkr.o)
                0x1000751c                _sbrk_r
 .text.strlen   0x10007540       0x5c c:/progra~2/gnuarm~1/102021~1.10/bin/../lib/gcc/arm-none-eabi/10.3.1/../../../../arm-none-eabi/lib/thumb/v6-m/nofp\libg.a(lib_a-strlen-stub.o)
                0x10007540                strlen
 .text.strncpy  0x1000759c       0x6c c:/progra~2/gnuarm~1/102021~1.10/bin/../lib/gcc/arm-none-eabi/10.3.1/../../../../arm-none-eabi/lib/thumb/v6-m/nofp\libg.a(lib_a-strncpy.o)
                0x1000759c                strncpy
 .text._malloc_trim_r
                0x10007608       0x9c c:/progra~2/gnuarm~1/102021~1.10/bin/../lib/gcc/arm-none-eabi/10.3.1/../../../../arm-none-eabi/lib/thumb/v6-m/nofp\libg.a(lib_a-freer.o)
                0x10007608                _malloc_trim_r
 .text._free_r  0x100076a4      0x1c4 c:/progra~2/gnuarm~1/102021~1.10/bin/../lib/gcc/arm-none-eabi/10.3.1/../../../../arm-none-eabi/lib/thumb/v6-m/nofp\libg.a(lib_a-freer.o)
                0x100076a4                _free_r
 .text.__retarget_lock_acquire_recursive
                0x10007868        0x4 c:/progra~2/gnuarm~1/102021~1.10/bin/../lib/gcc/arm-none-eabi/10.3.1/../../../../arm-none-eabi/lib/thumb/v6-m/nofp\libg.a(lib_a-lock.o)
                0x10007868                __retarget_lock_acquire_recursive
 .text.__retarget_lock_release_recursive
                0x1000786c        0x4 c:/progra~2/gnuarm~1/102021~1.10/bin/../lib/gcc/arm-none-eabi/10.3.1/../../../../arm-none-eabi/lib/thumb/v6-m/nofp\libg.a(lib_a-lock.o)
                0x1000786c                __retarget_lock_release_recursive
 *(.fini)
 .fini          0x10007870        0x4 c:/progra~2/gnuarm~1/102021~1.10/bin/../lib/gcc/arm-none-eabi/10.3.1/thumb/v6-m/nofp/crti.o
                0x10007870                _fini
 *fill*         0x10007874        0x4 
 .fini.__stub   0x10007878       0xe0 linker stubs
 *crtbegin.o(.ctors)
 *crtbegin?.o(.ctors)
 *(EXCLUDE_FILE(*crtend.o *crtend?.o) .ctors)
 *(SORT_BY_NAME(.ctors.*))
 *(.ctors)
 *crtbegin.o(.dtors)
 *crtbegin?.o(.dtors)
 *(EXCLUDE_FILE(*crtend.o *crtend?.o) .dtors)
 *(SORT_BY_NAME(.dtors.*))
 *(.dtors)
                0x10007958                . = ALIGN (0x4)
                0x10007958                PROVIDE (__preinit_array_start = .)
 *(SORT_BY_NAME(.preinit_array.*))
 .preinit_array.00100
                0x10007958        0x4 CMakeFiles/transmitter.dir/C_/Pico/pico-sdk/src/rp2_common/pico_runtime_init/runtime_init.c.obj
                0x10007958                __pre_init_runtime_init_early_resets
 .preinit_array.00101
                0x1000795c        0x4 CMakeFiles/transmitter.dir/C_/Pico/pico-sdk/src/rp2_common/pico_runtime_init/runtime_init.c.obj
                0x1000795c                __pre_init_runtime_init_usb_power_down
 .preinit_array.00275
                0x10007960        0x4 CMakeFiles/transmitter.dir/C_/Pico/pico-sdk/src/rp2_common/pico_bit_ops/bit_ops_aeabi.S.obj
 .preinit_array.00300
                0x10007964        0x4 CMakeFiles/transmitter.dir/C_/Pico/pico-sdk/src/rp2_common/pico_mem_ops/mem_ops_aeabi.S.obj
 .preinit_array.00350
                0x10007968        0x4 CMakeFiles/transmitter.dir/C_/Pico/pico-sdk/src/rp2_common/pico_double/double_aeabi_rp2040.S.obj
 .preinit_array.00350
                0x1000796c        0x4 CMakeFiles/transmitter.dir/C_/Pico/pico-sdk/src/rp2_common/pico_float/float_aeabi_rp2040.S.obj
 .preinit_array.00500
                0x10007970        0x4 CMakeFiles/transmitter.dir/C_/Pico/pico-sdk/src/rp2_common/pico_runtime_init/runtime_init.c.obj
                0x10007970                __pre_init_runtime_init_clocks
 .preinit_array.00600
                0x10007974        0x4 CMakeFiles/transmitter.dir/C_/Pico/pico-sdk/src/rp2_common/pico_runtime_init/runtime_init.c.obj
                0x10007974                __pre_init_runtime_init_post_clock_resets
 .preinit_array.00700
                0x10007978        0x4 CMakeFiles/transmitter.dir/C_/Pico/pico-sdk/src/rp2_common/pico_runtime_init/runtime_init.c.obj
                0x10007978                __pre_init_runtime_init_rp2040_gpio_ie_disable
 .preinit_array.01000
                0x1000797c        0x4 CMakeFiles/transmitter.dir/C_/Pico/pico-sdk/src/rp2_common/pico_runtime_init/runtime_init.c.obj
                0x1000797c                __pre_init_runtime_init_spin_locks_reset
 .preinit_array.01100
                0x10007980        0x4 CMakeFiles/transmitter.dir/C_/Pico/pico-sdk/src/common/pico_sync/mutex.c.obj
                0x10007980                __pre_init_runtime_init_mutex
 .preinit_array.10080
                0x10007984        0x4 CMakeFiles/transmitter.dir/C_/Pico/pico-sdk/src/rp2_common/pico_runtime_init/runtime_init.c.obj
                0x10007984                __pre_init_runtime_init_install_ram_vector_table
 .preinit_array.11000
                0x10007988        0x4 CMakeFiles/transmitter.dir/C_/Pico/pico-sdk/src/common/pico_time/time.c.obj
                0x10007988                __pre_init_runtime_init_default_alarm_pool
 .preinit_array.YYYYY
                0x1000798c        0x4 CMakeFiles/transmitter.dir/C_/Pico/pico-sdk/src/rp2_common/pico_runtime/runtime.c.obj
                0x1000798c                __pre_init_first_per_core_initializer
 .preinit_array.ZZZZZ.01200
                0x10007990        0x4 CMakeFiles/transmitter.dir/C_/Pico/pico-sdk/src/rp2_common/hardware_irq/irq.c.obj
                0x10007990                __pre_init_runtime_init_per_core_irq_priorities
 *(.preinit_array)
                0x10007994                PROVIDE (__preinit_array_end = .)
                0x10007994                . = ALIGN (0x4)
                0x10007994                PROVIDE (__init_array_start = .)
 *(SORT_BY_NAME(.init_array.*))
 *(.init_array)
 .init_array    0x10007994        0x4 c:/progra~2/gnuarm~1/102021~1.10/bin/../lib/gcc/arm-none-eabi/10.3.1/thumb/v6-m/nofp/crtbegin.o
 .init_array    0x10007998        0x4 CMakeFiles/transmitter.dir/transmitter.cpp.obj
 .init_array    0x1000799c        0x4 CMakeFiles/transmitter.dir/C_/Pico/pico-sdk/src/rp2_common/pico_unique_id/unique_id.c.obj
                0x100079a0                PROVIDE (__init_array_end = .)
                0x100079a0                . = ALIGN (0x4)
                [!provide]                PROVIDE (__fini_array_start = .)
 *(SORT_BY_NAME(.fini_array.*))
 *(.fini_array)
                [!provide]                PROVIDE (__fini_array_end = .)
 *(.eh_frame*)
 .eh_frame      0x100079a0        0x0 c:/progra~2/gnuarm~1/102021~1.10/bin/../lib/gcc/arm-none-eabi/10.3.1/thumb/v6-m/nofp/crtbegin.o
                0x100079a0                . = ALIGN (0x4)

.glue_7         0x100079a0        0x0
 .glue_7        0x100079a0        0x0 linker stubs

.glue_7t        0x100079a0        0x0
 .glue_7t       0x100079a0        0x0 linker stubs

.vfp11_veneer   0x100079a0        0x0
 .vfp11_veneer  0x100079a0        0x0 linker stubs

.v4_bx          0x100079a0        0x0
 .v4_bx         0x100079a0        0x0 linker stubs

.iplt           0x100079a0        0x0
 .iplt          0x100079a0        0x0 c:/progra~2/gnuarm~1/102021~1.10/bin/../lib/gcc/arm-none-eabi/10.3.1/thumb/v6-m/nofp/crtbegin.o

.rodata         0x100079a0     0x13b8
 *(EXCLUDE_FILE(*libm.a: *libc.a:*lib_a-mem*.o *libgcc.a:) .rodata*)
 .rodata._Z9send_datav.str1.4
                0x100079a0       0x40 CMakeFiles/transmitter.dir/transmitter.cpp.obj
 .rodata.main.str1.4
                0x100079e0        0x6 CMakeFiles/transmitter.dir/transmitter.cpp.obj
 *fill*         0x100079e6        0x2 
 .rodata        0x100079e8        0xc CMakeFiles/transmitter.dir/transmitter.cpp.obj
 .rodata.rp2040_chip_version.str1.4
                0x100079f4       0x6d CMakeFiles/transmitter.dir/C_/Pico/pico-sdk/src/rp2040/pico_platform/platform.c.obj
 *fill*         0x10007a61        0x3 
 .rodata.__func__.0
                0x10007a64       0x14 CMakeFiles/transmitter.dir/C_/Pico/pico-sdk/src/rp2040/pico_platform/platform.c.obj
 .rodata.panic.str1.4
                0x10007a78       0x10 CMakeFiles/transmitter.dir/C_/Pico/pico-sdk/src/rp2_common/pico_platform_panic/panic.c.obj
                                 0x12 (size before relaxing)
 .rodata.spin_lock_claim_unused.str1.4
                0x10007a88       0x1b CMakeFiles/transmitter.dir/C_/Pico/pico-sdk/src/rp2_common/hardware_sync/sync.c.obj
 *fill*         0x10007aa3        0x1 
 .rodata.make_j_16.str1.4
                0x10007aa4       0x63 CMakeFiles/transmitter.dir/C_/Pico/pico-sdk/src/rp2_common/hardware_irq/irq.c.obj
 *fill*         0x10007b07        0x1 
 .rodata.irq_set_exclusive_handler.str1.4
                0x10007b08       0x36 CMakeFiles/transmitter.dir/C_/Pico/pico-sdk/src/rp2_common/hardware_irq/irq.c.obj
 *fill*         0x10007b3e        0x2 
 .rodata.irq_add_shared_handler.str1.4
                0x10007b40       0xe9 CMakeFiles/transmitter.dir/C_/Pico/pico-sdk/src/rp2_common/hardware_irq/irq.c.obj
 *fill*         0x10007c29        0x3 
 .rodata.irq_add_tail_to_free_list.str1.4
                0x10007c2c       0x3a CMakeFiles/transmitter.dir/C_/Pico/pico-sdk/src/rp2_common/hardware_irq/irq.c.obj
 *fill*         0x10007c66        0x2 
 .rodata.user_irq_claim_unused.str1.4
                0x10007c68       0x1b CMakeFiles/transmitter.dir/C_/Pico/pico-sdk/src/rp2_common/hardware_irq/irq.c.obj
 *fill*         0x10007c83        0x1 
 .rodata.__func__.0
                0x10007c84       0x1a CMakeFiles/transmitter.dir/C_/Pico/pico-sdk/src/rp2_common/hardware_irq/irq.c.obj
 *fill*         0x10007c9e        0x2 
 .rodata.__func__.3
                0x10007ca0        0xa CMakeFiles/transmitter.dir/C_/Pico/pico-sdk/src/rp2_common/hardware_irq/irq.c.obj
 *fill*         0x10007caa        0x2 
 .rodata.__func__.4
                0x10007cac        0xd CMakeFiles/transmitter.dir/C_/Pico/pico-sdk/src/rp2_common/hardware_irq/irq.c.obj
 *fill*         0x10007cb9        0x3 
 .rodata.__func__.5
                0x10007cbc       0x17 CMakeFiles/transmitter.dir/C_/Pico/pico-sdk/src/rp2_common/hardware_irq/irq.c.obj
 *fill*         0x10007cd3        0x1 
 .rodata.__func__.6
                0x10007cd4       0x1a CMakeFiles/transmitter.dir/C_/Pico/pico-sdk/src/rp2_common/hardware_irq/irq.c.obj
 *fill*         0x10007cee        0x2 
 .rodata.runtime_init_mutex.str1.4
                0x10007cf0       0x4e CMakeFiles/transmitter.dir/C_/Pico/pico-sdk/src/common/pico_sync/mutex.c.obj
 *fill*         0x10007d3e        0x2 
 .rodata.str1.4
                0x10007d40       0x51 CMakeFiles/transmitter.dir/C_/Pico/pico-sdk/src/common/pico_sync/mutex.c.obj
 *fill*         0x10007d91        0x3 
 .rodata.__func__.1
                0x10007d94        0xb CMakeFiles/transmitter.dir/C_/Pico/pico-sdk/src/common/pico_sync/mutex.c.obj
 *fill*         0x10007d9f        0x1 
 .rodata.__func__.3
                0x10007da0       0x18 CMakeFiles/transmitter.dir/C_/Pico/pico-sdk/src/common/pico_sync/mutex.c.obj
 .rodata.__func__.6
                0x10007db8       0x13 CMakeFiles/transmitter.dir/C_/Pico/pico-sdk/src/common/pico_sync/mutex.c.obj
 *fill*         0x10007dcb        0x1 
 .rodata.alarm_pool_irq_handler.str1.4
                0x10007dcc       0x59 CMakeFiles/transmitter.dir/C_/Pico/pico-sdk/src/common/pico_time/time.c.obj
 *fill*         0x10007e25        0x3 
 .rodata.alarm_pool_get_default.str1.4
                0x10007e28       0x21 CMakeFiles/transmitter.dir/C_/Pico/pico-sdk/src/common/pico_time/time.c.obj
 *fill*         0x10007e49        0x3 
 .rodata.sleep_until.str1.4
                0x10007e4c       0x4d CMakeFiles/transmitter.dir/C_/Pico/pico-sdk/src/common/pico_time/time.c.obj
 *fill*         0x10007e99        0x3 
 .rodata.__func__.1
                0x10007e9c       0x17 CMakeFiles/transmitter.dir/C_/Pico/pico-sdk/src/common/pico_time/time.c.obj
 *fill*         0x10007eb3        0x1 
 .rodata.__func__.2
                0x10007eb4       0x17 CMakeFiles/transmitter.dir/C_/Pico/pico-sdk/src/common/pico_time/time.c.obj
 *fill*         0x10007ecb        0x1 
 .rodata.timer_hardware_alarm_claim.str1.4
                0x10007ecc       0x22 CMakeFiles/transmitter.dir/C_/Pico/pico-sdk/src/rp2_common/hardware_timer/timer.c.obj
 *fill*         0x10007eee        0x2 
 .rodata.pll_init.str1.4
                0x10007ef0      0x108 CMakeFiles/transmitter.dir/C_/Pico/pico-sdk/src/rp2_common/hardware_pll/pll.c.obj
 .rodata.__func__.0
                0x10007ff8        0x9 CMakeFiles/transmitter.dir/C_/Pico/pico-sdk/src/rp2_common/hardware_pll/pll.c.obj
 *fill*         0x10008001        0x3 
 .rodata.__aeabi_double_init.str1.4
                0x10008004       0x89 CMakeFiles/transmitter.dir/C_/Pico/pico-sdk/src/rp2_common/pico_double/double_init_rom_rp2040.c.obj
 *fill*         0x1000808d        0x3 
 .rodata.__func__.0
                0x10008090       0x14 CMakeFiles/transmitter.dir/C_/Pico/pico-sdk/src/rp2_common/pico_double/double_init_rom_rp2040.c.obj
 .rodata.__aeabi_float_init.str1.4
                0x100080a4       0x77 CMakeFiles/transmitter.dir/C_/Pico/pico-sdk/src/rp2_common/pico_float/float_init_rom_rp2040.c.obj
                                 0x7b (size before relaxing)
 *fill*         0x1000811b        0x1 
 .rodata.__func__.0
                0x1000811c       0x13 CMakeFiles/transmitter.dir/C_/Pico/pico-sdk/src/rp2_common/pico_float/float_init_rom_rp2040.c.obj
 *fill*         0x1000812f        0x1 
 .rodata.str1.4
                0x10008130       0x40 CMakeFiles/transmitter.dir/C_/Pico/pico-sdk/src/rp2_common/pico_standard_binary_info/standard_binary_info.c.obj
 .rodata.__bi_26
                0x10008170        0xc CMakeFiles/transmitter.dir/C_/Pico/pico-sdk/src/rp2_common/pico_standard_binary_info/standard_binary_info.c.obj
 .rodata.__bi_34
                0x1000817c        0xc CMakeFiles/transmitter.dir/C_/Pico/pico-sdk/src/rp2_common/pico_standard_binary_info/standard_binary_info.c.obj
 .rodata.__bi_42
                0x10008188        0xc CMakeFiles/transmitter.dir/C_/Pico/pico-sdk/src/rp2_common/pico_standard_binary_info/standard_binary_info.c.obj
 .rodata.__bi_48
                0x10008194        0xc CMakeFiles/transmitter.dir/C_/Pico/pico-sdk/src/rp2_common/pico_standard_binary_info/standard_binary_info.c.obj
 .rodata.__bi_54
                0x100081a0        0xc CMakeFiles/transmitter.dir/C_/Pico/pico-sdk/src/rp2_common/pico_standard_binary_info/standard_binary_info.c.obj
 .rodata.__bi_78
                0x100081ac        0xc CMakeFiles/transmitter.dir/C_/Pico/pico-sdk/src/rp2_common/pico_standard_binary_info/standard_binary_info.c.obj
 .rodata.__bi_84
                0x100081b8        0xc CMakeFiles/transmitter.dir/C_/Pico/pico-sdk/src/rp2_common/pico_standard_binary_info/standard_binary_info.c.obj
 .rodata._ftoa.str1.4
                0x100081c4       0x15 CMakeFiles/transmitter.dir/C_/Pico/pico-sdk/src/rp2_common/pico_printf/printf.c.obj
 *fill*         0x100081d9        0x3 
 .rodata._vsnprintf
                0x100081dc      0x1e0 CMakeFiles/transmitter.dir/C_/Pico/pico-sdk/src/rp2_common/pico_printf/printf.c.obj
 *fill*         0x100083bc        0x4 
 .rodata.pow10.0
                0x100083c0       0x50 CMakeFiles/transmitter.dir/C_/Pico/pico-sdk/src/rp2_common/pico_printf/printf.c.obj
 .rodata.__assert_func.str1.4
                0x10008410       0x3f CMakeFiles/transmitter.dir/C_/Pico/pico-sdk/src/rp2_common/pico_clib_interface/newlib_interface.c.obj
                                 0x43 (size before relaxing)
 *fill*         0x1000844f        0x1 
 .rodata.crlf_str.0
                0x10008450        0x2 CMakeFiles/transmitter.dir/C_/Pico/pico-sdk/src/rp2_common/pico_stdio/stdio.c.obj
 *fill*         0x10008452        0x2 
 .rodata._resetd_driver
                0x10008454       0x20 CMakeFiles/transmitter.dir/C_/Pico/pico-sdk/src/rp2_common/pico_stdio_usb/reset_interface.c.obj
 .rodata.desc_bos
                0x10008474       0x21 CMakeFiles/transmitter.dir/C_/Pico/pico-sdk/src/rp2_common/pico_stdio_usb/reset_interface.c.obj
                0x10008474                desc_bos
 *fill*         0x10008495        0x3 
 .rodata.desc_ms_os_20
                0x10008498       0xa6 CMakeFiles/transmitter.dir/C_/Pico/pico-sdk/src/rp2_common/pico_stdio_usb/reset_interface.c.obj
 *fill*         0x1000853e        0x2 
 .rodata.stdio_usb_init.str1.4
                0x10008540       0x43 CMakeFiles/transmitter.dir/C_/Pico/pico-sdk/src/rp2_common/pico_stdio_usb/stdio_usb.c.obj
 *fill*         0x10008583        0x1 
 .rodata.str1.4
                0x10008584       0x13 CMakeFiles/transmitter.dir/C_/Pico/pico-sdk/src/rp2_common/pico_stdio_usb/stdio_usb.c.obj
 *fill*         0x10008597        0x1 
 .rodata.__bi_197.1
                0x10008598        0xc CMakeFiles/transmitter.dir/C_/Pico/pico-sdk/src/rp2_common/pico_stdio_usb/stdio_usb.c.obj
 .rodata.__func__.2
                0x100085a4        0xf CMakeFiles/transmitter.dir/C_/Pico/pico-sdk/src/rp2_common/pico_stdio_usb/stdio_usb.c.obj
 *fill*         0x100085b3        0x1 
 .rodata.str1.4
                0x100085b4       0x2a CMakeFiles/transmitter.dir/C_/Pico/pico-sdk/src/rp2_common/pico_stdio_usb/stdio_usb_descriptors.c.obj
 *fill*         0x100085de        0x2 
 .rodata.usbd_desc_cfg
                0x100085e0       0x54 CMakeFiles/transmitter.dir/C_/Pico/pico-sdk/src/rp2_common/pico_stdio_usb/stdio_usb_descriptors.c.obj
 .rodata.usbd_desc_device
                0x10008634       0x12 CMakeFiles/transmitter.dir/C_/Pico/pico-sdk/src/rp2_common/pico_stdio_usb/stdio_usb_descriptors.c.obj
 *fill*         0x10008646        0x2 
 .rodata.usbd_desc_str
                0x10008648       0x18 CMakeFiles/transmitter.dir/C_/Pico/pico-sdk/src/rp2_common/pico_stdio_usb/stdio_usb_descriptors.c.obj
 .rodata.pico_get_unique_board_id_string.str1.4
                0x10008660       0x43 CMakeFiles/transmitter.dir/C_/Pico/pico-sdk/src/rp2_common/pico_unique_id/unique_id.c.obj
 *fill*         0x100086a3        0x1 
 .rodata.__func__.0
                0x100086a4       0x20 CMakeFiles/transmitter.dir/C_/Pico/pico-sdk/src/rp2_common/pico_unique_id/unique_id.c.obj
 .rodata.str1.4
                0x100086c4      0x185 CMakeFiles/transmitter.dir/C_/Pico/pico-sdk/src/rp2_common/hardware_flash/flash.c.obj
 *fill*         0x10008849        0x3 
 .rodata.__func__.0
                0x1000884c        0xd CMakeFiles/transmitter.dir/C_/Pico/pico-sdk/src/rp2_common/hardware_flash/flash.c.obj
 *fill*         0x10008859        0x3 
 .rodata._hw_endpoint_alloc.str1.4
                0x1000885c       0xad CMakeFiles/transmitter.dir/C_/Pico/pico-sdk/lib/tinyusb/src/portable/raspberrypi/rp2040/dcd_rp2040.c.obj
 *fill*         0x10008909        0x3 
 .rodata.str1.4
                0x1000890c       0x14 CMakeFiles/transmitter.dir/C_/Pico/pico-sdk/lib/tinyusb/src/portable/raspberrypi/rp2040/dcd_rp2040.c.obj
 .rodata.dcd_int_enable.str1.4
                0x10008920        0xc CMakeFiles/transmitter.dir/C_/Pico/pico-sdk/lib/tinyusb/src/portable/raspberrypi/rp2040/dcd_rp2040.c.obj
 .rodata.__func__.0
                0x1000892c        0xe CMakeFiles/transmitter.dir/C_/Pico/pico-sdk/lib/tinyusb/src/portable/raspberrypi/rp2040/dcd_rp2040.c.obj
 *fill*         0x1000893a        0x2 
 .rodata.__func__.1
                0x1000893c        0xe CMakeFiles/transmitter.dir/C_/Pico/pico-sdk/lib/tinyusb/src/portable/raspberrypi/rp2040/dcd_rp2040.c.obj
 *fill*         0x1000894a        0x2 
 .rodata.__func__.3
                0x1000894c       0x10 CMakeFiles/transmitter.dir/C_/Pico/pico-sdk/lib/tinyusb/src/portable/raspberrypi/rp2040/dcd_rp2040.c.obj
 .rodata.__func__.5
                0x1000895c        0xf CMakeFiles/transmitter.dir/C_/Pico/pico-sdk/lib/tinyusb/src/portable/raspberrypi/rp2040/dcd_rp2040.c.obj
 *fill*         0x1000896b        0x1 
 .rodata.__func__.6
                0x1000896c       0x13 CMakeFiles/transmitter.dir/C_/Pico/pico-sdk/lib/tinyusb/src/portable/raspberrypi/rp2040/dcd_rp2040.c.obj
 *fill*         0x1000897f        0x1 
 .rodata.__func__.7
                0x10008980        0x9 CMakeFiles/transmitter.dir/C_/Pico/pico-sdk/lib/tinyusb/src/portable/raspberrypi/rp2040/dcd_rp2040.c.obj
 *fill*         0x10008989        0x3 
 .rodata.str1.4
                0x1000898c       0xd4 CMakeFiles/transmitter.dir/C_/Pico/pico-sdk/lib/tinyusb/src/portable/raspberrypi/rp2040/rp2040_usb.c.obj
 .rodata.hw_endpoint_xfer_start.str1.4
                0x10008a60       0x38 CMakeFiles/transmitter.dir/C_/Pico/pico-sdk/lib/tinyusb/src/portable/raspberrypi/rp2040/rp2040_usb.c.obj
 .rodata.__func__.0
                0x10008a98        0xf CMakeFiles/transmitter.dir/C_/Pico/pico-sdk/lib/tinyusb/src/portable/raspberrypi/rp2040/rp2040_usb.c.obj
 *fill*         0x10008aa7        0x1 
 .rodata.configuration_reset.str1.4
                0x10008aa8       0x17 CMakeFiles/transmitter.dir/C_/Pico/pico-sdk/lib/tinyusb/src/device/usbd.c.obj
 *fill*         0x10008abf        0x1 
 .rodata.process_get_descriptor
                0x10008ac0       0x40 CMakeFiles/transmitter.dir/C_/Pico/pico-sdk/lib/tinyusb/src/device/usbd.c.obj
 .rodata        0x10008b00       0x1c CMakeFiles/transmitter.dir/C_/Pico/pico-sdk/lib/tinyusb/src/device/usbd.c.obj
 .rodata.process_control_request
                0x10008b1c       0x28 CMakeFiles/transmitter.dir/C_/Pico/pico-sdk/lib/tinyusb/src/device/usbd.c.obj
 .rodata.tud_task_ext
                0x10008b44       0x24 CMakeFiles/transmitter.dir/C_/Pico/pico-sdk/lib/tinyusb/src/device/usbd.c.obj
 .rodata.__func__.1
                0x10008b68        0xf CMakeFiles/transmitter.dir/C_/Pico/pico-sdk/lib/tinyusb/src/device/usbd.c.obj
 *fill*         0x10008b77        0x1 
 .rodata.__func__.10
                0x10008b78        0x9 CMakeFiles/transmitter.dir/C_/Pico/pico-sdk/lib/tinyusb/src/device/usbd.c.obj
 *fill*         0x10008b81        0x3 
 .rodata.__func__.2
                0x10008b84        0xf CMakeFiles/transmitter.dir/C_/Pico/pico-sdk/lib/tinyusb/src/device/usbd.c.obj
 *fill*         0x10008b93        0x1 
 .rodata.__func__.3
                0x10008b94       0x14 CMakeFiles/transmitter.dir/C_/Pico/pico-sdk/lib/tinyusb/src/device/usbd.c.obj
 .rodata.__func__.4
                0x10008ba8        0xc CMakeFiles/transmitter.dir/C_/Pico/pico-sdk/lib/tinyusb/src/device/usbd.c.obj
 .rodata.__func__.5
                0x10008bb4       0x17 CMakeFiles/transmitter.dir/C_/Pico/pico-sdk/lib/tinyusb/src/device/usbd.c.obj
 *fill*         0x10008bcb        0x1 
 .rodata.__func__.6
                0x10008bcc       0x13 CMakeFiles/transmitter.dir/C_/Pico/pico-sdk/lib/tinyusb/src/device/usbd.c.obj
 *fill*         0x10008bdf        0x1 
 .rodata.__func__.7
                0x10008be0       0x18 CMakeFiles/transmitter.dir/C_/Pico/pico-sdk/lib/tinyusb/src/device/usbd.c.obj
 .rodata.__func__.8
                0x10008bf8       0x14 CMakeFiles/transmitter.dir/C_/Pico/pico-sdk/lib/tinyusb/src/device/usbd.c.obj
 .rodata.__func__.9
                0x10008c0c        0xd CMakeFiles/transmitter.dir/C_/Pico/pico-sdk/lib/tinyusb/src/device/usbd.c.obj
 *fill*         0x10008c19        0x3 
 .rodata._usbd_driver
                0x10008c1c       0x40 CMakeFiles/transmitter.dir/C_/Pico/pico-sdk/lib/tinyusb/src/device/usbd.c.obj
 .rodata.tud_control_xfer.str1.4
                0x10008c5c       0x17 CMakeFiles/transmitter.dir/C_/Pico/pico-sdk/lib/tinyusb/src/device/usbd_control.c.obj
 .rodata.__func__.0
                0x10008c5c       0x15 CMakeFiles/transmitter.dir/C_/Pico/pico-sdk/lib/tinyusb/src/device/usbd_control.c.obj
 *fill*         0x10008c71        0x3 
 .rodata.__func__.1