Archive member included to satisfy reference by file (symbol)

c:/progra~2/gnuarm~1/102021~1.10/bin/../lib/gcc/arm-none-eabi/10.3.1/thumb/v6-m/nofp\libgcc.a(_dvmd_tls.o)
                              CMakeFiles/reciver.dir/C_/Pico/pico-sdk/src/rp2_common/pico_divider/divider_hardware.S.obj (__aeabi_idiv0)
c:/progra~2/gnuarm~1/102021~1.10/bin/../lib/gcc/arm-none-eabi/10.3.1/../../../../arm-none-eabi/lib/thumb/v6-m/nofp\libg.a(lib_a-calloc.o)
                              CMakeFiles/reciver.dir/C_/Pico/pico-sdk/src/rp2_common/pico_malloc/malloc.c.obj (calloc)
c:/progra~2/gnuarm~1/102021~1.10/bin/../lib/gcc/arm-none-eabi/10.3.1/../../../../arm-none-eabi/lib/thumb/v6-m/nofp\libg.a(lib_a-callocr.o)
                              c:/progra~2/gnuarm~1/102021~1.10/bin/../lib/gcc/arm-none-eabi/10.3.1/../../../../arm-none-eabi/lib/thumb/v6-m/nofp\libg.a(lib_a-calloc.o) (_calloc_r)
c:/progra~2/gnuarm~1/102021~1.10/bin/../lib/gcc/arm-none-eabi/10.3.1/../../../../arm-none-eabi/lib/thumb/v6-m/nofp\libg.a(lib_a-ctype_.o)
                              CMakeFiles/reciver.dir/C_/Pico/pico-sdk/lib/tinyusb/src/tusb.c.obj (_ctype_)
c:/progra~2/gnuarm~1/102021~1.10/bin/../lib/gcc/arm-none-eabi/10.3.1/../../../../arm-none-eabi/lib/thumb/v6-m/nofp\libg.a(lib_a-errno.o)
                              c:/progra~2/gnuarm~1/102021~1.10/bin/../lib/gcc/arm-none-eabi/10.3.1/../../../../arm-none-eabi/lib/thumb/v6-m/nofp\libg.a(lib_a-callocr.o) (__errno)
c:/progra~2/gnuarm~1/102021~1.10/bin/../lib/gcc/arm-none-eabi/10.3.1/../../../../arm-none-eabi/lib/thumb/v6-m/nofp\libg.a(lib_a-impure.o)
                              c:/progra~2/gnuarm~1/102021~1.10/bin/../lib/gcc/arm-none-eabi/10.3.1/../../../../arm-none-eabi/lib/thumb/v6-m/nofp\libg.a(lib_a-calloc.o) (_impure_ptr)
c:/progra~2/gnuarm~1/102021~1.10/bin/../lib/gcc/arm-none-eabi/10.3.1/../../../../arm-none-eabi/lib/thumb/v6-m/nofp\libg.a(lib_a-init.o)
                              c:/progra~2/gnuarm~1/102021~1.10/bin/../lib/gcc/arm-none-eabi/10.3.1/../../../../arm-none-eabi/lib/thumb/v6-m/nofp/crt0.o (__libc_init_array)
c:/progra~2/gnuarm~1/102021~1.10/bin/../lib/gcc/arm-none-eabi/10.3.1/../../../../arm-none-eabi/lib/thumb/v6-m/nofp\libg.a(lib_a-lcltime_r.o)
                              CMakeFiles/reciver.dir/C_/Pico/pico-sdk/src/common/pico_util/datetime.c.obj (localtime_r)
c:/progra~2/gnuarm~1/102021~1.10/bin/../lib/gcc/arm-none-eabi/10.3.1/../../../../arm-none-eabi/lib/thumb/v6-m/nofp\libg.a(lib_a-malloc.o)
                              CMakeFiles/reciver.dir/C_/Pico/pico-sdk/src/rp2_common/pico_malloc/malloc.c.obj (malloc)
c:/progra~2/gnuarm~1/102021~1.10/bin/../lib/gcc/arm-none-eabi/10.3.1/../../../../arm-none-eabi/lib/thumb/v6-m/nofp\libg.a(lib_a-mallocr.o)
                              c:/progra~2/gnuarm~1/102021~1.10/bin/../lib/gcc/arm-none-eabi/10.3.1/../../../../arm-none-eabi/lib/thumb/v6-m/nofp\libg.a(lib_a-callocr.o) (_malloc_r)
c:/progra~2/gnuarm~1/102021~1.10/bin/../lib/gcc/arm-none-eabi/10.3.1/../../../../arm-none-eabi/lib/thumb/v6-m/nofp\libg.a(lib_a-memcmp.o)
                              CMakeFiles/reciver.dir/C_/Pico/pico-sdk/src/rp2_common/pico_atomic/atomic.c.obj (memcmp)
c:/progra~2/gnuarm~1/102021~1.10/bin/../lib/gcc/arm-none-eabi/10.3.1/../../../../arm-none-eabi/lib/thumb/v6-m/nofp\libg.a(lib_a-mktime.o)
                              CMakeFiles/reciver.dir/C_/Pico/pico-sdk/src/common/pico_util/datetime.c.obj (mktime)
c:/progra~2/gnuarm~1/102021~1.10/bin/../lib/gcc/arm-none-eabi/10.3.1/../../../../arm-none-eabi/lib/thumb/v6-m/nofp\libg.a(lib_a-mlock.o)
                              c:/progra~2/gnuarm~1/102021~1.10/bin/../lib/gcc/arm-none-eabi/10.3.1/../../../../arm-none-eabi/lib/thumb/v6-m/nofp\libg.a(lib_a-mallocr.o) (__malloc_lock)
c:/progra~2/gnuarm~1/102021~1.10/bin/../lib/gcc/arm-none-eabi/10.3.1/../../../../arm-none-eabi/lib/thumb/v6-m/nofp\libg.a(lib_a-month_lengths.o)
                              c:/progra~2/gnuarm~1/102021~1.10/bin/../lib/gcc/arm-none-eabi/10.3.1/../../../../arm-none-eabi/lib/thumb/v6-m/nofp\libg.a(lib_a-lcltime_r.o) (__month_lengths)
c:/progra~2/gnuarm~1/102021~1.10/bin/../lib/gcc/arm-none-eabi/10.3.1/../../../../arm-none-eabi/lib/thumb/v6-m/nofp\libg.a(lib_a-realloc.o)
                              CMakeFiles/reciver.dir/C_/Pico/pico-sdk/src/rp2_common/pico_malloc/malloc.c.obj (realloc)
c:/progra~2/gnuarm~1/102021~1.10/bin/../lib/gcc/arm-none-eabi/10.3.1/../../../../arm-none-eabi/lib/thumb/v6-m/nofp\libg.a(lib_a-reallocr.o)
                              c:/progra~2/gnuarm~1/102021~1.10/bin/../lib/gcc/arm-none-eabi/10.3.1/../../../../arm-none-eabi/lib/thumb/v6-m/nofp\libg.a(lib_a-realloc.o) (_realloc_r)
c:/progra~2/gnuarm~1/102021~1.10/bin/../lib/gcc/arm-none-eabi/10.3.1/../../../../arm-none-eabi/lib/thumb/v6-m/nofp\libg.a(lib_a-sbrkr.o)
                              c:/progra~2/gnuarm~1/102021~1.10/bin/../lib/gcc/arm-none-eabi/10.3.1/../../../../arm-none-eabi/lib/thumb/v6-m/nofp\libg.a(lib_a-mallocr.o) (_sbrk_r)
[...]
Memory Configuration

Name             Origin             Length             Attributes
FLASH            0x10000000         0x00200000         xr
RAM              0x20000000         0x00040000         xrw
SCRATCH_X        0x20040000         0x00001000         xrw
SCRATCH_Y        0x20041000         0x00001000         xrw
*default*        0x00000000         0xffffffff

Linker script and memory map

LOAD c:/progra~2/gnuarm~1/102021~1.10/bin/../lib/gcc/arm-none-eabi/10.3.1/thumb/v6-m/nofp/crti.o
LOAD c:/progra~2/gnuarm~1/102021~1.10/bin/../lib/gcc/arm-none-eabi/10.3.1/thumb/v6-m/nofp/crtbegin.o
LOAD c:/progra~2/gnuarm~1/102021~1.10/bin/../lib/gcc/arm-none-eabi/10.3.1/../../../../arm-none-eabi/lib/thumb/v6-m/nofp/crt0.o

.flash_begin    0x10000000        0x0
                0x10000000                __flash_binary_start = .

.boot2          0x10000000      0x100
                0x10000000                __boot2_start__ = .
 *(.boot2)
 .boot2         0x10000000      0x100 ..\pico-sdk\src\rp2040\boot_stage2\CMakeFiles\bs2_default_library.dir\bs2_default_padded_checksummed.S.obj
                0x10000100                __boot2_end__ = .
                0x00000001                ASSERT (((__boot2_end__ - __boot2_start__) == 0x100), ERROR: Pico second stage bootloader must be 256 bytes in size)

.text           0x10000100     0x7568
                0x10000100                __logical_binary_start = .
 *(.vectors)
 .vectors       0x10000100       0xd4 CMakeFiles/reciver.dir/C_/Pico/pico-sdk/src/rp2_common/pico_crt0/crt0.S.obj
                0x10000100                __VECTOR_TABLE
                0x10000100                __vectors
                0x100001c0                isr_invalid
                0x100001c0                __default_isrs_start
                0x100001c2                isr_nmi
                0x100001c4                isr_hardfault
                0x100001c6                isr_svcall
                0x100001c8                isr_pendsv
                0x100001ca                isr_systick
                0x100001cc                isr_irq23
                0x100001cc                isr_irq18
                0x100001cc                isr_irq11
                0x100001cc                isr_irq28
                0x100001cc                isr_irq19
                0x100001cc                isr_irq0
                0x100001cc                isr_irq6
                0x100001cc                isr_irq5
                0x100001cc                isr_irq12
                0x100001cc                isr_irq22
                0x100001cc                isr_irq31
                0x100001cc                isr_irq17
                0x100001cc                isr_irq27
                0x100001cc                isr_irq30
                0x100001cc                isr_irq2
                0x100001cc                isr_irq10
                0x100001cc                isr_irq8
                0x100001cc                isr_irq24
                0x100001cc                isr_irq1
                0x100001cc                isr_irq7
                0x100001cc                isr_irq21
                0x100001cc                isr_irq20
                0x100001cc                isr_irq15
                0x100001cc                isr_irq25
                0x100001cc                isr_irq13
                0x100001cc                __unhandled_user_irq
                0x100001cc                isr_irq4
                0x100001cc                isr_irq16
                0x100001cc                isr_irq29
                0x100001cc                isr_irq26
                0x100001cc                __default_isrs_end
                0x100001cc                isr_irq3
                0x100001cc                isr_irq14
                0x100001cc                isr_irq9
                0x100001d2                unhandled_user_irq_num_in_r0
 *(.binary_info_header)
 .binary_info_header
                0x100001d4       0x14 CMakeFiles/reciver.dir/C_/Pico/pico-sdk/src/rp2_common/pico_crt0/crt0.S.obj
                0x100001e8                __binary_info_header_end = .
 *(.embedded_block)
                0x100001e8                __embedded_block_end = .
 *(.reset)
 .reset         0x100001e8       0x9c CMakeFiles/reciver.dir/C_/Pico/pico-sdk/src/rp2_common/pico_crt0/crt0.S.obj
                0x100001e8                _entry_point
 *(.init)
 .init          0x10000284        0x4 c:/progra~2/gnuarm~1/102021~1.10/bin/../lib/gcc/arm-none-eabi/10.3.1/thumb/v6-m/nofp/crti.o
                0x10000284                _init
 *(EXCLUDE_FILE(*libm.a: *libc.a:*lib_a-mem*.o *libgcc.a:) .text*)
 .text          0x10000288       0x48 c:/progra~2/gnuarm~1/102021~1.10/bin/../lib/gcc/arm-none-eabi/10.3.1/thumb/v6-m/nofp/crtbegin.o
 .text._Z5setupv
                0x100002d0       0x8c CMakeFiles/reciver.dir/reciver.cpp.obj
                0x100002d0                setup()
 .text._Z4loopv
                0x1000035c       0x4c CMakeFiles/reciver.dir/reciver.cpp.obj
                0x1000035c                loop()
 .text.main     0x100003a8       0x10 CMakeFiles/reciver.dir/reciver.cpp.obj
                0x100003a8                main
 .text._Z41__static_initialization_and_destruction_0ii
                0x100003b8       0x48 CMakeFiles/reciver.dir/reciver.cpp.obj
 .text._GLOBAL__sub_I_radio
                0x10000400       0x10 CMakeFiles/reciver.dir/reciver.cpp.obj
 .text.gpio_set_function
                0x10000410       0x34 CMakeFiles/reciver.dir/C_/Pico/pico-sdk/src/rp2_common/hardware_gpio/gpio.c.obj
                0x10000410                gpio_set_function
 .text.gpio_init
                0x10000444       0x16 CMakeFiles/reciver.dir/C_/Pico/pico-sdk/src/rp2_common/hardware_gpio/gpio.c.obj
                0x10000444                gpio_init
 *fill*         0x1000045a        0x2 
 .text.rp2040_chip_version
                0x1000045c       0x4c CMakeFiles/reciver.dir/C_/Pico/pico-sdk/src/rp2040/pico_platform/platform.c.obj
                0x1000045c                rp2040_chip_version
 .text.panic    0x100004a8       0x30 CMakeFiles/reciver.dir/C_/Pico/pico-sdk/src/rp2_common/pico_platform_panic/panic.c.obj
                0x100004a8                panic
 .text.hw_claim_lock
                0x100004d8       0x18 CMakeFiles/reciver.dir/C_/Pico/pico-sdk/src/common/hardware_claim/claim.c.obj
                0x100004d8                hw_claim_lock
 .text.hw_claim_unlock
                0x100004f0       0x14 CMakeFiles/reciver.dir/C_/Pico/pico-sdk/src/common/hardware_claim/claim.c.obj
                0x100004f0                hw_claim_unlock
 .text.hw_claim_or_assert
                0x10000504       0x32 CMakeFiles/reciver.dir/C_/Pico/pico-sdk/src/common/hardware_claim/claim.c.obj
                0x10000504                hw_claim_or_assert
 .text.hw_claim_unused_from_range
                0x10000536       0x50 CMakeFiles/reciver.dir/C_/Pico/pico-sdk/src/common/hardware_claim/claim.c.obj
                0x10000536                hw_claim_unused_from_range
 *fill*         0x10000586        0x2 
 .text.next_striped_spin_lock_num
                0x10000588       0x1c CMakeFiles/reciver.dir/C_/Pico/pico-sdk/src/rp2_common/hardware_sync/sync.c.obj
                0x10000588                next_striped_spin_lock_num
 .text.spin_lock_claim_unused
                0x100005a4       0x20 CMakeFiles/reciver.dir/C_/Pico/pico-sdk/src/rp2_common/hardware_sync/sync.c.obj
                0x100005a4                spin_lock_claim_unused
 .text.spin_locks_reset
                0x100005c4       0x20 CMakeFiles/reciver.dir/C_/Pico/pico-sdk/src/rp2_common/hardware_sync_spin_lock/sync_spin_lock.c.obj
                0x100005c4                spin_locks_reset
 .text.set_raw_irq_handler_and_unlock
                0x100005e4       0x28 CMakeFiles/reciver.dir/C_/Pico/pico-sdk/src/rp2_common/hardware_irq/irq.c.obj
 .text.nvic_ipr0
                0x1000060c        0x8 CMakeFiles/reciver.dir/C_/Pico/pico-sdk/src/rp2_common/hardware_irq/irq.c.obj
 .text.runtime_init_per_core_irq_priorities
                0x10000614       0x1c CMakeFiles/reciver.dir/C_/Pico/pico-sdk/src/rp2_common/hardware_irq/irq.c.obj
                0x10000614                runtime_init_per_core_irq_priorities
 .text.make_j_16
                0x10000630       0x4c CMakeFiles/reciver.dir/C_/Pico/pico-sdk/src/rp2_common/hardware_irq/irq.c.obj
 .text.irq_is_enabled
                0x1000067c       0x18 CMakeFiles/reciver.dir/C_/Pico/pico-sdk/src/rp2_common/hardware_irq/irq.c.obj
                0x1000067c                irq_is_enabled
 .text.irq_set_mask_n_enabled
                0x10000694       0x1c CMakeFiles/reciver.dir/C_/Pico/pico-sdk/src/rp2_common/hardware_irq/irq.c.obj
                0x10000694                irq_set_mask_n_enabled
 .text.irq_set_enabled
                0x100006b0       0x14 CMakeFiles/reciver.dir/C_/Pico/pico-sdk/src/rp2_common/hardware_irq/irq.c.obj
                0x100006b0                irq_set_enabled
 .text.irq_set_pending
                0x100006c4       0x10 CMakeFiles/reciver.dir/C_/Pico/pico-sdk/src/rp2_common/hardware_irq/irq.c.obj
                0x100006c4                irq_set_pending
 .text.irq_get_vtable_handler
                0x100006d4       0x10 CMakeFiles/reciver.dir/C_/Pico/pico-sdk/src/rp2_common/hardware_irq/irq.c.obj
                0x100006d4                irq_get_vtable_handler
 .text.irq_has_shared_handler
                0x100006e4       0x24 CMakeFiles/reciver.dir/C_/Pico/pico-sdk/src/rp2_common/hardware_irq/irq.c.obj
                0x100006e4                irq_has_shared_handler
 .text.irq_set_exclusive_handler
                0x10000708       0x54 CMakeFiles/reciver.dir/C_/Pico/pico-sdk/src/rp2_common/hardware_irq/irq.c.obj
                0x10000708                irq_set_exclusive_handler
 .text.irq_add_shared_handler
                0x1000075c      0x238 CMakeFiles/reciver.dir/C_/Pico/pico-sdk/src/rp2_common/hardware_irq/irq.c.obj
                0x1000075c                irq_add_shared_handler
 .text.irq_add_tail_to_free_list
                0x10000994       0xf4 CMakeFiles/reciver.dir/C_/Pico/pico-sdk/src/rp2_common/hardware_irq/irq.c.obj
                0x10000994                irq_add_tail_to_free_list
 .text.user_irq_claim_unused
                0x10000a88       0x28 CMakeFiles/reciver.dir/C_/Pico/pico-sdk/src/rp2_common/hardware_irq/irq.c.obj
                0x10000a88                user_irq_claim_unused
 .text.lock_init
                0x10000ab0       0x10 CMakeFiles/reciver.dir/C_/Pico/pico-sdk/src/common/pico_sync/lock_core.c.obj
                0x10000ab0                lock_init
 .text.mutex_init
                0x10000ac0       0x1a CMakeFiles/reciver.dir/C_/Pico/pico-sdk/src/common/pico_sync/mutex.c.obj
                0x10000ac0                mutex_init
 .text.recursive_mutex_init
                0x10000ada       0x1e CMakeFiles/reciver.dir/C_/Pico/pico-sdk/src/common/pico_sync/mutex.c.obj
                0x10000ada                recursive_mutex_init
 .text.runtime_init_mutex
                0x10000af8       0x4c CMakeFiles/reciver.dir/C_/Pico/pico-sdk/src/common/pico_sync/mutex.c.obj
                0x10000af8                runtime_init_mutex
 .text.critical_section_init_with_lock_num
                0x10000b44       0x14 CMakeFiles/reciver.dir/C_/Pico/pico-sdk/src/common/pico_sync/critical_section.c.obj
                0x10000b44                critical_section_init_with_lock_num
 .text.critical_section_init
                0x10000b58       0x14 CMakeFiles/reciver.dir/C_/Pico/pico-sdk/src/common/pico_sync/critical_section.c.obj
                0x10000b58                critical_section_init
 .text.make_alarm_id
                0x10000b6c        0x6 CMakeFiles/reciver.dir/C_/Pico/pico-sdk/src/common/pico_time/time.c.obj
 *fill*         0x10000b72        0x2 
 .text.sleep_until_callback
                0x10000b74       0x30 CMakeFiles/reciver.dir/C_/Pico/pico-sdk/src/common/pico_time/time.c.obj
 .text.alarm_pool_irq_handler
                0x10000ba4      0x2f0 CMakeFiles/reciver.dir/C_/Pico/pico-sdk/src/common/pico_time/time.c.obj
 .text.alarm_pool_post_alloc_init
                0x10000e94       0x94 CMakeFiles/reciver.dir/C_/Pico/pico-sdk/src/common/pico_time/time.c.obj
 .text.alarm_pool_get_default
                0x10000f28       0x2c CMakeFiles/reciver.dir/C_/Pico/pico-sdk/src/common/pico_time/time.c.obj
                0x10000f28                alarm_pool_get_default
 .text.alarm_pool_add_alarm_at_force_in_context
                0x10000f54       0xb0 CMakeFiles/reciver.dir/C_/Pico/pico-sdk/src/common/pico_time/time.c.obj
                0x10000f54                alarm_pool_add_alarm_at_force_in_context
 .text.alarm_pool_add_alarm_at
                0x10001004       0x3c CMakeFiles/reciver.dir/C_/Pico/pico-sdk/src/common/pico_time/time.c.obj
                0x10001004                alarm_pool_add_alarm_at
 .text.alarm_pool_cancel_alarm
                0x10001040       0x78 CMakeFiles/reciver.dir/C_/Pico/pico-sdk/src/common/pico_time/time.c.obj
                0x10001040                alarm_pool_cancel_alarm
 .text.alarm_pool_core_num
                0x100010b8        0x4 CMakeFiles/reciver.dir/C_/Pico/pico-sdk/src/common/pico_time/time.c.obj
                0x100010b8                alarm_pool_core_num
 .text.sleep_until
                0x100010bc       0xc8 CMakeFiles/reciver.dir/C_/Pico/pico-sdk/src/common/pico_time/time.c.obj
                0x100010bc                sleep_until
 .text.sleep_us
                0x10001184       0x24 CMakeFiles/reciver.dir/C_/Pico/pico-sdk/src/common/pico_time/time.c.obj
                0x10001184                sleep_us
 .text.sleep_ms
                0x100011a8       0x14 CMakeFiles/reciver.dir/C_/Pico/pico-sdk/src/common/pico_time/time.c.obj
                0x100011a8                sleep_ms
 .text.best_effort_wfe_or_timeout
                0x100011bc      0x114 CMakeFiles/reciver.dir/C_/Pico/pico-sdk/src/common/pico_time/time.c.obj
                0x100011bc                best_effort_wfe_or_timeout
 .text.alarm_pool_get_default_timer
                0x100012d0        0x8 CMakeFiles/reciver.dir/C_/Pico/pico-sdk/src/common/pico_time/time.c.obj
                0x100012d0                alarm_pool_get_default_timer
 .text.runtime_init_default_alarm_pool
                0x100012d8       0x38 CMakeFiles/reciver.dir/C_/Pico/pico-sdk/src/common/pico_time/time.c.obj
                0x100012d8                runtime_init_default_alarm_pool
 .text.timer_hardware_alarm_claim
                0x10001310       0x14 CMakeFiles/reciver.dir/C_/Pico/pico-sdk/src/rp2_common/hardware_timer/timer.c.obj
                0x10001310                timer_hardware_alarm_claim
 .text.timer_time_us_64
                0x10001324       0x10 CMakeFiles/reciver.dir/C_/Pico/pico-sdk/src/rp2_common/hardware_timer/timer.c.obj
                0x10001324                timer_time_us_64
 .text.timer_busy_wait_until
                0x10001334       0x1a CMakeFiles/reciver.dir/C_/Pico/pico-sdk/src/rp2_common/hardware_timer/timer.c.obj
                0x10001334                timer_busy_wait_until
 *fill*         0x1000134e        0x2 
 .text.time_us_64
                0x10001350       0x10 CMakeFiles/reciver.dir/C_/Pico/pico-sdk/src/rp2_common/hardware_timer/timer.c.obj
                0x10001350                time_us_64
 .text.busy_wait_until
                0x10001360       0x14 CMakeFiles/reciver.dir/C_/Pico/pico-sdk/src/rp2_common/hardware_timer/timer.c.obj
                0x10001360                busy_wait_until
 .text.clock_configure_internal
                0x10001374       0xc4 CMakeFiles/reciver.dir/C_/Pico/pico-sdk/src/rp2_common/hardware_clocks/clocks.c.obj
 .text.clock_configure_int_divider
                0x10001438       0x28 CMakeFiles/reciver.dir/C_/Pico/pico-sdk/src/rp2_common/hardware_clocks/clocks.c.obj
                0x10001438                clock_configure_int_divider
 .text.clock_configure_undivided
                0x10001460       0x12 CMakeFiles/reciver.dir/C_/Pico/pico-sdk/src/rp2_common/hardware_clocks/clocks.c.obj
                0x10001460                clock_configure_undivided
 *fill*         0x10001472        0x2 
 .text.clock_get_hz
                0x10001474        0xc CMakeFiles/reciver.dir/C_/Pico/pico-sdk/src/rp2_common/hardware_clocks/clocks.c.obj
                0x10001474                clock_get_hz
 .text.pll_init
                0x10001480      0x120 CMakeFiles/reciver.dir/C_/Pico/pico-sdk/src/rp2_common/hardware_pll/pll.c.obj
                0x10001480                pll_init
 .text.watchdog_update
                0x100015a0       0x14 CMakeFiles/reciver.dir/C_/Pico/pico-sdk/src/rp2_common/hardware_watchdog/watchdog.c.obj
                0x100015a0                watchdog_update
 .text._watchdog_enable
                0x100015b4       0x7c CMakeFiles/reciver.dir/C_/Pico/pico-sdk/src/rp2_common/hardware_watchdog/watchdog.c.obj
                0x100015b4                _watchdog_enable
 .text.watchdog_reboot
                0x10001630       0x48 CMakeFiles/reciver.dir/C_/Pico/pico-sdk/src/rp2_common/hardware_watchdog/watchdog.c.obj
                0x10001630                watchdog_reboot
 .text.tick_start
                0x10001678       0x10 CMakeFiles/reciver.dir/C_/Pico/pico-sdk/src/rp2_common/hardware_ticks/ticks.c.obj
                0x10001678                tick_start
 .text.rom_func_lookup
                0x10001688       0x10 CMakeFiles/reciver.dir/C_/Pico/pico-sdk/src/rp2_common/pico_bootrom/bootrom.c.obj
                0x10001688                rom_func_lookup
 .text.rom_data_lookup
                0x10001698       0x10 CMakeFiles/reciver.dir/C_/Pico/pico-sdk/src/rp2_common/pico_bootrom/bootrom.c.obj
                0x10001698                rom_data_lookup
 .text.rom_funcs_lookup
                0x100016a8       0x36 CMakeFiles/reciver.dir/C_/Pico/pico-sdk/src/rp2_common/pico_bootrom/bootrom.c.obj
                0x100016a8                rom_funcs_lookup
 *fill*         0x100016de        0x2 
 .text.rom_reset_usb_boot_extra
                0x100016e0       0x24 CMakeFiles/reciver.dir/C_/Pico/pico-sdk/src/rp2_common/pico_bootrom/bootrom.c.obj
                0x100016e0                rom_reset_usb_boot_extra
 .text.xosc_init
                0x10001704       0x28 CMakeFiles/reciver.dir/C_/Pico/pico-sdk/src/rp2_common/hardware_xosc/xosc.c.obj
                0x10001704                xosc_init
 .text.runtime_run_initializers_from
                0x1000172c       0x18 CMakeFiles/reciver.dir/C_/Pico/pico-sdk/src/rp2_common/pico_runtime/runtime.c.obj
 .text.first_per_core_initializer
                0x10001744        0x2 CMakeFiles/reciver.dir/C_/Pico/pico-sdk/src/rp2_common/pico_runtime/runtime.c.obj
 *fill*         0x10001746        0x2 
 .text.runtime_run_initializers
                0x10001748       0x10 CMakeFiles/reciver.dir/C_/Pico/pico-sdk/src/rp2_common/pico_runtime/runtime.c.obj
                0x10001748                runtime_run_initializers
 .text.runtime_init_early_resets
                0x10001758       0x2c CMakeFiles/reciver.dir/C_/Pico/pico-sdk/src/rp2_common/pico_runtime_init/runtime_init.c.obj
                0x10001758                runtime_init_early_resets
 .text.runtime_init_usb_power_down
                0x10001784       0x1c CMakeFiles/reciver.dir/C_/Pico/pico-sdk/src/rp2_common/pico_runtime_init/runtime_init.c.obj
                0x10001784                runtime_init_usb_power_down
 .text.runtime_init_post_clock_resets
                0x100017a0       0x20 CMakeFiles/reciver.dir/C_/Pico/pico-sdk/src/rp2_common/pico_runtime_init/runtime_init.c.obj
                0x100017a0                runtime_init_post_clock_resets
 .text.runtime_init_rp2040_gpio_ie_disable
                0x100017c0       0x14 CMakeFiles/reciver.dir/C_/Pico/pico-sdk/src/rp2_common/pico_runtime_init/runtime_init.c.obj
                0x100017c0                runtime_init_rp2040_gpio_ie_disable
 .text.runtime_init_spin_locks_reset
                0x100017d4        0x8 CMakeFiles/reciver.dir/C_/Pico/pico-sdk/src/rp2_common/pico_runtime_init/runtime_init.c.obj
                0x100017d4                runtime_init_spin_locks_reset
 .text.runtime_init_install_ram_vector_table
                0x100017dc       0x1c CMakeFiles/reciver.dir/C_/Pico/pico-sdk/src/rp2_common/pico_runtime_init/runtime_init.c.obj
                0x100017dc                runtime_init_install_ram_vector_table
 .text.start_all_ticks
                0x100017f8       0x28 CMakeFiles/reciver.dir/C_/Pico/pico-sdk/src/rp2_common/pico_runtime_init/runtime_init_clocks.c.obj
 .text.runtime_init_clocks
                0x10001820       0xcc CMakeFiles/reciver.dir/C_/Pico/pico-sdk/src/rp2_common/pico_runtime_init/runtime_init_clocks.c.obj
                0x10001820                runtime_init_clocks
 .text          0x100018ec       0x10 CMakeFiles/reciver.dir/C_/Pico/pico-sdk/src/rp2_common/pico_bit_ops/bit_ops_aeabi.S.obj
 .text.__wrap___aeabi_idiv
                0x100018fc       0x50 CMakeFiles/reciver.dir/C_/Pico/pico-sdk/src/rp2_common/pico_divider/divider_hardware.S.obj
                0x100018fc                __wrap___aeabi_idivmod
                0x100018fc                divmod_s32s32
                0x100018fc                div_s32s32
                0x100018fc                __wrap___aeabi_idiv
                0x10001904                divmod_s32s32_unsafe
                0x10001930                divmod_s32s32_savestate
 .text.__wrap___aeabi_uidiv
                0x1000194c       0x4c CMakeFiles/reciver.dir/C_/Pico/pico-sdk/src/rp2_common/pico_divider/divider_hardware.S.obj
                0x1000194c                __wrap___aeabi_uidiv
                0x1000194c                __wrap___aeabi_uidivmod
                0x1000194c                div_u32u32
                0x1000194c                divmod_u32u32
                0x10001954                divmod_u32u32_unsafe
                0x1000197c                divmod_u32u32_savestate
 .text.__wrap___aeabi_ldiv
                0x10001998      0x424 CMakeFiles/reciver.dir/C_/Pico/pico-sdk/src/rp2_common/pico_divider/divider_hardware.S.obj
                0x10001998                div_s64s64
                0x10001998                divmod_s64s64
                0x10001998                __wrap___aeabi_ldivmod
                0x100019c8                divmod_u64u64
                0x100019c8                div_u64u64
                0x100019c8                __wrap___aeabi_uldivmod
                0x100019d8                divmod_u64u64_savestate
                0x100019f8                divmod_s64s64_unsafe
                0x10001a80                divmod_u64u64_unsafe
 .text.__wrap___aeabi_darithmetic
                0x10001dbc       0x80 CMakeFiles/reciver.dir/C_/Pico/pico-sdk/src/rp2_common/pico_double/double_aeabi_rp2040.S.obj
                0x10001dbc                __wrap___aeabi_drsub
                0x10001dc2                __wrap___aeabi_dsub
                0x10001dd4                __wrap___aeabi_dadd
                0x10001de6                __wrap___aeabi_ddiv
                0x10001e22                __wrap___aeabi_dmul
 .text.__wrap___aeabi_cdcmple
                0x10001e3c       0x6c CMakeFiles/reciver.dir/C_/Pico/pico-sdk/src/rp2_common/pico_double/double_aeabi_rp2040.S.obj
                0x10001e3c                __wrap___aeabi_cdrcmple
                0x10001e4c                __wrap___aeabi_cdcmpeq
                0x10001e4c                __wrap___aeabi_cdcmple
 .text.__wrap___aeabi_dcmplt
                0x10001ea8        0xc CMakeFiles/reciver.dir/C_/Pico/pico-sdk/src/rp2_common/pico_double/double_aeabi_rp2040.S.obj
                0x10001ea8                __wrap___aeabi_dcmplt
 .text.__wrap___aeabi_dcmple
                0x10001eb4       0x10 CMakeFiles/reciver.dir/C_/Pico/pico-sdk/src/rp2_common/pico_double/double_aeabi_rp2040.S.obj
                0x10001eb4                __wrap___aeabi_dcmple
 .text.__wrap___aeabi_dcmpge
                0x10001ec4       0x10 CMakeFiles/reciver.dir/C_/Pico/pico-sdk/src/rp2_common/pico_double/double_aeabi_rp2040.S.obj
                0x10001ec4                __wrap___aeabi_dcmpge
 .text.__wrap___aeabi_dcmpgt
                0x10001ed4        0xa CMakeFiles/reciver.dir/C_/Pico/pico-sdk/src/rp2_common/pico_double/double_aeabi_rp2040.S.obj
                0x10001ed4                __wrap___aeabi_dcmpgt
 .text.__wrap___aeabi_dcmpun
                0x10001ede       0x18 CMakeFiles/reciver.dir/C_/Pico/pico-sdk/src/rp2_common/pico_double/double_aeabi_rp2040.S.obj
                0x10001ede                __wrap___aeabi_dcmpun
 *fill*         0x10001ef6        0x2 
 .text.__wrap___aeabi_i2d
                0x10001ef8       0x38 CMakeFiles/reciver.dir/C_/Pico/pico-sdk/src/rp2_common/pico_double/double_aeabi_rp2040.S.obj
                0x10001ef8                __wrap___aeabi_ui2d
                0x10001f00                __wrap___aeabi_i2d
 .text.__wrap___aeabi_d2iz
                0x10001f30       0x48 CMakeFiles/reciver.dir/C_/Pico/pico-sdk/src/rp2_common/pico_double/double_aeabi_rp2040.S.obj
                0x10001f30                double2int_z
                0x10001f30                __wrap___aeabi_d2iz
 .text.__wrap___aeabi_d2uiz
                0x10001f78       0x18 CMakeFiles/reciver.dir/C_/Pico/pico-sdk/src/rp2_common/pico_double/double_aeabi_rp2040.S.obj
                0x10001f78                __wrap___aeabi_d2uiz
                0x10001f78                double2uint
 .text.__aeabi_double_init
                0x10001f90       0xc8 CMakeFiles/reciver.dir/C_/Pico/pico-sdk/src/rp2_common/pico_double/double_init_rom_rp2040.c.obj
                0x10001f90                __aeabi_double_init
 .text.double_table_shim_on_use_helper
                0x10002058       0x34 CMakeFiles/reciver.dir/C_/Pico/pico-sdk/src/rp2_common/pico_double/double_v1_rom_shim_rp2040.S.obj
                0x10002058                double_table_shim_on_use_helper
 .text.__wrap___aeabi_dsub
                0x1000208c       0x10 CMakeFiles/reciver.dir/C_/Pico/pico-sdk/src/rp2_common/pico_double/double_v1_rom_shim_rp2040.S.obj
                0x1000208c                drsub_shim
                0x10002092                dsub_shim
 .text.dadd_shim
                0x1000209c      0x15c CMakeFiles/reciver.dir/C_/Pico/pico-sdk/src/rp2_common/pico_double/double_v1_rom_shim_rp2040.S.obj
                0x1000209c                dadd_shim
 .text.dmul_shim
                0x100021f8      0x15c CMakeFiles/reciver.dir/C_/Pico/pico-sdk/src/rp2_common/pico_double/double_v1_rom_shim_rp2040.S.obj
                0x100021f8                dmul_shim
 .text.ddiv_shim
                0x10002354      0x1b0 CMakeFiles/reciver.dir/C_/Pico/pico-sdk/src/rp2_common/pico_double/double_v1_rom_shim_rp2040.S.obj
                0x10002354                ddiv_shim
 .text.double2uint_shim
                0x10002504        0xe CMakeFiles/reciver.dir/C_/Pico/pico-sdk/src/rp2_common/pico_double/double_v1_rom_shim_rp2040.S.obj
                0x10002504                double2uint_shim
                0x10002506                double2ufix_shim
 *fill*         0x10002512        0x2 
 .text.double2uint64_shim
                0x10002514       0x70 CMakeFiles/reciver.dir/C_/Pico/pico-sdk/src/rp2_common/pico_double/double_v1_rom_shim_rp2040.S.obj
                0x10002514                double2uint64_shim
                0x10002516                double2ufix64_shim
                0x10002536                d2fix_a
 .text.dunpacks
                0x10002584       0x3c CMakeFiles/reciver.dir/C_/Pico/pico-sdk/src/rp2_common/pico_double/double_v1_rom_shim_rp2040.S.obj
                0x10002584                dunpacks
 .text.__aeabi_lmul
                0x100025c0       0x32 CMakeFiles/reciver.dir/C_/Pico/pico-sdk/src/rp2_common/pico_int64_ops/pico_int64_ops_aeabi.S.obj
                0x100025c0                __wrap___aeabi_lmul
 *fill*         0x100025f2        0x2 
 .text.__wrap___aeabi_f2d
                0x100025f4       0x14 CMakeFiles/reciver.dir/C_/Pico/pico-sdk/src/rp2_common/pico_float/float_aeabi_rp2040.S.obj
                0x100025f4                __wrap___aeabi_f2d
 .text.__aeabi_float_init
                0x10002608       0xfc CMakeFiles/reciver.dir/C_/Pico/pico-sdk/src/rp2_common/pico_float/float_init_rom_rp2040.c.obj
                0x10002608                __aeabi_float_init
 .text.float_table_shim_on_use_helper
                0x10002704       0x34 CMakeFiles/reciver.dir/C_/Pico/pico-sdk/src/rp2_common/pico_float/float_v1_rom_shim_rp2040.S.obj
                0x10002704                float_table_shim_on_use_helper
 .text.float2double_shim
                0x10002738       0x30 CMakeFiles/reciver.dir/C_/Pico/pico-sdk/src/rp2_common/pico_float/float_v1_rom_shim_rp2040.S.obj
                0x10002738                float2double_shim
 .text.__wrap_free
                0x10002768        0x8 CMakeFiles/reciver.dir/C_/Pico/pico-sdk/src/rp2_common/pico_malloc/malloc.c.obj
                0x10002768                __wrap_free
 .text          0x10002770       0x10 CMakeFiles/reciver.dir/C_/Pico/pico-sdk/src/rp2_common/pico_mem_ops/mem_ops_aeabi.S.obj
                0x10002770                __aeabi_mem_init
 .text.memset   0x10002780        0xc CMakeFiles/reciver.dir/C_/Pico/pico-sdk/src/rp2_common/pico_mem_ops/mem_ops_aeabi.S.obj
                0x10002780                __wrap_memset
 .text.memcpy   0x1000278c        0xc CMakeFiles/reciver.dir/C_/Pico/pico-sdk/src/rp2_common/pico_mem_ops/mem_ops_aeabi.S.obj
                0x1000278c                __wrap_memcpy
                0x1000278c                __wrap___aeabi_memcpy
 .text._ZdlPvj  0x10002798        0x8 CMakeFiles/reciver.dir/C_/Pico/pico-sdk/src/rp2_common/pico_cxx_options/new_delete.cpp.obj
                0x10002798                operator delete(void*, unsigned int)
 .text._out_null
                0x100027a0        0x2 CMakeFiles/reciver.dir/C_/Pico/pico-sdk/src/rp2_common/pico_printf/printf.c.obj
 .text._out_fct
                0x100027a2        0xe CMakeFiles/reciver.dir/C_/Pico/pico-sdk/src/rp2_common/pico_printf/printf.c.obj
 .text._atoi    0x100027b0       0x24 CMakeFiles/reciver.dir/C_/Pico/pico-sdk/src/rp2_common/pico_printf/printf.c.obj
 .text._out_rev
                0x100027d4       0xae CMakeFiles/reciver.dir/C_/Pico/pico-sdk/src/rp2_common/pico_printf/printf.c.obj
 .text._ntoa_format
                0x10002882      0x112 CMakeFiles/reciver.dir/C_/Pico/pico-sdk/src/rp2_common/pico_printf/printf.c.obj
 .text._ntoa_long
                0x10002994       0xbc CMakeFiles/reciver.dir/C_/Pico/pico-sdk/src/rp2_common/pico_printf/printf.c.obj
 .text._ntoa_long_long
                0x10002a50       0xe2 CMakeFiles/reciver.dir/C_/Pico/pico-sdk/src/rp2_common/pico_printf/printf.c.obj
 *fill*         0x10002b32        0x2 
 .text._etoa    0x10002b34      0x414 CMakeFiles/reciver.dir/C_/Pico/pico-sdk/src/rp2_common/pico_printf/printf.c.obj
 .text._ftoa    0x10002f48      0x354 CMakeFiles/reciver.dir/C_/Pico/pico-sdk/src/rp2_common/pico_printf/printf.c.obj
 .text._vsnprintf
                0x1000329c      0x624 CMakeFiles/reciver.dir/C_/Pico/pico-sdk/src/rp2_common/pico_printf/printf.c.obj
 .text.vfctprintf
                0x100038c0       0x20 CMakeFiles/reciver.dir/C_/Pico/pico-sdk/src/rp2_common/pico_printf/printf.c.obj
                0x100038c0                vfctprintf
 .text._exit    0x100038e0        0x4 CMakeFiles/reciver.dir/C_/Pico/pico-sdk/src/rp2_common/pico_clib_interface/newlib_interface.c.obj
                0x100038e0                _exit
 .text._sbrk    0x100038e4       0x38 CMakeFiles/reciver.dir/C_/Pico/pico-sdk/src/rp2_common/pico_clib_interface/newlib_interface.c.obj
                0x100038e4                _sbrk
 .text.exit     0x1000391c        0x6 CMakeFiles/reciver.dir/C_/Pico/pico-sdk/src/rp2_common/pico_clib_interface/newlib_interface.c.obj
                0x1000391c                exit
 *fill*         0x10003922        0x2 
 .text.__assert_func
                0x10003924       0x3c CMakeFiles/reciver.dir/C_/Pico/pico-sdk/src/rp2_common/pico_clib_interface/newlib_interface.c.obj
                0x10003924                __assert_func
 .text.runtime_init
                0x10003960       0x28 CMakeFiles/reciver.dir/C_/Pico/pico-sdk/src/rp2_common/pico_clib_interface/newlib_interface.c.obj
                0x10003960                runtime_init
 .text.stdio_out_chars_no_crlf
                0x10003988        0xe CMakeFiles/reciver.dir/C_/Pico/pico-sdk/src/rp2_common/pico_stdio/stdio.c.obj
 *fill*         0x10003996        0x2 
 .text.stdio_out_chars_crlf
                0x10003998       0x80 CMakeFiles/reciver.dir/C_/Pico/pico-sdk/src/rp2_common/pico_stdio/stdio.c.obj
 .text.stdio_stack_buffer_flush
                0x10003a18       0x44 CMakeFiles/reciver.dir/C_/Pico/pico-sdk/src/rp2_common/pico_stdio/stdio.c.obj
 .text.stdio_buffered_printer
                0x10003a5c       0x20 CMakeFiles/reciver.dir/C_/Pico/pico-sdk/src/rp2_common/pico_stdio/stdio.c.obj
 .text.stdout_serialize_begin
                0x10003a7c       0x30 CMakeFiles/reciver.dir/C_/Pico/pico-sdk/src/rp2_common/pico_stdio/stdio.c.obj
                0x10003a7c                stdout_serialize_begin
 .text.stdout_serialize_end
                0x10003aac       0x10 CMakeFiles/reciver.dir/C_/Pico/pico-sdk/src/rp2_common/pico_stdio/stdio.c.obj
                0x10003aac                stdout_serialize_end
 .text.stdio_put_string
                0x10003abc       0x94 CMakeFiles/reciver.dir/C_/Pico/pico-sdk/src/rp2_common/pico_stdio/stdio.c.obj
                0x10003abc                stdio_put_string
 .text.stdio_set_driver_enabled
                0x10003b50       0x2c CMakeFiles/reciver.dir/C_/Pico/pico-sdk/src/rp2_common/pico_stdio/stdio.c.obj
                0x10003b50                stdio_set_driver_enabled
 .text.stdio_flush
                0x10003b7c       0x20 CMakeFiles/reciver.dir/C_/Pico/pico-sdk/src/rp2_common/pico_stdio/stdio.c.obj
                0x10003b7c                stdio_flush
 .text.stdio_init_all
                0x10003b9c        0x8 CMakeFiles/reciver.dir/C_/Pico/pico-sdk/src/rp2_common/pico_stdio/stdio.c.obj
                0x10003b9c                stdio_init_all
 .text.__wrap_puts
                0x10003ba4       0x1e CMakeFiles/reciver.dir/C_/Pico/pico-sdk/src/rp2_common/pico_stdio/stdio.c.obj
                0x10003ba4                stdio_puts
                0x10003ba4                __wrap_puts
 *fill*         0x10003bc2        0x2 
 .text.__wrap_vprintf
                0x10003bc4       0x40 CMakeFiles/reciver.dir/C_/Pico/pico-sdk/src/rp2_common/pico_stdio/stdio.c.obj
                0x10003bc4                stdio_vprintf
                0x10003bc4                __wrap_vprintf
 .text.__wrap_printf
                0x10003c04       0x18 CMakeFiles/reciver.dir/C_/Pico/pico-sdk/src/rp2_common/pico_stdio/stdio.c.obj
                0x10003c04                __wrap_printf
                0x10003c04                stdio_printf
 .text.resetd_init
                0x10003c1c        0x2 CMakeFiles/reciver.dir/C_/Pico/pico-sdk/src/rp2_common/pico_stdio_usb/reset_interface.c.obj
 *fill*         0x10003c1e        0x2 
 .text.resetd_reset
                0x10003c20        0xc CMakeFiles/reciver.dir/C_/Pico/pico-sdk/src/rp2_common/pico_stdio_usb/reset_interface.c.obj
 .text.resetd_open
                0x10003c2c       0x34 CMakeFiles/reciver.dir/C_/Pico/pico-sdk/src/rp2_common/pico_stdio_usb/reset_interface.c.obj
 .text.resetd_xfer_cb
                0x10003c60        0x4 CMakeFiles/reciver.dir/C_/Pico/pico-sdk/src/rp2_common/pico_stdio_usb/reset_interface.c.obj
 .text.resetd_control_xfer_cb
                0x10003c64       0x60 CMakeFiles/reciver.dir/C_/Pico/pico-sdk/src/rp2_common/pico_stdio_usb/reset_interface.c.obj
 .text.tud_descriptor_bos_cb
                0x10003cc4        0x8 CMakeFiles/reciver.dir/C_/Pico/pico-sdk/src/rp2_common/pico_stdio_usb/reset_interface.c.obj
                0x10003cc4                tud_descriptor_bos_cb
 .text.tud_vendor_control_xfer_cb
                0x10003ccc       0x38 CMakeFiles/reciver.dir/C_/Pico/pico-sdk/src/rp2_common/pico_stdio_usb/reset_interface.c.obj
                0x10003ccc                tud_vendor_control_xfer_cb
 .text.usbd_app_driver_get_cb
                0x10003d04        0xc CMakeFiles/reciver.dir/C_/Pico/pico-sdk/src/rp2_common/pico_stdio_usb/reset_interface.c.obj
                0x10003d04                usbd_app_driver_get_cb
 .text.tud_cdc_line_coding_cb
                0x10003d10       0x2c CMakeFiles/reciver.dir/C_/Pico/pico-sdk/src/rp2_common/pico_stdio_usb/reset_interface.c.obj
                0x10003d10                tud_cdc_line_coding_cb
 .text.stdio_usb_set_chars_available_callback
                0x10003d3c       0x14 CMakeFiles/reciver.dir/C_/Pico/pico-sdk/src/rp2_common/pico_stdio_usb/stdio_usb.c.obj
                0x10003d3c                stdio_usb_set_chars_available_callback
 .text.stdio_usb_out_flush
                0x10003d50       0x4c CMakeFiles/reciver.dir/C_/Pico/pico-sdk/src/rp2_common/pico_stdio_usb/stdio_usb.c.obj
 .text.usb_irq  0x10003d9c       0x10 CMakeFiles/reciver.dir/C_/Pico/pico-sdk/src/rp2_common/pico_stdio_usb/stdio_usb.c.obj
 .text.low_priority_worker_irq
                0x10003dac       0xd0 CMakeFiles/reciver.dir/C_/Pico/pico-sdk/src/rp2_common/pico_stdio_usb/stdio_usb.c.obj
 .text.timer_task
                0x10003e7c       0x6c CMakeFiles/reciver.dir/C_/Pico/pico-sdk/src/rp2_common/pico_stdio_usb/stdio_usb.c.obj
 .text.stdio_usb_init
                0x10003ee8       0xfc CMakeFiles/reciver.dir/C_/Pico/pico-sdk/src/rp2_common/pico_stdio_usb/stdio_usb.c.obj
                0x10003ee8                stdio_usb_init
 .text.stdio_usb_connected
                0x10003fe4        0xa CMakeFiles/reciver.dir/C_/Pico/pico-sdk/src/rp2_common/pico_stdio_usb/stdio_usb.c.obj
                0x10003fe4                stdio_usb_connected
 *fill*         0x10003fee        0x2 
 .text.stdio_usb_in_chars
                0x10003ff0       0x98 CMakeFiles/reciver.dir/C_/Pico/pico-sdk/src/rp2_common/pico_stdio_usb/stdio_usb.c.obj
                0x10003ff0                stdio_usb_in_chars
 .text.stdio_usb_out_chars
                0x10004088       0xe8 CMakeFiles/reciver.dir/C_/Pico/pico-sdk/src/rp2_common/pico_stdio_usb/stdio_usb.c.obj
 .text.tud_descriptor_device_cb
                0x10004170        0x8 CMakeFiles/reciver.dir/C_/Pico/pico-sdk/src/rp2_common/pico_stdio_usb/stdio_usb_descriptors.c.obj
                0x10004170                tud_descriptor_device_cb
 .text.tud_descriptor_configuration_cb
                0x10004178        0x8 CMakeFiles/reciver.dir/C_/Pico/pico-sdk/src/rp2_common/pico_stdio_usb/stdio_usb_descriptors.c.obj
                0x10004178                tud_descriptor_configuration_cb
 .text.tud_descriptor_string_cb
                0x10004180       0x6c CMakeFiles/reciver.dir/C_/Pico/pico-sdk/src/rp2_common/pico_stdio_usb/stdio_usb_descriptors.c.obj
                0x10004180                tud_descriptor_string_cb
 .text._retrieve_unique_id_on_boot
                0x100041ec       0x10 CMakeFiles/reciver.dir/C_/Pico/pico-sdk/src/rp2_common/pico_unique_id/unique_id.c.obj
 .text.pico_get_unique_board_id_string
                0x100041fc       0x60 CMakeFiles/reciver.dir/C_/Pico/pico-sdk/src/rp2_common/pico_unique_id/unique_id.c.obj
                0x100041fc                pico_get_unique_board_id_string
 .text.flash_get_unique_id
                0x1000425c       0x46 CMakeFiles/reciver.dir/C_/Pico/pico-sdk/src/rp2_common/hardware_flash/flash.c.obj
                0x1000425c                flash_get_unique_id
 *fill*         0x100042a2        0x2 
 .text._hw_endpoint_alloc
                0x100042a4       0x70 CMakeFiles/reciver.dir/C_/Pico/pico-sdk/lib/tinyusb/src/portable/raspberrypi/rp2040/dcd_rp2040.c.obj
 .text.hw_endpoint_init
                0x10004314       0xc4 CMakeFiles/reciver.dir/C_/Pico/pico-sdk/lib/tinyusb/src/portable/raspberrypi/rp2040/dcd_rp2040.c.obj
 .text.hw_endpoint_xfer
                0x100043d8       0x20 CMakeFiles/reciver.dir/C_/Pico/pico-sdk/lib/tinyusb/src/portable/raspberrypi/rp2040/dcd_rp2040.c.obj
 .text.dcd_int_enable
                0x100043f8       0x2c CMakeFiles/reciver.dir/C_/Pico/pico-sdk/lib/tinyusb/src/portable/raspberrypi/rp2040/dcd_rp2040.c.obj
                0x100043f8                dcd_int_enable
 .text.dcd_set_address
                0x10004424       0x2c CMakeFiles/reciver.dir/C_/Pico/pico-sdk/lib/tinyusb/src/portable/raspberrypi/rp2040/dcd_rp2040.c.obj
                0x10004424                dcd_set_address
 .text.dcd_connect
                0x10004450       0x10 CMakeFiles/reciver.dir/C_/Pico/pico-sdk/lib/tinyusb/src/portable/raspberrypi/rp2040/dcd_rp2040.c.obj
                0x10004450                dcd_connect
 .text.dcd_init
                0x10004460       0x80 CMakeFiles/reciver.dir/C_/Pico/pico-sdk/lib/tinyusb/src/portable/raspberrypi/rp2040/dcd_rp2040.c.obj
                0x10004460                dcd_init
 .text.dcd_sof_enable
                0x100044e0       0x1c CMakeFiles/reciver.dir/C_/Pico/pico-sdk/lib/tinyusb/src/portable/raspberrypi/rp2040/dcd_rp2040.c.obj
                0x100044e0                dcd_sof_enable
 .text.dcd_edpt0_status_complete
                0x100044fc       0x1c CMakeFiles/reciver.dir/C_/Pico/pico-sdk/lib/tinyusb/src/portable/raspberrypi/rp2040/dcd_rp2040.c.obj
                0x100044fc                dcd_edpt0_status_complete
 .text.dcd_edpt_open
                0x10004518       0x40 CMakeFiles/reciver.dir/C_/Pico/pico-sdk/lib/tinyusb/src/portable/raspberrypi/rp2040/dcd_rp2040.c.obj
                0x10004518                dcd_edpt_open
 .text.dcd_edpt_close_all
                0x10004558        0x8 CMakeFiles/reciver.dir/C_/Pico/pico-sdk/lib/tinyusb/src/portable/raspberrypi/rp2040/dcd_rp2040.c.obj
                0x10004558                dcd_edpt_close_all
 .text.dcd_edpt_xfer
                0x10004560       0x30 CMakeFiles/reciver.dir/C_/Pico/pico-sdk/lib/tinyusb/src/portable/raspberrypi/rp2040/dcd_rp2040.c.obj
                0x10004560                dcd_edpt_xfer
 .text.dcd_edpt_stall
                0x10004590       0x3c CMakeFiles/reciver.dir/C_/Pico/pico-sdk/lib/tinyusb/src/portable/raspberrypi/rp2040/dcd_rp2040.c.obj
                0x10004590                dcd_edpt_stall
 .text.dcd_edpt_clear_stall
                0x100045cc       0x30 CMakeFiles/reciver.dir/C_/Pico/pico-sdk/lib/tinyusb/src/portable/raspberrypi/rp2040/dcd_rp2040.c.obj
                0x100045cc                dcd_edpt_clear_stall
 .text.unaligned_memcpy
                0x100045fc       0x14 CMakeFiles/reciver.dir/C_/Pico/pico-sdk/lib/tinyusb/src/portable/raspberrypi/rp2040/rp2040_usb.c.obj
 .text.rp2040_usb_init
                0x10004610       0x44 CMakeFiles/reciver.dir/C_/Pico/pico-sdk/lib/tinyusb/src/portable/raspberrypi/rp2040/rp2040_usb.c.obj
                0x10004610                rp2040_usb_init
 .text.hw_endpoint_xfer_start
                0x10004654       0x60 CMakeFiles/reciver.dir/C_/Pico/pico-sdk/lib/tinyusb/src/portable/raspberrypi/rp2040/rp2040_usb.c.obj
                0x10004654                hw_endpoint_xfer_start
 .text.configuration_reset
                0x100046b4       0x84 CMakeFiles/reciver.dir/C_/Pico/pico-sdk/lib/tinyusb/src/device/usbd.c.obj
 .text.usbd_reset
                0x10004738        0xc CMakeFiles/reciver.dir/C_/Pico/pico-sdk/lib/tinyusb/src/device/usbd.c.obj
 .text.invoke_class_control
                0x10004744       0x1a CMakeFiles/reciver.dir/C_/Pico/pico-sdk/lib/tinyusb/src/device/usbd.c.obj
 *fill*         0x1000475e        0x2 
 .text.process_set_config
                0x10004760      0x19c CMakeFiles/reciver.dir/C_/Pico/pico-sdk/lib/tinyusb/src/device/usbd.c.obj
 .text.tud_event_hook_cb
                0x100048fc        0x2 CMakeFiles/reciver.dir/C_/Pico/pico-sdk/lib/tinyusb/src/device/usbd.c.obj
                0x100048fc                tud_event_hook_cb
 .text.tud_sof_cb
                0x100048fe        0x2 CMakeFiles/reciver.dir/C_/Pico/pico-sdk/lib/tinyusb/src/device/usbd.c.obj
                0x100048fe                tud_sof_cb
 .text.tud_descriptor_device_qualifier_cb
                0x10004900        0x4 CMakeFiles/reciver.dir/C_/Pico/pico-sdk/lib/tinyusb/src/device/usbd.c.obj
                0x10004900                tud_descriptor_device_qualifier_cb
 .text.tud_descriptor_other_speed_configuration_cb
                0x10004904        0x4 CMakeFiles/reciver.dir/C_/Pico/pico-sdk/lib/tinyusb/src/device/usbd.c.obj
                0x10004904                tud_descriptor_other_speed_configuration_cb
 .text.process_get_descriptor
                0x10004908       0xe0 CMakeFiles/reciver.dir/C_/Pico/pico-sdk/lib/tinyusb/src/device/usbd.c.obj
 .text.tud_mount_cb
                0x100049e8        0x2 CMakeFiles/reciver.dir/C_/Pico/pico-sdk/lib/tinyusb/src/device/usbd.c.obj
                0x100049e8                tud_mount_cb
 .text.tud_umount_cb
                0x100049ea        0x2 CMakeFiles/reciver.dir/C_/Pico/pico-sdk/lib/tinyusb/src/device/usbd.c.obj
                0x100049ea                tud_umount_cb
 .text.tud_suspend_cb
                0x100049ec        0x2 CMakeFiles/reciver.dir/C_/Pico/pico-sdk/lib/tinyusb/src/device/usbd.c.obj
                0x100049ec                tud_suspend_cb
 .text.tud_resume_cb
                0x100049ee        0x2 CMakeFiles/reciver.dir/C_/Pico/pico-sdk/lib/tinyusb/src/device/usbd.c.obj
                0x100049ee                tud_resume_cb
 .text.tud_mounted
                0x100049f0       0x10 CMakeFiles/reciver.dir/C_/Pico/pico-sdk/lib/tinyusb/src/device/usbd.c.obj
                0x100049f0                tud_mounted
 .text.tud_suspended
                0x10004a00       0x10 CMakeFiles/reciver.dir/C_/Pico/pico-sdk/lib/tinyusb/src/device/usbd.c.obj
                0x10004a00                tud_suspended
 .text.tud_inited
                0x10004a10       0x14 CMakeFiles/reciver.dir/C_/Pico/pico-sdk/lib/tinyusb/src/device/usbd.c.obj
                0x10004a10                tud_inited
 .text.tud_init
                0x10004a24       0xdc CMakeFiles/reciver.dir/C_/Pico/pico-sdk/lib/tinyusb/src/device/usbd.c.obj
                0x10004a24                tud_init
 .text.usbd_edpt_open
                0x10004b00       0x60 CMakeFiles/reciver.dir/C_/Pico/pico-sdk/lib/tinyusb/src/device/usbd.c.obj
                0x10004b00                usbd_edpt_open
 .text.usbd_open_edpt_pair
                0x10004b60       0x88 CMakeFiles/reciver.dir/C_/Pico/pico-sdk/lib/tinyusb/src/device/usbd.c.obj
                0x10004b60                usbd_open_edpt_pair
 .text.usbd_edpt_claim
                0x10004be8       0x28 CMakeFiles/reciver.dir/C_/Pico/pico-sdk/lib/tinyusb/src/device/usbd.c.obj
                0x10004be8                usbd_edpt_claim
 .text.usbd_edpt_release
                0x10004c10       0x28 CMakeFiles/reciver.dir/C_/Pico/pico-sdk/lib/tinyusb/src/device/usbd.c.obj
                0x10004c10                usbd_edpt_release
 .text.usbd_edpt_xfer
                0x10004c38       0x88 CMakeFiles/reciver.dir/C_/Pico/pico-sdk/lib/tinyusb/src/device/usbd.c.obj
                0x10004c38                usbd_edpt_xfer
 .text.usbd_edpt_stall
                0x10004cc0       0x34 CMakeFiles/reciver.dir/C_/Pico/pico-sdk/lib/tinyusb/src/device/usbd.c.obj
                0x10004cc0                usbd_edpt_stall
 .text.usbd_edpt_clear_stall
                0x10004cf4       0x34 CMakeFiles/reciver.dir/C_/Pico/pico-sdk/lib/tinyusb/src/device/usbd.c.obj
                0x10004cf4                usbd_edpt_clear_stall
 .text.usbd_edpt_stalled
                0x10004d28       0x1c CMakeFiles/reciver.dir/C_/Pico/pico-sdk/lib/tinyusb/src/device/usbd.c.obj
                0x10004d28                usbd_edpt_stalled
 .text.process_control_request
                0x10004d44      0x394 CMakeFiles/reciver.dir/C_/Pico/pico-sdk/lib/tinyusb/src/device/usbd.c.obj
 .text.tud_task_ext
                0x100050d8      0x1d8 CMakeFiles/reciver.dir/C_/Pico/pico-sdk/lib/tinyusb/src/device/usbd.c.obj
                0x100050d8                tud_task_ext
 .text._data_stage_xact
                0x100052b0       0x60 CMakeFiles/reciver.dir/C_/Pico/pico-sdk/lib/tinyusb/src/device/usbd_control.c.obj
 .text.tud_control_status
                0x10005310       0x38 CMakeFiles/reciver.dir/C_/Pico/pico-sdk/lib/tinyusb/src/device/usbd_control.c.obj
                0x10005310                tud_control_status
 .text.tud_control_xfer
                0x10005348       0xa8 CMakeFiles/reciver.dir/C_/Pico/pico-sdk/lib/tinyusb/src/device/usbd_control.c.obj
                0x10005348                tud_control_xfer
 .text.usbd_control_reset
                0x100053f0       0x14 CMakeFiles/reciver.dir/C_/Pico/pico-sdk/lib/tinyusb/src/device/usbd_control.c.obj
                0x100053f0                usbd_control_reset
 .text.usbd_control_set_complete_callback
                0x10005404        0xc CMakeFiles/reciver.dir/C_/Pico/pico-sdk/lib/tinyusb/src/device/usbd_control.c.obj
                0x10005404                usbd_control_set_complete_callback
 .text.usbd_control_set_request
                0x10005410       0x1c CMakeFiles/reciver.dir/C_/Pico/pico-sdk/lib/tinyusb/src/device/usbd_control.c.obj
                0x10005410                usbd_control_set_request
 .text.usbd_control_xfer_cb
                0x1000542c       0xf4 CMakeFiles/reciver.dir/C_/Pico/pico-sdk/lib/tinyusb/src/device/usbd_control.c.obj
                0x1000542c                usbd_control_xfer_cb
 .text._prep_out_transaction
                0x10005520       0x72 CMakeFiles/reciver.dir/C_/Pico/pico-sdk/lib/tinyusb/src/class/cdc/cdc_device.c.obj
 *fill*         0x10005592        0x2 
 .text.tud_cdc_n_connected
                0x10005594       0x44 CMakeFiles/reciver.dir/C_/Pico/pico-sdk/lib/tinyusb/src/class/cdc/cdc_device.c.obj
                0x10005594                tud_cdc_n_connected
 .text.tud_cdc_n_available
                0x100055d8       0x18 CMakeFiles/reciver.dir/C_/Pico/pico-sdk/lib/tinyusb/src/class/cdc/cdc_device.c.obj
                0x100055d8                tud_cdc_n_available
 .text.tud_cdc_n_read
                0x100055f0       0x38 CMakeFiles/reciver.dir/C_/Pico/pico-sdk/lib/tinyusb/src/class/cdc/cdc_device.c.obj
                0x100055f0                tud_cdc_n_read
 .text.tud_cdc_n_write_flush
                0x10005628       0xcc CMakeFiles/reciver.dir/C_/Pico/pico-sdk/lib/tinyusb/src/class/cdc/cdc_device.c.obj
                0x10005628                tud_cdc_n_write_flush
 .text.tud_cdc_n_write
                0x100056f4       0x48 CMakeFiles/reciver.dir/C_/Pico/pico-sdk/lib/tinyusb/src/class/cdc/cdc_device.c.obj
                0x100056f4                tud_cdc_n_write
 .text.tud_cdc_n_write_available
                0x1000573c       0x1c CMakeFiles/reciver.dir/C_/Pico/pico-sdk/lib/tinyusb/src/class/cdc/cdc_device.c.obj
                0x1000573c                tud_cdc_n_write_available
 .text.cdcd_init
                0x10005758       0xc0 CMakeFiles/reciver.dir/C_/Pico/pico-sdk/lib/tinyusb/src/class/cdc/cdc_device.c.obj
                0x10005758                cdcd_init
 .text.cdcd_deinit
                0x10005818       0x50 CMakeFiles/reciver.dir/C_/Pico/pico-sdk/lib/tinyusb/src/class/cdc/cdc_device.c.obj
                0x10005818                cdcd_deinit
 .text.cdcd_reset
                0x10005868       0x78 CMakeFiles/reciver.dir/C_/Pico/pico-sdk/lib/tinyusb/src/class/cdc/cdc_device.c.obj
                0x10005868                cdcd_reset
 .text.cdcd_open
                0x100058e0       0xf8 CMakeFiles/reciver.dir/C_/Pico/pico-sdk/lib/tinyusb/src/class/cdc/cdc_device.c.obj
                0x100058e0                cdcd_open
 .text.cdcd_control_xfer_cb
                0x100059d8      0x138 CMakeFiles/reciver.dir/C_/Pico/pico-sdk/lib/tinyusb/src/class/cdc/cdc_device.c.obj
                0x100059d8                cdcd_control_xfer_cb
 .text.cdcd_xfer_cb
                0x10005b10      0x144 CMakeFiles/reciver.dir/C_/Pico/pico-sdk/lib/tinyusb/src/class/cdc/cdc_device.c.obj
                0x10005b10                cdcd_xfer_cb
 .text.tud_vendor_n_mounted
                0x10005c54       0x38 CMakeFiles/reciver.dir/C_/Pico/pico-sdk/lib/tinyusb/src/class/vendor/vendor_device.c.obj
                0x10005c54                tud_vendor_n_mounted
 .text.tud_vendor_n_write_flush
                0x10005c8c       0x24 CMakeFiles/reciver.dir/C_/Pico/pico-sdk/lib/tinyusb/src/class/vendor/vendor_device.c.obj
                0x10005c8c                tud_vendor_n_write_flush
 .text.vendord_init
                0x10005cb0       0x90 CMakeFiles/reciver.dir/C_/Pico/pico-sdk/lib/tinyusb/src/class/vendor/vendor_device.c.obj
                0x10005cb0                vendord_init
 .text.vendord_deinit
                0x10005d40       0x38 CMakeFiles/reciver.dir/C_/Pico/pico-sdk/lib/tinyusb/src/class/vendor/vendor_device.c.obj
                0x10005d40                vendord_deinit
 .text.vendord_reset
                0x10005d78       0x3c CMakeFiles/reciver.dir/C_/Pico/pico-sdk/lib/tinyusb/src/class/vendor/vendor_device.c.obj
                0x10005d78                vendord_reset
 .text.vendord_open
                0x10005db4      0x174 CMakeFiles/reciver.dir/C_/Pico/pico-sdk/lib/tinyusb/src/class/vendor/vendor_device.c.obj
                0x10005db4                vendord_open
 .text.vendord_xfer_cb
                0x10005f28       0xc0 CMakeFiles/reciver.dir/C_/Pico/pico-sdk/lib/tinyusb/src/class/vendor/vendor_device.c.obj
                0x10005f28                vendord_xfer_cb
 .text.tusb_init
                0x10005fe8       0x24 CMakeFiles/reciver.dir/C_/Pico/pico-sdk/lib/tinyusb/src/tusb.c.obj
                0x10005fe8                tusb_init
 .text.tu_edpt_claim
                0x1000600c       0x50 CMakeFiles/reciver.dir/C_/Pico/pico-sdk/lib/tinyusb/src/tusb.c.obj
                0x1000600c                tu_edpt_claim
 .text.tu_edpt_release
                0x1000605c       0x3c CMakeFiles/reciver.dir/C_/Pico/pico-sdk/lib/tinyusb/src/tusb.c.obj
                0x1000605c                tu_edpt_release
 .text.tu_edpt_validate
                0x10006098       0xac CMakeFiles/reciver.dir/C_/Pico/pico-sdk/lib/tinyusb/src/tusb.c.obj
                0x10006098                tu_edpt_validate
 .text.tu_edpt_bind_driver
                0x10006144       0x26 CMakeFiles/reciver.dir/C_/Pico/pico-sdk/lib/tinyusb/src/tusb.c.obj
                0x10006144                tu_edpt_bind_driver
 .text.tu_edpt_stream_init
                0x1000616a       0x68 CMakeFiles/reciver.dir/C_/Pico/pico-sdk/lib/tinyusb/src/tusb.c.obj
                0x1000616a                tu_edpt_stream_init
 .text.tu_edpt_stream_deinit
                0x100061d2        0x4 CMakeFiles/reciver.dir/C_/Pico/pico-sdk/lib/tinyusb/src/tusb.c.obj
                0x100061d2                tu_edpt_stream_deinit
 *fill*         0x100061d6        0x2 
 .text.tu_edpt_stream_write_zlp_if_needed
                0x100061d8       0x80 CMakeFiles/reciver.dir/C_/Pico/pico-sdk/lib/tinyusb/src/tusb.c.obj
                0x100061d8                tu_edpt_stream_write_zlp_if_needed
 .text.tu_edpt_stream_write_xfer
                0x10006258       0x84 CMakeFiles/reciver.dir/C_/Pico/pico-sdk/lib/tinyusb/src/tusb.c.obj
                0x10006258                tu_edpt_stream_write_xfer
 .text.tu_edpt_stream_read_xfer
                0x100062dc       0xf4 CMakeFiles/reciver.dir/C_/Pico/pico-sdk/lib/tinyusb/src/tusb.c.obj
                0x100062dc                tu_edpt_stream_read_xfer
 .text.advance_index
                0x100063d0       0x1a CMakeFiles/reciver.dir/C_/Pico/pico-sdk/lib/tinyusb/src/common/tusb_fifo.c.obj
 .text._tu_fifo_peek
                0x100063ea       0x56 CMakeFiles/reciver.dir/C_/Pico/pico-sdk/lib/tinyusb/src/common/tusb_fifo.c.obj
 .text._ff_pull_n
                0x10006440       0x68 CMakeFiles/reciver.dir/C_/Pico/pico-sdk/lib/tinyusb/src/common/tusb_fifo.c.obj
 .text._tu_fifo_peek_n
                0x100064a8       0x6a CMakeFiles/reciver.dir/C_/Pico/pico-sdk/lib/tinyusb/src/common/tusb_fifo.c.obj
 .text._tu_fifo_read_n
                0x10006512       0x4e CMakeFiles/reciver.dir/C_/Pico/pico-sdk/lib/tinyusb/src/common/tusb_fifo.c.obj
 .text._ff_push_n
                0x10006560       0x68 CMakeFiles/reciver.dir/C_/Pico/pico-sdk/lib/tinyusb/src/common/tusb_fifo.c.obj
 .text._tu_fifo_write_n
                0x100065c8       0xf0 CMakeFiles/reciver.dir/C_/Pico/pico-sdk/lib/tinyusb/src/common/tusb_fifo.c.obj
 .text.tu_fifo_config
                0x100066b8       0x7c CMakeFiles/reciver.dir/C_/Pico/pico-sdk/lib/tinyusb/src/common/tusb_fifo.c.obj
                0x100066b8                tu_fifo_config
 .text.tu_fifo_count
                0x10006734       0x2a CMakeFiles/reciver.dir/C_/Pico/pico-sdk/lib/tinyusb/src/common/tusb_fifo.c.obj
                0x10006734                tu_fifo_count
 .text.tu_fifo_empty
                0x1000675e       0x10 CMakeFiles/reciver.dir/C_/Pico/pico-sdk/lib/tinyusb/src/common/tusb_fifo.c.obj
                0x1000675e                tu_fifo_empty
 .text.tu_fifo_full
                0x1000676e       0x28 CMakeFiles/reciver.dir/C_/Pico/pico-sdk/lib/tinyusb/src/common/tusb_fifo.c.obj
                0x1000676e                tu_fifo_full
 .text.tu_fifo_remaining
                0x10006796       0x2c CMakeFiles/reciver.dir/C_/Pico/pico-sdk/lib/tinyusb/src/common/tusb_fifo.c.obj
                0x10006796                tu_fifo_remaining
 .text.tu_fifo_read
                0x100067c2       0x42 CMakeFiles/reciver.dir/C_/Pico/pico-sdk/lib/tinyusb/src/common/tusb_fifo.c.obj
                0x100067c2                tu_fifo_read
 .text.tu_fifo_read_n
                0x10006804        0xa CMakeFiles/reciver.dir/C_/Pico/pico-sdk/lib/tinyusb/src/common/tusb_fifo.c.obj
                0x10006804                tu_fifo_read_n
 .text.tu_fifo_write
                0x1000680e       0x64 CMakeFiles/reciver.dir/C_/Pico/pico-sdk/lib/tinyusb/src/common/tusb_fifo.c.obj
                0x1000680e                tu_fifo_write
 .text.tu_fifo_write_n
                0x10006872        0xa CMakeFiles/reciver.dir/C_/Pico/pico-sdk/lib/tinyusb/src/common/tusb_fifo.c.obj
                0x10006872                tu_fifo_write_n
 .text.tu_fifo_clear
                0x1000687c       0x3e CMakeFiles/reciver.dir/C_/Pico/pico-sdk/lib/tinyusb/src/common/tusb_fifo.c.obj
                0x1000687c                tu_fifo_clear
 .text.tu_fifo_set_overwritable
                0x100068ba       0x46 CMakeFiles/reciver.dir/C_/Pico/pico-sdk/lib/tinyusb/src/common/tusb_fifo.c.obj
                0x100068ba                tu_fifo_set_overwritable
 .text.spi_deinit
                0x10006900       0x38 CMakeFiles/reciver.dir/C_/Pico/pico-sdk/src/rp2_common/hardware_spi/spi.c.obj
                0x10006900                spi_deinit
 .text.spi_set_baudrate
                0x10006938       0xb4 CMakeFiles/reciver.dir/C_/Pico/pico-sdk/src/rp2_common/hardware_spi/spi.c.obj
                0x10006938                spi_set_baudrate
 .text.spi_init
                0x100069ec       0x8c CMakeFiles/reciver.dir/C_/Pico/pico-sdk/src/rp2_common/hardware_spi/spi.c.obj
                0x100069ec                spi_init
 .text._ZN4RF243csnEb
                0x10006a78       0x14 CMakeFiles/reciver.dir/__/RF24/RF24.cpp.obj
                0x10006a78                RF24::csn(bool)
 .text._ZN4RF242ceEb
                0x10006a8c       0x14 CMakeFiles/reciver.dir/__/RF24/RF24.cpp.obj
                0x10006a8c                RF24::ce(bool)
 .text._ZN4RF2413read_registerEhPhh
                0x10006aa0       0x86 CMakeFiles/reciver.dir/__/RF24/RF24.cpp.obj
                0x10006aa0                RF24::read_register(unsigned char, unsigned char*, unsigned char)
 .text._ZN4RF2413read_registerEh
                0x10006b26       0x4a CMakeFiles/reciver.dir/__/RF24/RF24.cpp.obj
                0x10006b26                RF24::read_register(unsigned char)
 .text._ZN4RF2414write_registerEhPKhh
                0x10006b70       0x62 CMakeFiles/reciver.dir/__/RF24/RF24.cpp.obj
                0x10006b70                RF24::write_register(unsigned char, unsigned char const*, unsigned char)
 .text._ZN4RF2414write_registerEhh
                0x10006bd2       0x4a CMakeFiles/reciver.dir/__/RF24/RF24.cpp.obj
                0x10006bd2                RF24::write_register(unsigned char, unsigned char)
 .text._ZN4RF2412read_payloadEPvh
                0x10006c1c       0xa2 CMakeFiles/reciver.dir/__/RF24/RF24.cpp.obj
                0x10006c1c                RF24::read_payload(void*, unsigned char)
 .text._ZN4RF248flush_rxEv
                0x10006cbe       0x14 CMakeFiles/reciver.dir/__/RF24/RF24.cpp.obj
                0x10006cbe                RF24::flush_rx()
 .text._ZN4RF248flush_txEv
                0x10006cd2       0x14 CMakeFiles/reciver.dir/__/RF24/RF24.cpp.obj
                0x10006cd2                RF24::flush_tx()
 *fill*         0x10006ce6        0x2 
 .text._ZN4RF249_init_objEv
                0x10006ce8       0x1c CMakeFiles/reciver.dir/__/RF24/RF24.cpp.obj
                0x10006ce8                RF24::_init_obj()
 .text._ZN4RF24C2Ehhm
                0x10006d04       0x36 CMakeFiles/reciver.dir/__/RF24/RF24.cpp.obj
                0x10006d04                RF24::RF24(unsigned char, unsigned char, unsigned long)
                0x10006d04                RF24::RF24(unsigned char, unsigned char, unsigned long)
 .text._ZN4RF2410setChannelEh
                0x10006d3a       0x12 CMakeFiles/reciver.dir/__/RF24/RF24.cpp.obj
                0x10006d3a                RF24::setChannel(unsigned char)
 .text._ZN4RF2414setPayloadSizeEh
                0x10006d4c       0x38 CMakeFiles/reciver.dir/__/RF24/RF24.cpp.obj
                0x10006d4c                RF24::setPayloadSize(unsigned char)
 .text._ZN4RF247isValidEv
                0x10006d84       0x18 CMakeFiles/reciver.dir/__/RF24/RF24.cpp.obj
                0x10006d84                RF24::isValid()
 .text._ZN4RF2410_init_pinsEv
                0x10006d9c       0x38 CMakeFiles/reciver.dir/__/RF24/RF24.cpp.obj
                0x10006d9c                RF24::_init_pins()
 .text._ZN4RF247powerUpEv
                0x10006dd4       0x2c CMakeFiles/reciver.dir/__/RF24/RF24.cpp.obj
                0x10006dd4                RF24::powerUp()
 .text._ZN4RF249availableEv
                0x10006e00       0x12 CMakeFiles/reciver.dir/__/RF24/RF24.cpp.obj
                0x10006e00                RF24::available()
 .text._ZN4RF244readEPvh
                0x10006e12       0x14 CMakeFiles/reciver.dir/__/RF24/RF24.cpp.obj
                0x10006e12                RF24::read(void*, unsigned char)
 .text._ZN4RF2415setAddressWidthEh
                0x10006e26       0x30 CMakeFiles/reciver.dir/__/RF24/RF24.cpp.obj
                0x10006e26                RF24::setAddressWidth(unsigned char)
 *fill*         0x10006e56        0x2 
 .text._ZN4RF2415openReadingPipeEhPKh
                0x10006e58       0x70 CMakeFiles/reciver.dir/__/RF24/RF24.cpp.obj
                0x10006e58                RF24::openReadingPipe(unsigned char, unsigned char const*)
 .text._ZN4RF2416closeReadingPipeEh
                0x10006ec8       0x34 CMakeFiles/reciver.dir/__/RF24/RF24.cpp.obj
                0x10006ec8                RF24::closeReadingPipe(unsigned char)
 .text._ZN4RF2414startListeningEv
                0x10006efc       0x52 CMakeFiles/reciver.dir/__/RF24/RF24.cpp.obj
                0x10006efc                RF24::startListening()
 .text._ZN4RF2415toggle_featuresEv
                0x10006f4e       0x38 CMakeFiles/reciver.dir/__/RF24/RF24.cpp.obj
                0x10006f4e                RF24::toggle_features()
 .text._ZN4RF2410setPALevelEhb
                0x10006f86       0x30 CMakeFiles/reciver.dir/__/RF24/RF24.cpp.obj
                0x10006f86                RF24::setPALevel(unsigned char, bool)
 .text._ZN4RF2411setDataRateE15rf24_datarate_e
                0x10006fb6       0x52 CMakeFiles/reciver.dir/__/RF24/RF24.cpp.obj
                0x10006fb6                RF24::setDataRate(rf24_datarate_e)
 .text._ZN4RF2410setRetriesEhh
                0x10007008       0x24 CMakeFiles/reciver.dir/__/RF24/RF24.cpp.obj
                0x10007008                RF24::setRetries(unsigned char, unsigned char)
 .text._ZN4RF2411_init_radioEv
                0x1000702c       0xd8 CMakeFiles/reciver.dir/__/RF24/RF24.cpp.obj
                0x1000702c                RF24::_init_radio()
 .text._ZN4RF245beginEP3SPI
                0x10007104       0x18 CMakeFiles/reciver.dir/__/RF24/RF24.cpp.obj
                0x10007104                RF24::begin(SPI*)
 .text._ZN4GPIO4openEii
                0x1000711c       0x22 CMakeFiles/reciver.dir/__/RF24/utility/rp2/gpio.cpp.obj
                0x1000711c                GPIO::open(int, int)
 .text._ZN4GPIO5writeEii
                0x1000713e       0x18 CMakeFiles/reciver.dir/__/RF24/utility/rp2/gpio.cpp.obj
                0x1000713e                GPIO::write(int, int)
 *fill*         0x10007156        0x2 
 .text._ZN3SPID2Ev
                0x10007158        0xc CMakeFiles/reciver.dir/__/RF24/utility/rp2/spi.cpp.obj
                0x10007158                SPI::~SPI()
                0x10007158                SPI::~SPI()
 .text._ZN3SPID0Ev
                0x10007164       0x14 CMakeFiles/reciver.dir/__/RF24/utility/rp2/spi.cpp.obj
                0x10007164                SPI::~SPI()
 .text._ZN3SPIC2Ev
                0x10007178        0xc CMakeFiles/reciver.dir/__/RF24/utility/rp2/spi.cpp.obj
                0x10007178                SPI::SPI()
                0x10007178                SPI::SPI()
 .text._ZN3SPI5beginEP8spi_insthhh
                0x10007184       0x24 CMakeFiles/reciver.dir/__/RF24/utility/rp2/spi.cpp.obj
                0x10007184                SPI::begin(spi_inst*, unsigned char, unsigned char, unsigned char)
 .text._ZN3SPI8transferEh
                0x100071a8       0x24 CMakeFiles/reciver.dir/__/RF24/utility/rp2/spi.cpp.obj
                0x100071a8                SPI::transfer(unsigned char)
 .text._ZN3SPI10transfernbEPKhPhm
                0x100071cc        0xa CMakeFiles/reciver.dir/__/RF24/utility/rp2/spi.cpp.obj
                0x100071cc                SPI::transfernb(unsigned char const*, unsigned char*, unsigned long)
 *fill*         0x100071d6        0x2 
 .text._ZN3SPI16beginTransactionEm
                0x100071d8       0x3c CMakeFiles/reciver.dir/__/RF24/utility/rp2/spi.cpp.obj
                0x100071d8                SPI::beginTransaction(unsigned long)
 .text._ZN3SPI14endTransactionEv
                0x10007214        0xa CMakeFiles/reciver.dir/__/RF24/utility/rp2/spi.cpp.obj
                0x10007214                SPI::endTransaction()
 *fill*         0x1000721e        0x2 
 .text.free     0x10007220       0x14 c:/progra~2/gnuarm~1/102021~1.10/bin/../lib/gcc/arm-none-eabi/10.3.1/../../../../arm-none-eabi/lib/thumb/v6-m/nofp\libg.a(lib_a-malloc.o)
                0x10007220                free
 .text.__malloc_lock
                0x10007234       0x10 c:/progra~2/gnuarm~1/102021~1.10/bin/../lib/gcc/arm-none-eabi/10.3.1/../../../../arm-none-eabi/lib/thumb/v6-m/nofp\libg.a(lib_a-mlock.o)
                0x10007234                __malloc_lock
 .text.__malloc_unlock
                0x10007244       0x10 c:/progra~2/gnuarm~1/102021~1.10/bin/../lib/gcc/arm-none-eabi/10.3.1/../../../../arm-none-eabi/lib/thumb/v6-m/nofp\libg.a(lib_a-mlock.o)
                0x10007244                __malloc_unlock
 .text._sbrk_r  0x10007254       0x24 c:/progra~2/gnuarm~1/102021~1.10/bin/../lib/gcc/arm-none-eabi/10.3.1/../../../../arm-none-eabi/lib/thumb/v6-m/nofp\libg.a(lib_a-sbrkr.o)
                0x10007254                _sbrk_r
 .text.strlen   0x10007278       0x5c c:/progra~2/gnuarm~1/102021~1.10/bin/../lib/gcc/arm-none-eabi/10.3.1/../../../../arm-none-eabi/lib/thumb/v6-m/nofp\libg.a(lib_a-strlen-stub.o)
                0x10007278                strlen
 .text._malloc_trim_r
                0x100072d4       0x9c c:/progra~2/gnuarm~1/102021~1.10/bin/../lib/gcc/arm-none-eabi/10.3.1/../../../../arm-none-eabi/lib/thumb/v6-m/nofp\libg.a(lib_a-freer.o)
                0x100072d4                _malloc_trim_r
 .text._free_r  0x10007370      0x1c4 c:/progra~2/gnuarm~1/102021~1.10/bin/../lib/gcc/arm-none-eabi/10.3.1/../../../../arm-none-eabi/lib/thumb/v6-m/nofp\libg.a(lib_a-freer.o)
                0x10007370                _free_r
 .text.__retarget_lock_acquire_recursive
                0x10007534        0x4 c:/progra~2/gnuarm~1/102021~1.10/bin/../lib/gcc/arm-none-eabi/10.3.1/../../../../arm-none-eabi/lib/thumb/v6-m/nofp\libg.a(lib_a-lock.o)
                0x10007534                __retarget_lock_acquire_recursive
 .text.__retarget_lock_release_recursive
                0x10007538        0x4 c:/progra~2/gnuarm~1/102021~1.10/bin/../lib/gcc/arm-none-eabi/10.3.1/../../../../arm-none-eabi/lib/thumb/v6-m/nofp\libg.a(lib_a-lock.o)
                0x10007538                __retarget_lock_release_recursive
 *(.fini)
 .fini          0x1000753c        0x4 c:/progra~2/gnuarm~1/102021~1.10/bin/../lib/gcc/arm-none-eabi/10.3.1/thumb/v6-m/nofp/crti.o
                0x1000753c                _fini
 .fini.__stub   0x10007540       0xe0 linker stubs
 *crtbegin.o(.ctors)
 *crtbegin?.o(.ctors)
 *(EXCLUDE_FILE(*crtend.o *crtend?.o) .ctors)
 *(SORT_BY_NAME(.ctors.*))
 *(.ctors)
 *crtbegin.o(.dtors)
 *crtbegin?.o(.dtors)
 *(EXCLUDE_FILE(*crtend.o *crtend?.o) .dtors)
 *(SORT_BY_NAME(.dtors.*))
 *(.dtors)
                0x10007620                . = ALIGN (0x4)
                0x10007620                PROVIDE (__preinit_array_start = .)
 *(SORT_BY_NAME(.preinit_array.*))
 .preinit_array.00100
                0x10007620        0x4 CMakeFiles/reciver.dir/C_/Pico/pico-sdk/src/rp2_common/pico_runtime_init/runtime_init.c.obj
                0x10007620                __pre_init_runtime_init_early_resets
 .preinit_array.00101
                0x10007624        0x4 CMakeFiles/reciver.dir/C_/Pico/pico-sdk/src/rp2_common/pico_runtime_init/runtime_init.c.obj
                0x10007624                __pre_init_runtime_init_usb_power_down
 .preinit_array.00275
                0x10007628        0x4 CMakeFiles/reciver.dir/C_/Pico/pico-sdk/src/rp2_common/pico_bit_ops/bit_ops_aeabi.S.obj
 .preinit_array.00300
                0x1000762c        0x4 CMakeFiles/reciver.dir/C_/Pico/pico-sdk/src/rp2_common/pico_mem_ops/mem_ops_aeabi.S.obj
 .preinit_array.00350
                0x10007630        0x4 CMakeFiles/reciver.dir/C_/Pico/pico-sdk/src/rp2_common/pico_double/double_aeabi_rp2040.S.obj
 .preinit_array.00350
                0x10007634        0x4 CMakeFiles/reciver.dir/C_/Pico/pico-sdk/src/rp2_common/pico_float/float_aeabi_rp2040.S.obj
 .preinit_array.00500
                0x10007638        0x4 CMakeFiles/reciver.dir/C_/Pico/pico-sdk/src/rp2_common/pico_runtime_init/runtime_init.c.obj
                0x10007638                __pre_init_runtime_init_clocks
 .preinit_array.00600
                0x1000763c        0x4 CMakeFiles/reciver.dir/C_/Pico/pico-sdk/src/rp2_common/pico_runtime_init/runtime_init.c.obj
                0x1000763c                __pre_init_runtime_init_post_clock_resets
 .preinit_array.00700
                0x10007640        0x4 CMakeFiles/reciver.dir/C_/Pico/pico-sdk/src/rp2_common/pico_runtime_init/runtime_init.c.obj
                0x10007640                __pre_init_runtime_init_rp2040_gpio_ie_disable
 .preinit_array.01000
                0x10007644        0x4 CMakeFiles/reciver.dir/C_/Pico/pico-sdk/src/rp2_common/pico_runtime_init/runtime_init.c.obj
                0x10007644                __pre_init_runtime_init_spin_locks_reset
 .preinit_array.01100
                0x10007648        0x4 CMakeFiles/reciver.dir/C_/Pico/pico-sdk/src/common/pico_sync/mutex.c.obj
                0x10007648                __pre_init_runtime_init_mutex
 .preinit_array.10080
                0x1000764c        0x4 CMakeFiles/reciver.dir/C_/Pico/pico-sdk/src/rp2_common/pico_runtime_init/runtime_init.c.obj
                0x1000764c                __pre_init_runtime_init_install_ram_vector_table
 .preinit_array.11000
                0x10007650        0x4 CMakeFiles/reciver.dir/C_/Pico/pico-sdk/src/common/pico_time/time.c.obj
                0x10007650                __pre_init_runtime_init_default_alarm_pool
 .preinit_array.YYYYY
                0x10007654        0x4 CMakeFiles/reciver.dir/C_/Pico/pico-sdk/src/rp2_common/pico_runtime/runtime.c.obj
                0x10007654                __pre_init_first_per_core_initializer
 .preinit_array.ZZZZZ.01200
                0x10007658        0x4 CMakeFiles/reciver.dir/C_/Pico/pico-sdk/src/rp2_common/hardware_irq/irq.c.obj
                0x10007658                __pre_init_runtime_init_per_core_irq_priorities
 *(.preinit_array)
                0x1000765c                PROVIDE (__preinit_array_end = .)
                0x1000765c                . = ALIGN (0x4)
                0x1000765c                PROVIDE (__init_array_start = .)
 *(SORT_BY_NAME(.init_array.*))
 *(.init_array)
 .init_array    0x1000765c        0x4 c:/progra~2/gnuarm~1/102021~1.10/bin/../lib/gcc/arm-none-eabi/10.3.1/thumb/v6-m/nofp/crtbegin.o
 .init_array    0x10007660        0x4 CMakeFiles/reciver.dir/reciver.cpp.obj
 .init_array    0x10007664        0x4 CMakeFiles/reciver.dir/C_/Pico/pico-sdk/src/rp2_common/pico_unique_id/unique_id.c.obj
                0x10007668                PROVIDE (__init_array_end = .)
                0x10007668                . = ALIGN (0x4)
                [!provide]                PROVIDE (__fini_array_start = .)
 *(SORT_BY_NAME(.fini_array.*))
 *(.fini_array)
                [!provide]                PROVIDE (__fini_array_end = .)
 *(.eh_frame*)
 .eh_frame      0x10007668        0x0 c:/progra~2/gnuarm~1/102021~1.10/bin/../lib/gcc/arm-none-eabi/10.3.1/thumb/v6-m/nofp/crtbegin.o
                0x10007668                . = ALIGN (0x4)

.glue_7         0x10007668        0x0
 .glue_7        0x10007668        0x0 linker stubs

.glue_7t        0x10007668        0x0
 .glue_7t       0x10007668        0x0 linker stubs

.vfp11_veneer   0x10007668        0x0
 .vfp11_veneer  0x10007668        0x0 linker stubs

.v4_bx          0x10007668        0x0
 .v4_bx         0x10007668        0x0 linker stubs

.iplt           0x10007668        0x0
 .iplt          0x10007668        0x0 c:/progra~2/gnuarm~1/102021~1.10/bin/../lib/gcc/arm-none-eabi/10.3.1/thumb/v6-m/nofp/crtbegin.o

.rodata         0x10007668     0x13f8
 *(EXCLUDE_FILE(*libm.a: *libc.a:*lib_a-mem*.o *libgcc.a:) .rodata*)
 .rodata._Z5setupv.str1.4
                0x10007668       0x3f CMakeFiles/reciver.dir/reciver.cpp.obj
 *fill*         0x100076a7        0x1 
 .rodata._Z4loopv.str1.4
                0x100076a8       0x38 CMakeFiles/reciver.dir/reciver.cpp.obj
 .rodata        0x100076e0        0xc CMakeFiles/reciver.dir/reciver.cpp.obj
 .rodata.rp2040_chip_version.str1.4
                0x100076ec       0x6d CMakeFiles/reciver.dir/C_/Pico/pico-sdk/src/rp2040/pico_platform/platform.c.obj
 *fill*         0x10007759        0x3 
 .rodata.__func__.0
                0x1000775c       0x14 CMakeFiles/reciver.dir/C_/Pico/pico-sdk/src/rp2040/pico_platform/platform.c.obj
 .rodata.panic.str1.4
                0x10007770       0x12 CMakeFiles/reciver.dir/C_/Pico/pico-sdk/src/rp2_common/pico_platform_panic/panic.c.obj
 *fill*         0x10007782        0x2 
 .rodata.spin_lock_claim_unused.str1.4
                0x10007784       0x1b CMakeFiles/reciver.dir/C_/Pico/pico-sdk/src/rp2_common/hardware_sync/sync.c.obj
 *fill*         0x1000779f        0x1 
 .rodata.make_j_16.str1.4
                0x100077a0       0x63 CMakeFiles/reciver.dir/C_/Pico/pico-sdk/src/rp2_common/hardware_irq/irq.c.obj
 *fill*         0x10007803        0x1 
 .rodata.irq_set_exclusive_handler.str1.4
                0x10007804       0x36 CMakeFiles/reciver.dir/C_/Pico/pico-sdk/src/rp2_common/hardware_irq/irq.c.obj
 *fill*         0x1000783a        0x2 
 .rodata.irq_add_shared_handler.str1.4
                0x1000783c       0xe9 CMakeFiles/reciver.dir/C_/Pico/pico-sdk/src/rp2_common/hardware_irq/irq.c.obj
 *fill*         0x10007925        0x3 
 .rodata.irq_add_tail_to_free_list.str1.4
                0x10007928       0x3a CMakeFiles/reciver.dir/C_/Pico/pico-sdk/src/rp2_common/hardware_irq/irq.c.obj
 *fill*         0x10007962        0x2 
 .rodata.user_irq_claim_unused.str1.4
                0x10007964       0x1b CMakeFiles/reciver.dir/C_/Pico/pico-sdk/src/rp2_common/hardware_irq/irq.c.obj
 *fill*         0x1000797f        0x1 
 .rodata.__func__.0
                0x10007980       0x1a CMakeFiles/reciver.dir/C_/Pico/pico-sdk/src/rp2_common/hardware_irq/irq.c.obj
 *fill*         0x1000799a        0x2 
 .rodata.__func__.3
                0x1000799c        0xa CMakeFiles/reciver.dir/C_/Pico/pico-sdk/src/rp2_common/hardware_irq/irq.c.obj
 *fill*         0x100079a6        0x2 
 .rodata.__func__.4
                0x100079a8        0xd CMakeFiles/reciver.dir/C_/Pico/pico-sdk/src/rp2_common/hardware_irq/irq.c.obj
 *fill*         0x100079b5        0x3 
 .rodata.__func__.5
                0x100079b8       0x17 CMakeFiles/reciver.dir/C_/Pico/pico-sdk/src/rp2_common/hardware_irq/irq.c.obj
 *fill*         0x100079cf        0x1 
 .rodata.__func__.6
                0x100079d0       0x1a CMakeFiles/reciver.dir/C_/Pico/pico-sdk/src/rp2_common/hardware_irq/irq.c.obj
 *fill*         0x100079ea        0x2 
 .rodata.runtime_init_mutex.str1.4
                0x100079ec       0x4e CMakeFiles/reciver.dir/C_/Pico/pico-sdk/src/common/pico_sync/mutex.c.obj
 *fill*         0x10007a3a        0x2 
 .rodata.str1.4
                0x10007a3c       0x51 CMakeFiles/reciver.dir/C_/Pico/pico-sdk/src/common/pico_sync/mutex.c.obj
 *fill*         0x10007a8d        0x3 
 .rodata.__func__.1
                0x10007a90        0xb CMakeFiles/reciver.dir/C_/Pico/pico-sdk/src/common/pico_sync/mutex.c.obj
 *fill*         0x10007a9b        0x1 
 .rodata.__func__.3
                0x10007a9c       0x18 CMakeFiles/reciver.dir/C_/Pico/pico-sdk/src/common/pico_sync/mutex.c.obj
 .rodata.__func__.6
                0x10007ab4       0x13 CMakeFiles/reciver.dir/C_/Pico/pico-sdk/src/common/pico_sync/mutex.c.obj
 *fill*         0x10007ac7        0x1 
 .rodata.alarm_pool_irq_handler.str1.4
                0x10007ac8       0x59 CMakeFiles/reciver.dir/C_/Pico/pico-sdk/src/common/pico_time/time.c.obj
 *fill*         0x10007b21        0x3 
 .rodata.alarm_pool_get_default.str1.4
                0x10007b24       0x21 CMakeFiles/reciver.dir/C_/Pico/pico-sdk/src/common/pico_time/time.c.obj
 *fill*         0x10007b45        0x3 
 .rodata.sleep_until.str1.4
                0x10007b48       0x4d CMakeFiles/reciver.dir/C_/Pico/pico-sdk/src/common/pico_time/time.c.obj
 *fill*         0x10007b95        0x3 
 .rodata.__func__.1
                0x10007b98       0x17 CMakeFiles/reciver.dir/C_/Pico/pico-sdk/src/common/pico_time/time.c.obj
 *fill*         0x10007baf        0x1 
 .rodata.__func__.2
                0x10007bb0       0x17 CMakeFiles/reciver.dir/C_/Pico/pico-sdk/src/common/pico_time/time.c.obj
 *fill*         0x10007bc7        0x1 
 .rodata.timer_hardware_alarm_claim.str1.4
                0x10007bc8       0x22 CMakeFiles/reciver.dir/C_/Pico/pico-sdk/src/rp2_common/hardware_timer/timer.c.obj
 *fill*         0x10007bea        0x2 
 .rodata.pll_init.str1.4
                0x10007bec      0x108 CMakeFiles/reciver.dir/C_/Pico/pico-sdk/src/rp2_common/hardware_pll/pll.c.obj
 .rodata.__func__.0
                0x10007cf4        0x9 CMakeFiles/reciver.dir/C_/Pico/pico-sdk/src/rp2_common/hardware_pll/pll.c.obj
 *fill*         0x10007cfd        0x3 
 .rodata.__aeabi_double_init.str1.4
                0x10007d00       0x89 CMakeFiles/reciver.dir/C_/Pico/pico-sdk/src/rp2_common/pico_double/double_init_rom_rp2040.c.obj
 *fill*         0x10007d89        0x3 
 .rodata.__func__.0
                0x10007d8c       0x14 CMakeFiles/reciver.dir/C_/Pico/pico-sdk/src/rp2_common/pico_double/double_init_rom_rp2040.c.obj
 .rodata.__aeabi_float_init.str1.4
                0x10007da0       0x77 CMakeFiles/reciver.dir/C_/Pico/pico-sdk/src/rp2_common/pico_float/float_init_rom_rp2040.c.obj
                                 0x7b (size before relaxing)
 *fill*         0x10007e17        0x1 
 .rodata.__func__.0
                0x10007e18       0x13 CMakeFiles/reciver.dir/C_/Pico/pico-sdk/src/rp2_common/pico_float/float_init_rom_rp2040.c.obj
 *fill*         0x10007e2b        0x1 
 .rodata.str1.4
                0x10007e2c       0x3c CMakeFiles/reciver.dir/C_/Pico/pico-sdk/src/rp2_common/pico_standard_binary_info/standard_binary_info.c.obj
 .rodata.__bi_26
                0x10007e68        0xc CMakeFiles/reciver.dir/C_/Pico/pico-sdk/src/rp2_common/pico_standard_binary_info/standard_binary_info.c.obj
 .rodata.__bi_34
                0x10007e74        0xc CMakeFiles/reciver.dir/C_/Pico/pico-sdk/src/rp2_common/pico_standard_binary_info/standard_binary_info.c.obj
 .rodata.__bi_42
                0x10007e80        0xc CMakeFiles/reciver.dir/C_/Pico/pico-sdk/src/rp2_common/pico_standard_binary_info/standard_binary_info.c.obj
 .rodata.__bi_48
                0x10007e8c        0xc CMakeFiles/reciver.dir/C_/Pico/pico-sdk/src/rp2_common/pico_standard_binary_info/standard_binary_info.c.obj
 .rodata.__bi_54
                0x10007e98        0xc CMakeFiles/reciver.dir/C_/Pico/pico-sdk/src/rp2_common/pico_standard_binary_info/standard_binary_info.c.obj
 .rodata.__bi_78
                0x10007ea4        0xc CMakeFiles/reciver.dir/C_/Pico/pico-sdk/src/rp2_common/pico_standard_binary_info/standard_binary_info.c.obj
 .rodata.__bi_84
                0x10007eb0        0xc CMakeFiles/reciver.dir/C_/Pico/pico-sdk/src/rp2_common/pico_standard_binary_info/standard_binary_info.c.obj
 .rodata._ftoa.str1.4
                0x10007ebc       0x15 CMakeFiles/reciver.dir/C_/Pico/pico-sdk/src/rp2_common/pico_printf/printf.c.obj
 *fill*         0x10007ed1        0x3 
 .rodata._vsnprintf
                0x10007ed4      0x1e0 CMakeFiles/reciver.dir/C_/Pico/pico-sdk/src/rp2_common/pico_printf/printf.c.obj
 *fill*         0x100080b4        0x4 
 .rodata.pow10.0
                0x100080b8       0x50 CMakeFiles/reciver.dir/C_/Pico/pico-sdk/src/rp2_common/pico_printf/printf.c.obj
 .rodata.__assert_func.str1.4
                0x10008108       0x3f CMakeFiles/reciver.dir/C_/Pico/pico-sdk/src/rp2_common/pico_clib_interface/newlib_interface.c.obj
                                 0x43 (size before relaxing)
 *fill*         0x10008147        0x1 
 .rodata.crlf_str.0
                0x10008148        0x2 CMakeFiles/reciver.dir/C_/Pico/pico-sdk/src/rp2_common/pico_stdio/stdio.c.obj
 *fill*         0x1000814a        0x2 
 .rodata._resetd_driver
                0x1000814c       0x20 CMakeFiles/reciver.dir/C_/Pico/pico-sdk/src/rp2_common/pico_stdio_usb/reset_interface.c.obj
 .rodata.desc_bos
                0x1000816c       0x21 CMakeFiles/reciver.dir/C_/Pico/pico-sdk/src/rp2_common/pico_stdio_usb/reset_interface.c.obj
                0x1000816c                desc_bos
 *fill*         0x1000818d        0x3 
 .rodata.desc_ms_os_20
                0x10008190       0xa6 CMakeFiles/reciver.dir/C_/Pico/pico-sdk/src/rp2_common/pico_stdio_usb/reset_interface.c.obj
 *fill*         0x10008236        0x2 
 .rodata.stdio_usb_init.str1.4
                0x10008238       0x43 CMakeFiles/reciver.dir/C_/Pico/pico-sdk/src/rp2_common/pico_stdio_usb/stdio_usb.c.obj
 *fill*         0x1000827b        0x1 
 .rodata.str1.4
                0x1000827c       0x13 CMakeFiles/reciver.dir/C_/Pico/pico-sdk/src/rp2_common/pico_stdio_usb/stdio_usb.c.obj
 *fill*         0x1000828f        0x1 
 .rodata.__bi_197.1
                0x10008290        0xc CMakeFiles/reciver.dir/C_/Pico/pico-sdk/src/rp2_common/pico_stdio_usb/stdio_usb.c.obj
 .rodata.__func__.2
                0x1000829c        0xf CMakeFiles/reciver.dir/C_/Pico/pico-sdk/src/rp2_common/pico_stdio_usb/stdio_usb.c.obj
 *fill*         0x100082ab        0x1 
 .rodata.str1.4
                0x100082ac       0x2a CMakeFiles/reciver.dir/C_/Pico/pico-sdk/src/rp2_common/pico_stdio_usb/stdio_usb_descriptors.c.obj
 *fill*         0x100082d6        0x2 
 .rodata.usbd_desc_cfg
                0x100082d8       0x54 CMakeFiles/reciver.dir/C_/Pico/pico-sdk/src/rp2_common/pico_stdio_usb/stdio_usb_descriptors.c.obj
 .rodata.usbd_desc_device
                0x1000832c       0x12 CMakeFiles/reciver.dir/C_/Pico/pico-sdk/src/rp2_common/pico_stdio_usb/stdio_usb_descriptors.c.obj
 *fill*         0x1000833e        0x2 
 .rodata.usbd_desc_str
                0x10008340       0x18 CMakeFiles/reciver.dir/C_/Pico/pico-sdk/src/rp2_common/pico_stdio_usb/stdio_usb_descriptors.c.obj
 .rodata.pico_get_unique_board_id_string.str1.4
                0x10008358       0x43 CMakeFiles/reciver.dir/C_/Pico/pico-sdk/src/rp2_common/pico_unique_id/unique_id.c.obj
 *fill*         0x1000839b        0x1 
 .rodata.__func__.0
                0x1000839c       0x20 CMakeFiles/reciver.dir/C_/Pico/pico-sdk/src/rp2_common/pico_unique_id/unique_id.c.obj
 .rodata.str1.4
                0x100083bc      0x185 CMakeFiles/reciver.dir/C_/Pico/pico-sdk/src/rp2_common/hardware_flash/flash.c.obj
 *fill*         0x10008541        0x3 
 .rodata.__func__.0
                0x10008544        0xd CMakeFiles/reciver.dir/C_/Pico/pico-sdk/src/rp2_common/hardware_flash/flash.c.obj
 *fill*         0x10008551        0x3 
 .rodata._hw_endpoint_alloc.str1.4
                0x10008554       0xad CMakeFiles/reciver.dir/C_/Pico/pico-sdk/lib/tinyusb/src/portable/raspberrypi/rp2040/dcd_rp2040.c.obj
 *fill*         0x10008601        0x3 
 .rodata.str1.4
                0x10008604       0x14 CMakeFiles/reciver.dir/C_/Pico/pico-sdk/lib/tinyusb/src/portable/raspberrypi/rp2040/dcd_rp2040.c.obj
 .rodata.dcd_int_enable.str1.4
                0x10008618        0xc CMakeFiles/reciver.dir/C_/Pico/pico-sdk/lib/tinyusb/src/portable/raspberrypi/rp2040/dcd_rp2040.c.obj
 .rodata.__func__.0
                0x10008624        0xe CMakeFiles/reciver.dir/C_/Pico/pico-sdk/lib/tinyusb/src/portable/raspberrypi/rp2040/dcd_rp2040.c.obj
 *fill*         0x10008632        0x2 
 .rodata.__func__.1
                0x10008634        0xe CMakeFiles/reciver.dir/C_/Pico/pico-sdk/lib/tinyusb/src/portable/raspberrypi/rp2040/dcd_rp2040.c.obj
 *fill*         0x10008642        0x2 
 .rodata.__func__.3
                0x10008644       0x10 CMakeFiles/reciver.dir/C_/Pico/pico-sdk/lib/tinyusb/src/portable/raspberrypi/rp2040/dcd_rp2040.c.obj
 .rodata.__func__.5
                0x10008654        0xf CMakeFiles/reciver.dir/C_/Pico/pico-sdk/lib/tinyusb/src/portable/raspberrypi/rp2040/dcd_rp2040.c.obj
 *fill*         0x10008663        0x1 
 .rodata.__func__.6
                0x10008664       0x13 CMakeFiles/reciver.dir/C_/Pico/pico-sdk/lib/tinyusb/src/portable/raspberrypi/rp2040/dcd_rp2040.c.obj
 *fill*         0x10008677        0x1 
 .rodata.__func__.7
                0x10008678        0x9 CMakeFiles/reciver.dir/C_/Pico/pico-sdk/lib/tinyusb/src/portable/raspberrypi/rp2040/dcd_rp2040.c.obj
 *fill*         0x10008681        0x3 
 .rodata.str1.4
                0x10008684       0xd4 CMakeFiles/reciver.dir/C_/Pico/pico-sdk/lib/tinyusb/src/portable/raspberrypi/rp2040/rp2040_usb.c.obj
 .rodata.hw_endpoint_xfer_start.str1.4
                0x10008758       0x38 CMakeFiles/reciver.dir/C_/Pico/pico-sdk/lib/tinyusb/src/portable/raspberrypi/rp2040/rp2040_usb.c.obj
 .rodata.__func__.0
                0x10008790        0xf CMakeFiles/reciver.dir/C_/Pico/pico-sdk/lib/tinyusb/src/portable/raspberrypi/rp2040/rp2040_usb.c.obj
 *fill*         0x1000879f        0x1 
 .rodata.configuration_reset.str1.4
                0x100087a0       0x17 CMakeFiles/reciver.dir/C_/Pico/pico-sdk/lib/tinyusb/src/device/usbd.c.obj
 *fill*         0x100087b7        0x1 
 .rodata.process_get_descriptor
                0x100087b8       0x40 CMakeFiles/reciver.dir/C_/Pico/pico-sdk/lib/tinyusb/src/device/usbd.c.obj
 .rodata        0x100087f8       0x1c CMakeFiles/reciver.dir/C_/Pico/pico-sdk/lib/tinyusb/src/device/usbd.c.obj
 .rodata.process_control_request
                0x10008814       0x28 CMakeFiles/reciver.dir/C_/Pico/pico-sdk/lib/tinyusb/src/device/usbd.c.obj
 .rodata.tud_task_ext
                0x1000883c       0x24 CMakeFiles/reciver.dir/C_/Pico/pico-sdk/lib/tinyusb/src/device/usbd.c.obj
 .rodata.__func__.1
                0x10008860        0xf CMakeFiles/reciver.dir/C_/Pico/pico-sdk/lib/tinyusb/src/device/usbd.c.obj
 *fill*         0x1000886f        0x1 
 .rodata.__func__.10
                0x10008870        0x9 CMakeFiles/reciver.dir/C_/Pico/pico-sdk/lib/tinyusb/src/device/usbd.c.obj
 *fill*         0x10008879        0x3 
 .rodata.__func__.2
                0x1000887c        0xf CMakeFiles/reciver.dir/C_/Pico/pico-sdk/lib/tinyusb/src/device/usbd.c.obj
 *fill*         0x1000888b        0x1 
 .rodata.__func__.3
                0x1000888c       0x14 CMakeFiles/reciver.dir/C_/Pico/pico-sdk/lib/tinyusb/src/device/usbd.c.obj
 .rodata.__func__.4
                0x100088a0        0xc CMakeFiles/reciver.dir/C_/Pico/pico-sdk/lib/tinyusb/src/device/usbd.c.obj
 .rodata.__func__.5
                0x100088ac       0x17 CMakeFiles/reciver.dir/C_/Pico/pico-sdk/lib/tinyusb/src/device/usbd.c.obj
 *fill*         0x100088c3        0x1 
 .rodata.__func__.6
                0x100088c4       0x13 CMakeFiles/reciver.dir/C_/Pico/pico-sdk/lib/tinyusb/src/device/usbd.c.obj
 *fill*         0x100088d7        0x1 
 .rodata.__func__.7
                0x100088d8       0x18 CMakeFiles/reciver.dir/C_/Pico/pico-sdk/lib/tinyusb/src/device/usbd.c.obj
 .rodata.__func__.8
                0x100088f0       0x14 CMakeFiles/reciver.dir/C_/Pico/pico-sdk/lib/tinyusb/src/device/usbd.c.obj
 .rodata.__func__.9
                0x10008904        0xd CMakeFiles/reciver.dir/C_/Pico/pico-sdk/lib/tinyusb/src/device/usbd.c.obj
 *fill*         0x10008911        0x3 
 .rodata._usbd_driver
                0x10008914       0x40 CMakeFiles/reciver.dir/C_/Pico/pico-sdk/lib/tinyusb/src/device/usbd.c.obj
 .rodata.tud_control_xfer.str1.4
                0x10008954       0x17 CMakeFiles/reciver.dir/C_/Pico/pico-sdk/lib/tinyusb/src/device/usbd_control.c.obj
 .rodata.__func__.0
                0x10008954       0x15 CMakeFiles/reciver.dir/C_/Pico/pico-sdk/lib/tinyusb/src/device/usbd_control.c.obj
 *fill*         0x10008969        0x3 
 .rodata.__func__.1
                0x1000896c       0x11 CMakeFiles/reciver.dir/C_/Pico/pico-sdk/lib/tinyusb/src/device/usbd_control.c.obj
 .rodata.tud_cdc_n_write_flush.str1.4
                0x1000897d       0x17 CMakeFiles/reciver.dir/C_/Pico/pico-sdk/lib/tinyusb/src/class/cdc/cdc_device.c.obj
 *fill*         0x1000897d        0x3 
 .rodata.__func__.0
                0x10008980        0xd CMakeFiles/reciver.dir/C_/Pico/pico-sdk/lib/tinyusb/src/class/cdc/cdc_device.c.obj
 *fill*         0x1000898d        0x3 
 .rodata.__func__.1
                0x10008990        0xa CMakeFiles/reciver.dir/C_/Pico/pico-sdk/lib/tinyusb/src/class/cdc/cdc_device.c.obj
 *fill*         0x1000899a        0x2 
 .rodata.__func__.3
                0x1000899c       0x16 CMakeFiles/reciver.dir/C_/Pico/pico-sdk/lib/tinyusb/src/class/cdc/cdc_device.c.obj
 .rodata.vendord_open.str1.4
                0x100089b2       0x17 CMakeFiles/reciver.dir/C_/Pico/pico-sdk/lib/tinyusb/src/class/vendor/vendor_device.c.obj
 *fill*         0x100089b2        0x2 
 .rodata.__func__.0
                0x100089b4        0xd CMakeFiles/reciver.dir/C_/Pico/pico-sdk/lib/tinyusb/src/class/vendor/vendor_device.c.obj
 .rodata.tusb_init.str1.4
                0x100089c1       0x17 CMakeFiles/reciver.dir/C_/Pico/pico-sdk/lib/tinyusb/src/tusb.c.obj
 *fill*         0x100089c1        0x3 
 .rodata.__func__.0
                0x100089c4       0x19 CMakeFiles/reciver.dir/C_/Pico/pico-sdk/lib/tinyusb/src/tusb.c.obj
 *fill*         0x100089dd        0x3 
 .rodata.__func__.2
                0x100089e0       0x1a CMakeFiles/reciver.dir/C_/Pico/pico-sdk/lib/tinyusb/src/tusb.c.obj
 *fill*         0x100089fa        0x2 
 .rodata.__func__.3
                0x100089fc       0x23 CMakeFiles/reciver.dir/C_/Pico/pico-sdk/lib/tinyusb/src/tusb.c.obj
 *fill*         0x10008a1f        0x1 
 .rodata.__func__.4
                0x10008a20       0x11 CMakeFiles/reciver.dir/C_/Pico/pico-sdk/lib/tinyusb/src/tusb.c.obj
 *fill*         0x10008a31        0x3 
 .rodata.__func__.5
                0x10008a34        0xa CMakeFiles/reciver.dir/C_/Pico/pico-sdk/lib/tinyusb/src/tusb.c.obj
 *fill*         0x10008a3e        0x2 
 .rodata._ZL10child_pipe
                0x10008a40        0x6 CMakeFiles/reciver.dir/__/RF24/RF24.cpp.obj
 *fill*         0x10008a46        0x2 
 .rodata._ZL17child_pipe_enable
                0x10008a48        0x6 CMakeFiles/reciver.dir/__/RF24/RF24.cpp.obj
 *fill*         0x10008a4e        0x2 
 .rodata._ZTV3SPI
                0x10008a50       0x10 CMakeFiles/reciver.dir/__/RF24/utility/rp2/spi.cpp.obj
                0x10008a50                vtable for SPI
                0x10008a60                . = ALIGN (0x4)
 *(SORT_BY_ALIGNMENT(SORT_BY_NAME(.flashdata*)))
                0x10008a60                . = ALIGN (0x4)

.ARM.extab
 *(.ARM.extab* .gnu.linkonce.armextab.*)
                0x10008a60                __exidx_start = .

.ARM.exidx
 *(.ARM.exidx* .gnu.linkonce.armexidx.*)
                0x10008a60                __exidx_end = .
                0x10008a60                . = ALIGN (0x4)
                0x10008a60                __binary_info_start = .

.binary_info    0x10008a60       0x20
 *(.binary_info.keep.*)
 .binary_info.keep.__bi_ptr26
                0x10008a60        0x4 CMakeFiles/reciver.dir/C_/Pico/pico-sdk/src/rp2_common/pico_standard_binary_info/standard_binary_info.c.obj
 .binary_info.keep.__bi_ptr34
                0x10008a64        0x4 CMakeFiles/reciver.dir/C_/Pico/pico-sdk/src/rp2_common/pico_standard_binary_info/standard_binary_info.c.obj
 .binary_info.keep.__bi_ptr42
                0x10008a68        0x4 CMakeFiles/reciver.dir/C_/Pico/pico-sdk/src/rp2_common/pico_standard_binary_info/standard_binary_info.c.obj
 .binary_info.keep.__bi_ptr48
                0x10008a6c        0x4 CMakeFiles/reciver.dir/C_/Pico/pico-sdk/src/rp2_common/pico_standard_binary_info/standard_binary_info.c.obj
 .binary_info.keep.__bi_ptr54
                0x10008a70        0x4 CMakeFiles/reciver.dir/C_/Pico/pico-sdk/src/rp2_common/pico_standard_binary_info/standard_binary_info.c.obj
 .binary_info.keep.__bi_ptr78