Archive member included to satisfy reference by file (symbol)

..\electricui-embedded\libelectricui.a(electricui.c.obj)
                              CMakeFiles/reciver.dir/reciver.cpp.obj (eui_parse)
..\electricui-embedded\libelectricui.a(eui_utilities.c.obj)
                              ..\electricui-embedded\libelectricui.a(electricui.c.obj) (crc16)
..\electricui-embedded\libelectricui.a(eui_binary_transport.c.obj)
                              ..\electricui-embedded\libelectricui.a(electricui.c.obj) (encode_packet)
c:/progra~2/gnuarm~1/102021~1.10/bin/../lib/gcc/arm-none-eabi/10.3.1/thumb/v6-m/nofp\libgcc.a(_dvmd_tls.o)
                              CMakeFiles/reciver.dir/C_/Pico/pico-sdk/src/rp2_common/pico_divider/divider_hardware.S.obj (__aeabi_idiv0)
c:/progra~2/gnuarm~1/102021~1.10/bin/../lib/gcc/arm-none-eabi/10.3.1/../../../../arm-none-eabi/lib/thumb/v6-m/nofp\libg.a(lib_a-calloc.o)
                              CMakeFiles/reciver.dir/C_/Pico/pico-sdk/src/rp2_common/pico_malloc/malloc.c.obj (calloc)
c:/progra~2/gnuarm~1/102021~1.10/bin/../lib/gcc/arm-none-eabi/10.3.1/../../../../arm-none-eabi/lib/thumb/v6-m/nofp\libg.a(lib_a-callocr.o)
                              c:/progra~2/gnuarm~1/102021~1.10/bin/../lib/gcc/arm-none-eabi/10.3.1/../../../../arm-none-eabi/lib/thumb/v6-m/nofp\libg.a(lib_a-calloc.o) (_calloc_r)
c:/progra~2/gnuarm~1/102021~1.10/bin/../lib/gcc/arm-none-eabi/10.3.1/../../../../arm-none-eabi/lib/thumb/v6-m/nofp\libg.a(lib_a-ctype_.o)
                              CMakeFiles/reciver.dir/C_/Pico/pico-sdk/lib/tinyusb/src/tusb.c.obj (_ctype_)
c:/progra~2/gnuarm~1/102021~1.10/bin/../lib/gcc/arm-none-eabi/10.3.1/../../../../arm-none-eabi/lib/thumb/v6-m/nofp\libg.a(lib_a-errno.o)
                              c:/progra~2/gnuarm~1/102021~1.10/bin/../lib/gcc/arm-none-eabi/10.3.1/../../../../arm-none-eabi/lib/thumb/v6-m/nofp\libg.a(lib_a-callocr.o) (__errno)
c:/progra~2/gnuarm~1/102021~1.10/bin/../lib/gcc/arm-none-eabi/10.3.1/../../../../arm-none-eabi/lib/thumb/v6-m/nofp\libg.a(lib_a-impure.o)
                              c:/progra~2/gnuarm~1/102021~1.10/bin/../lib/gcc/arm-none-eabi/10.3.1/../../../../arm-none-eabi/lib/thumb/v6-m/nofp\libg.a(lib_a-calloc.o) (_impure_ptr)
c:/progra~2/gnuarm~1/102021~1.10/bin/../lib/gcc/arm-none-eabi/10.3.1/../../../../arm-none-eabi/lib/thumb/v6-m/nofp\libg.a(lib_a-init.o)
                              c:/progra~2/gnuarm~1/102021~1.10/bin/../lib/gcc/arm-none-eabi/10.3.1/../../../../arm-none-eabi/lib/thumb/v6-m/nofp/crt0.o (__libc_init_array)
c:/progra~2/gnuarm~1/102021~1.10/bin/../lib/gcc/arm-none-eabi/10.3.1/../../../../arm-none-eabi/lib/thumb/v6-m/nofp\libg.a(lib_a-lcltime_r.o)
                              CMakeFiles/reciver.dir/C_/Pico/pico-sdk/src/common/pico_util/datetime.c.obj (localtime_r)
c:/progra~2/gnuarm~1/102021~1.10/bin/../lib/gcc/arm-none-eabi/10.3.1/../../../../arm-none-eabi/lib/thumb/v6-m/nofp\libg.a(lib_a-malloc.o)
                              CMakeFiles/reciver.dir/C_/Pico/pico-sdk/src/rp2_common/pico_malloc/malloc.c.obj (malloc)
c:/progra~2/gnuarm~1/102021~1.10/bin/../lib/gcc/arm-none-eabi/10.3.1/../../../../arm-none-eabi/lib/thumb/v6-m/nofp\libg.a(lib_a-mallocr.o)
                              c:/progra~2/gnuarm~1/102021~1.10/bin/../lib/gcc/arm-none-eabi/10.3.1/../../../../arm-none-eabi/lib/thumb/v6-m/nofp\libg.a(lib_a-callocr.o) (_malloc_r)
c:/progra~2/gnuarm~1/102021~1.10/bin/../lib/gcc/arm-none-eabi/10.3.1/../../../../arm-none-eabi/lib/thumb/v6-m/nofp\libg.a(lib_a-memcmp.o)
                              CMakeFiles/reciver.dir/C_/Pico/pico-sdk/src/rp2_common/pico_atomic/atomic.c.obj (memcmp)
c:/progra~2/gnuarm~1/102021~1.10/bin/../lib/gcc/arm-none-eabi/10.3.1/../../../../arm-none-eabi/lib/thumb/v6-m/nofp\libg.a(lib_a-mktime.o)
                              CMakeFiles/reciver.dir/C_/Pico/pico-sdk/src/common/pico_util/datetime.c.obj (mktime)
c:/progra~2/gnuarm~1/102021~1.10/bin/../lib/gcc/arm-none-eabi/10.3.1/../../../../arm-none-eabi/lib/thumb/v6-m/nofp\libg.a(lib_a-mlock.o)
                              c:/progra~2/gnuarm~1/102021~1.10/bin/../lib/gcc/arm-none-eabi/10.3.1/../../../../arm-none-eabi/lib/thumb/v6-m/nofp\libg.a(lib_a-mallocr.o) (__malloc_lock)
c:/progra~2/gnuarm~1/102021~1.10/bin/../lib/gcc/arm-none-eabi/10.3.1/../../../../arm-none-eabi/lib/thumb/v6-m/nofp\libg.a(lib_a-month_lengths.o)
                              c:/progra~2/gnuarm~1/102021~1.10/bin/../lib/gcc/arm-none-eabi/10.3.1/../../../../arm-none-eabi/lib/thumb/v6-m/nofp\libg.a(lib_a-lcltime_r.o) (__month_lengths)
c:/progra~2/gnuarm~1/102021~1.10/bin/../lib/gcc/arm-none-eabi/10.3.1/../../../../arm-none-eabi/lib/thumb/v6-m/nofp\libg.a(lib_a-realloc.o)
                              CMakeFiles/reciver.dir/C_/Pico/pico-sdk/src/rp2_common/pico_malloc/malloc.c.obj (realloc)
c:/progra~2/gnuarm~1/102021~1.10/bin/../lib/gcc/arm-none-eabi/10.3.1/../../../../arm-none-eabi/lib/thumb/v6-m/nofp\libg.a(lib_a-reallocr.o)
[...]
Memory Configuration

Name             Origin             Length             Attributes
FLASH            0x10000000         0x00200000         xr
RAM              0x20000000         0x00040000         xrw
SCRATCH_X        0x20040000         0x00001000         xrw
SCRATCH_Y        0x20041000         0x00001000         xrw
*default*        0x00000000         0xffffffff

Linker script and memory map

LOAD c:/progra~2/gnuarm~1/102021~1.10/bin/../lib/gcc/arm-none-eabi/10.3.1/thumb/v6-m/nofp/crti.o
LOAD c:/progra~2/gnuarm~1/102021~1.10/bin/../lib/gcc/arm-none-eabi/10.3.1/thumb/v6-m/nofp/crtbegin.o
LOAD c:/progra~2/gnuarm~1/102021~1.10/bin/../lib/gcc/arm-none-eabi/10.3.1/../../../../arm-none-eabi/lib/thumb/v6-m/nofp/crt0.o

.flash_begin    0x10000000        0x0
                0x10000000                __flash_binary_start = .

.boot2          0x10000000      0x100
                0x10000000                __boot2_start__ = .
 *(.boot2)
 .boot2         0x10000000      0x100 ..\pico-sdk\src\rp2040\boot_stage2\CMakeFiles\bs2_default_library.dir\bs2_default_padded_checksummed.S.obj
                0x10000100                __boot2_end__ = .
                0x00000001                ASSERT (((__boot2_end__ - __boot2_start__) == 0x100), ERROR: Pico second stage bootloader must be 256 bytes in size)

.text           0x10000100     0x8898
                0x10000100                __logical_binary_start = .
 *(.vectors)
 .vectors       0x10000100       0xd4 CMakeFiles/reciver.dir/C_/Pico/pico-sdk/src/rp2_common/pico_crt0/crt0.S.obj
                0x10000100                __VECTOR_TABLE
                0x10000100                __vectors
                0x100001c0                isr_invalid
                0x100001c0                __default_isrs_start
                0x100001c2                isr_nmi
                0x100001c4                isr_hardfault
                0x100001c6                isr_svcall
                0x100001c8                isr_pendsv
                0x100001ca                isr_systick
                0x100001cc                isr_irq23
                0x100001cc                isr_irq18
                0x100001cc                isr_irq11
                0x100001cc                isr_irq28
                0x100001cc                isr_irq19
                0x100001cc                isr_irq0
                0x100001cc                isr_irq6
                0x100001cc                isr_irq5
                0x100001cc                isr_irq12
                0x100001cc                isr_irq22
                0x100001cc                isr_irq31
                0x100001cc                isr_irq17
                0x100001cc                isr_irq27
                0x100001cc                isr_irq30
                0x100001cc                isr_irq2
                0x100001cc                isr_irq10
                0x100001cc                isr_irq8
                0x100001cc                isr_irq24
                0x100001cc                isr_irq1
                0x100001cc                isr_irq7
                0x100001cc                isr_irq21
                0x100001cc                isr_irq20
                0x100001cc                isr_irq15
                0x100001cc                isr_irq25
                0x100001cc                isr_irq13
                0x100001cc                __unhandled_user_irq
                0x100001cc                isr_irq4
                0x100001cc                isr_irq16
                0x100001cc                isr_irq29
                0x100001cc                isr_irq26
                0x100001cc                __default_isrs_end
                0x100001cc                isr_irq3
                0x100001cc                isr_irq14
                0x100001cc                isr_irq9
                0x100001d2                unhandled_user_irq_num_in_r0
 *(.binary_info_header)
 .binary_info_header
                0x100001d4       0x14 CMakeFiles/reciver.dir/C_/Pico/pico-sdk/src/rp2_common/pico_crt0/crt0.S.obj
                0x100001e8                __binary_info_header_end = .
 *(.embedded_block)
                0x100001e8                __embedded_block_end = .
 *(.reset)
 .reset         0x100001e8       0x9c CMakeFiles/reciver.dir/C_/Pico/pico-sdk/src/rp2_common/pico_crt0/crt0.S.obj
                0x100001e8                _entry_point
 *(.init)
 .init          0x10000284        0x4 c:/progra~2/gnuarm~1/102021~1.10/bin/../lib/gcc/arm-none-eabi/10.3.1/thumb/v6-m/nofp/crti.o
                0x10000284                _init
 *(EXCLUDE_FILE(*libm.a: *libc.a:*lib_a-mem*.o *libgcc.a:) .text*)
 .text          0x10000288       0x48 c:/progra~2/gnuarm~1/102021~1.10/bin/../lib/gcc/arm-none-eabi/10.3.1/thumb/v6-m/nofp/crtbegin.o
 .text._Z9eui_writePht
                0x100002d0       0x40 CMakeFiles/reciver.dir/reciver.cpp.obj
                0x100002d0                eui_write(unsigned char*, unsigned short)
 .text._Z5setupv
                0x10000310       0x8c CMakeFiles/reciver.dir/reciver.cpp.obj
                0x10000310                setup()
 .text._Z4loopv
                0x1000039c       0x4c CMakeFiles/reciver.dir/reciver.cpp.obj
                0x1000039c                loop()
 .text.main     0x100003e8       0x70 CMakeFiles/reciver.dir/reciver.cpp.obj
                0x100003e8                main
 .text._Z41__static_initialization_and_destruction_0ii
                0x10000458       0x48 CMakeFiles/reciver.dir/reciver.cpp.obj
 .text._GLOBAL__sub_I_radio
                0x100004a0       0x10 CMakeFiles/reciver.dir/reciver.cpp.obj
 .text.gpio_set_function
                0x100004b0       0x34 CMakeFiles/reciver.dir/C_/Pico/pico-sdk/src/rp2_common/hardware_gpio/gpio.c.obj
                0x100004b0                gpio_set_function
 .text.gpio_init
                0x100004e4       0x16 CMakeFiles/reciver.dir/C_/Pico/pico-sdk/src/rp2_common/hardware_gpio/gpio.c.obj
                0x100004e4                gpio_init
 *fill*         0x100004fa        0x2 
 .text.rp2040_chip_version
                0x100004fc       0x4c CMakeFiles/reciver.dir/C_/Pico/pico-sdk/src/rp2040/pico_platform/platform.c.obj
                0x100004fc                rp2040_chip_version
 .text.panic    0x10000548       0x30 CMakeFiles/reciver.dir/C_/Pico/pico-sdk/src/rp2_common/pico_platform_panic/panic.c.obj
                0x10000548                panic
 .text.hw_claim_lock
                0x10000578       0x18 CMakeFiles/reciver.dir/C_/Pico/pico-sdk/src/common/hardware_claim/claim.c.obj
                0x10000578                hw_claim_lock
 .text.hw_claim_unlock
                0x10000590       0x14 CMakeFiles/reciver.dir/C_/Pico/pico-sdk/src/common/hardware_claim/claim.c.obj
                0x10000590                hw_claim_unlock
 .text.hw_claim_or_assert
                0x100005a4       0x32 CMakeFiles/reciver.dir/C_/Pico/pico-sdk/src/common/hardware_claim/claim.c.obj
                0x100005a4                hw_claim_or_assert
 .text.hw_claim_unused_from_range
                0x100005d6       0x50 CMakeFiles/reciver.dir/C_/Pico/pico-sdk/src/common/hardware_claim/claim.c.obj
                0x100005d6                hw_claim_unused_from_range
 *fill*         0x10000626        0x2 
 .text.next_striped_spin_lock_num
                0x10000628       0x1c CMakeFiles/reciver.dir/C_/Pico/pico-sdk/src/rp2_common/hardware_sync/sync.c.obj
                0x10000628                next_striped_spin_lock_num
 .text.spin_lock_claim_unused
                0x10000644       0x20 CMakeFiles/reciver.dir/C_/Pico/pico-sdk/src/rp2_common/hardware_sync/sync.c.obj
                0x10000644                spin_lock_claim_unused
 .text.spin_locks_reset
                0x10000664       0x20 CMakeFiles/reciver.dir/C_/Pico/pico-sdk/src/rp2_common/hardware_sync_spin_lock/sync_spin_lock.c.obj
                0x10000664                spin_locks_reset
 .text.set_raw_irq_handler_and_unlock
                0x10000684       0x28 CMakeFiles/reciver.dir/C_/Pico/pico-sdk/src/rp2_common/hardware_irq/irq.c.obj
 .text.nvic_ipr0
                0x100006ac        0x8 CMakeFiles/reciver.dir/C_/Pico/pico-sdk/src/rp2_common/hardware_irq/irq.c.obj
 .text.runtime_init_per_core_irq_priorities
                0x100006b4       0x1c CMakeFiles/reciver.dir/C_/Pico/pico-sdk/src/rp2_common/hardware_irq/irq.c.obj
                0x100006b4                runtime_init_per_core_irq_priorities
 .text.make_j_16
                0x100006d0       0x4c CMakeFiles/reciver.dir/C_/Pico/pico-sdk/src/rp2_common/hardware_irq/irq.c.obj
 .text.insert_bl_32
                0x1000071c       0x40 CMakeFiles/reciver.dir/C_/Pico/pico-sdk/src/rp2_common/hardware_irq/irq.c.obj
 .text.irq_is_enabled
                0x1000075c       0x18 CMakeFiles/reciver.dir/C_/Pico/pico-sdk/src/rp2_common/hardware_irq/irq.c.obj
                0x1000075c                irq_is_enabled
 .text.irq_set_mask_n_enabled
                0x10000774       0x1c CMakeFiles/reciver.dir/C_/Pico/pico-sdk/src/rp2_common/hardware_irq/irq.c.obj
                0x10000774                irq_set_mask_n_enabled
 .text.irq_set_enabled
                0x10000790       0x14 CMakeFiles/reciver.dir/C_/Pico/pico-sdk/src/rp2_common/hardware_irq/irq.c.obj
                0x10000790                irq_set_enabled
 .text.irq_set_pending
                0x100007a4       0x10 CMakeFiles/reciver.dir/C_/Pico/pico-sdk/src/rp2_common/hardware_irq/irq.c.obj
                0x100007a4                irq_set_pending
 .text.irq_get_vtable_handler
                0x100007b4       0x10 CMakeFiles/reciver.dir/C_/Pico/pico-sdk/src/rp2_common/hardware_irq/irq.c.obj
                0x100007b4                irq_get_vtable_handler
 .text.irq_has_shared_handler
                0x100007c4       0x24 CMakeFiles/reciver.dir/C_/Pico/pico-sdk/src/rp2_common/hardware_irq/irq.c.obj
                0x100007c4                irq_has_shared_handler
 .text.irq_set_exclusive_handler
                0x100007e8       0x54 CMakeFiles/reciver.dir/C_/Pico/pico-sdk/src/rp2_common/hardware_irq/irq.c.obj
                0x100007e8                irq_set_exclusive_handler
 .text.irq_add_shared_handler
                0x1000083c      0x238 CMakeFiles/reciver.dir/C_/Pico/pico-sdk/src/rp2_common/hardware_irq/irq.c.obj
                0x1000083c                irq_add_shared_handler
 .text.irq_remove_handler
                0x10000a74      0x1b0 CMakeFiles/reciver.dir/C_/Pico/pico-sdk/src/rp2_common/hardware_irq/irq.c.obj
                0x10000a74                irq_remove_handler
 .text.irq_add_tail_to_free_list
                0x10000c24       0xf4 CMakeFiles/reciver.dir/C_/Pico/pico-sdk/src/rp2_common/hardware_irq/irq.c.obj
                0x10000c24                irq_add_tail_to_free_list
 .text.user_irq_claim_unused
                0x10000d18       0x28 CMakeFiles/reciver.dir/C_/Pico/pico-sdk/src/rp2_common/hardware_irq/irq.c.obj
                0x10000d18                user_irq_claim_unused
 .text.lock_init
                0x10000d40       0x10 CMakeFiles/reciver.dir/C_/Pico/pico-sdk/src/common/pico_sync/lock_core.c.obj
                0x10000d40                lock_init
 .text.mutex_init
                0x10000d50       0x1a CMakeFiles/reciver.dir/C_/Pico/pico-sdk/src/common/pico_sync/mutex.c.obj
                0x10000d50                mutex_init
 .text.recursive_mutex_init
                0x10000d6a       0x1e CMakeFiles/reciver.dir/C_/Pico/pico-sdk/src/common/pico_sync/mutex.c.obj
                0x10000d6a                recursive_mutex_init
 .text.runtime_init_mutex
                0x10000d88       0x4c CMakeFiles/reciver.dir/C_/Pico/pico-sdk/src/common/pico_sync/mutex.c.obj
                0x10000d88                runtime_init_mutex
 .text.critical_section_init_with_lock_num
                0x10000dd4       0x14 CMakeFiles/reciver.dir/C_/Pico/pico-sdk/src/common/pico_sync/critical_section.c.obj
                0x10000dd4                critical_section_init_with_lock_num
 .text.critical_section_init
                0x10000de8       0x14 CMakeFiles/reciver.dir/C_/Pico/pico-sdk/src/common/pico_sync/critical_section.c.obj
                0x10000de8                critical_section_init
 .text.make_alarm_id
                0x10000dfc        0x6 CMakeFiles/reciver.dir/C_/Pico/pico-sdk/src/common/pico_time/time.c.obj
 *fill*         0x10000e02        0x2 
 .text.sleep_until_callback
                0x10000e04       0x30 CMakeFiles/reciver.dir/C_/Pico/pico-sdk/src/common/pico_time/time.c.obj
 .text.alarm_pool_irq_handler
                0x10000e34      0x2f0 CMakeFiles/reciver.dir/C_/Pico/pico-sdk/src/common/pico_time/time.c.obj
 .text.alarm_pool_post_alloc_init
                0x10001124       0x94 CMakeFiles/reciver.dir/C_/Pico/pico-sdk/src/common/pico_time/time.c.obj
 .text.alarm_pool_get_default
                0x100011b8       0x2c CMakeFiles/reciver.dir/C_/Pico/pico-sdk/src/common/pico_time/time.c.obj
                0x100011b8                alarm_pool_get_default
 .text.alarm_pool_add_alarm_at_force_in_context
                0x100011e4       0xb0 CMakeFiles/reciver.dir/C_/Pico/pico-sdk/src/common/pico_time/time.c.obj
                0x100011e4                alarm_pool_add_alarm_at_force_in_context
 .text.alarm_pool_add_alarm_at
                0x10001294       0x3c CMakeFiles/reciver.dir/C_/Pico/pico-sdk/src/common/pico_time/time.c.obj
                0x10001294                alarm_pool_add_alarm_at
 .text.alarm_pool_cancel_alarm
                0x100012d0       0x78 CMakeFiles/reciver.dir/C_/Pico/pico-sdk/src/common/pico_time/time.c.obj
                0x100012d0                alarm_pool_cancel_alarm
 .text.alarm_pool_core_num
                0x10001348        0x4 CMakeFiles/reciver.dir/C_/Pico/pico-sdk/src/common/pico_time/time.c.obj
                0x10001348                alarm_pool_core_num
 .text.sleep_until
                0x1000134c       0xc8 CMakeFiles/reciver.dir/C_/Pico/pico-sdk/src/common/pico_time/time.c.obj
                0x1000134c                sleep_until
 .text.sleep_us
                0x10001414       0x24 CMakeFiles/reciver.dir/C_/Pico/pico-sdk/src/common/pico_time/time.c.obj
                0x10001414                sleep_us
 .text.sleep_ms
                0x10001438       0x14 CMakeFiles/reciver.dir/C_/Pico/pico-sdk/src/common/pico_time/time.c.obj
                0x10001438                sleep_ms
 .text.best_effort_wfe_or_timeout
                0x1000144c      0x114 CMakeFiles/reciver.dir/C_/Pico/pico-sdk/src/common/pico_time/time.c.obj
                0x1000144c                best_effort_wfe_or_timeout
 .text.alarm_pool_get_default_timer
                0x10001560        0x8 CMakeFiles/reciver.dir/C_/Pico/pico-sdk/src/common/pico_time/time.c.obj
                0x10001560                alarm_pool_get_default_timer
 .text.runtime_init_default_alarm_pool
                0x10001568       0x38 CMakeFiles/reciver.dir/C_/Pico/pico-sdk/src/common/pico_time/time.c.obj
                0x10001568                runtime_init_default_alarm_pool
 .text.timer_hardware_alarm_claim
                0x100015a0       0x14 CMakeFiles/reciver.dir/C_/Pico/pico-sdk/src/rp2_common/hardware_timer/timer.c.obj
                0x100015a0                timer_hardware_alarm_claim
 .text.timer_time_us_64
                0x100015b4       0x10 CMakeFiles/reciver.dir/C_/Pico/pico-sdk/src/rp2_common/hardware_timer/timer.c.obj
                0x100015b4                timer_time_us_64
 .text.timer_busy_wait_until
                0x100015c4       0x1a CMakeFiles/reciver.dir/C_/Pico/pico-sdk/src/rp2_common/hardware_timer/timer.c.obj
                0x100015c4                timer_busy_wait_until
 .text.timer_busy_wait_us
                0x100015de       0x38 CMakeFiles/reciver.dir/C_/Pico/pico-sdk/src/rp2_common/hardware_timer/timer.c.obj
                0x100015de                timer_busy_wait_us
 *fill*         0x10001616        0x2 
 .text.time_us_64
                0x10001618       0x10 CMakeFiles/reciver.dir/C_/Pico/pico-sdk/src/rp2_common/hardware_timer/timer.c.obj
                0x10001618                time_us_64
 .text.busy_wait_us
                0x10001628       0x14 CMakeFiles/reciver.dir/C_/Pico/pico-sdk/src/rp2_common/hardware_timer/timer.c.obj
                0x10001628                busy_wait_us
 .text.busy_wait_until
                0x1000163c       0x14 CMakeFiles/reciver.dir/C_/Pico/pico-sdk/src/rp2_common/hardware_timer/timer.c.obj
                0x1000163c                busy_wait_until
 .text.uart_disable_before_lcr_write
                0x10001650       0x48 CMakeFiles/reciver.dir/C_/Pico/pico-sdk/src/rp2_common/hardware_uart/uart.c.obj
 .text.uart_write_lcr_bits_masked
                0x10001698       0x20 CMakeFiles/reciver.dir/C_/Pico/pico-sdk/src/rp2_common/hardware_uart/uart.c.obj
 .text.uart_set_baudrate
                0x100016b8       0x5c CMakeFiles/reciver.dir/C_/Pico/pico-sdk/src/rp2_common/hardware_uart/uart.c.obj
                0x100016b8                uart_set_baudrate
 .text.uart_set_translate_crlf
                0x10001714       0x28 CMakeFiles/reciver.dir/C_/Pico/pico-sdk/src/rp2_common/hardware_uart/uart.c.obj
                0x10001714                uart_set_translate_crlf
 .text.uart_init
                0x1000173c       0x84 CMakeFiles/reciver.dir/C_/Pico/pico-sdk/src/rp2_common/hardware_uart/uart.c.obj
                0x1000173c                uart_init
 .text.clock_configure_internal
                0x100017c0       0xc4 CMakeFiles/reciver.dir/C_/Pico/pico-sdk/src/rp2_common/hardware_clocks/clocks.c.obj
 .text.clock_configure_int_divider
                0x10001884       0x28 CMakeFiles/reciver.dir/C_/Pico/pico-sdk/src/rp2_common/hardware_clocks/clocks.c.obj
                0x10001884                clock_configure_int_divider
 .text.clock_configure_undivided
                0x100018ac       0x12 CMakeFiles/reciver.dir/C_/Pico/pico-sdk/src/rp2_common/hardware_clocks/clocks.c.obj
                0x100018ac                clock_configure_undivided
 *fill*         0x100018be        0x2 
 .text.clock_get_hz
                0x100018c0        0xc CMakeFiles/reciver.dir/C_/Pico/pico-sdk/src/rp2_common/hardware_clocks/clocks.c.obj
                0x100018c0                clock_get_hz
 .text.pll_init
                0x100018cc      0x120 CMakeFiles/reciver.dir/C_/Pico/pico-sdk/src/rp2_common/hardware_pll/pll.c.obj
                0x100018cc                pll_init
 .text.watchdog_update
                0x100019ec       0x14 CMakeFiles/reciver.dir/C_/Pico/pico-sdk/src/rp2_common/hardware_watchdog/watchdog.c.obj
                0x100019ec                watchdog_update
 .text._watchdog_enable
                0x10001a00       0x7c CMakeFiles/reciver.dir/C_/Pico/pico-sdk/src/rp2_common/hardware_watchdog/watchdog.c.obj
                0x10001a00                _watchdog_enable
 .text.watchdog_reboot
                0x10001a7c       0x48 CMakeFiles/reciver.dir/C_/Pico/pico-sdk/src/rp2_common/hardware_watchdog/watchdog.c.obj
                0x10001a7c                watchdog_reboot
 .text.tick_start
                0x10001ac4       0x10 CMakeFiles/reciver.dir/C_/Pico/pico-sdk/src/rp2_common/hardware_ticks/ticks.c.obj
                0x10001ac4                tick_start
 .text.rom_func_lookup
                0x10001ad4       0x10 CMakeFiles/reciver.dir/C_/Pico/pico-sdk/src/rp2_common/pico_bootrom/bootrom.c.obj
                0x10001ad4                rom_func_lookup
 .text.rom_data_lookup
                0x10001ae4       0x10 CMakeFiles/reciver.dir/C_/Pico/pico-sdk/src/rp2_common/pico_bootrom/bootrom.c.obj
                0x10001ae4                rom_data_lookup
 .text.rom_funcs_lookup
                0x10001af4       0x36 CMakeFiles/reciver.dir/C_/Pico/pico-sdk/src/rp2_common/pico_bootrom/bootrom.c.obj
                0x10001af4                rom_funcs_lookup
 *fill*         0x10001b2a        0x2 
 .text.rom_reset_usb_boot_extra
                0x10001b2c       0x24 CMakeFiles/reciver.dir/C_/Pico/pico-sdk/src/rp2_common/pico_bootrom/bootrom.c.obj
                0x10001b2c                rom_reset_usb_boot_extra
 .text.xosc_init
                0x10001b50       0x28 CMakeFiles/reciver.dir/C_/Pico/pico-sdk/src/rp2_common/hardware_xosc/xosc.c.obj
                0x10001b50                xosc_init
 .text.runtime_run_initializers_from
                0x10001b78       0x18 CMakeFiles/reciver.dir/C_/Pico/pico-sdk/src/rp2_common/pico_runtime/runtime.c.obj
 .text.first_per_core_initializer
                0x10001b90        0x2 CMakeFiles/reciver.dir/C_/Pico/pico-sdk/src/rp2_common/pico_runtime/runtime.c.obj
 *fill*         0x10001b92        0x2 
 .text.runtime_run_initializers
                0x10001b94       0x10 CMakeFiles/reciver.dir/C_/Pico/pico-sdk/src/rp2_common/pico_runtime/runtime.c.obj
                0x10001b94                runtime_run_initializers
 .text.runtime_init_early_resets
                0x10001ba4       0x2c CMakeFiles/reciver.dir/C_/Pico/pico-sdk/src/rp2_common/pico_runtime_init/runtime_init.c.obj
                0x10001ba4                runtime_init_early_resets
 .text.runtime_init_usb_power_down
                0x10001bd0       0x1c CMakeFiles/reciver.dir/C_/Pico/pico-sdk/src/rp2_common/pico_runtime_init/runtime_init.c.obj
                0x10001bd0                runtime_init_usb_power_down
 .text.runtime_init_post_clock_resets
                0x10001bec       0x20 CMakeFiles/reciver.dir/C_/Pico/pico-sdk/src/rp2_common/pico_runtime_init/runtime_init.c.obj
                0x10001bec                runtime_init_post_clock_resets
 .text.runtime_init_rp2040_gpio_ie_disable
                0x10001c0c       0x14 CMakeFiles/reciver.dir/C_/Pico/pico-sdk/src/rp2_common/pico_runtime_init/runtime_init.c.obj
                0x10001c0c                runtime_init_rp2040_gpio_ie_disable
 .text.runtime_init_spin_locks_reset
                0x10001c20        0x8 CMakeFiles/reciver.dir/C_/Pico/pico-sdk/src/rp2_common/pico_runtime_init/runtime_init.c.obj
                0x10001c20                runtime_init_spin_locks_reset
 .text.runtime_init_install_ram_vector_table
                0x10001c28       0x1c CMakeFiles/reciver.dir/C_/Pico/pico-sdk/src/rp2_common/pico_runtime_init/runtime_init.c.obj
                0x10001c28                runtime_init_install_ram_vector_table
 .text.start_all_ticks
                0x10001c44       0x28 CMakeFiles/reciver.dir/C_/Pico/pico-sdk/src/rp2_common/pico_runtime_init/runtime_init_clocks.c.obj
 .text.runtime_init_clocks
                0x10001c6c       0xcc CMakeFiles/reciver.dir/C_/Pico/pico-sdk/src/rp2_common/pico_runtime_init/runtime_init_clocks.c.obj
                0x10001c6c                runtime_init_clocks
 .text          0x10001d38       0x10 CMakeFiles/reciver.dir/C_/Pico/pico-sdk/src/rp2_common/pico_bit_ops/bit_ops_aeabi.S.obj
 .text.__wrap___aeabi_idiv
                0x10001d48       0x50 CMakeFiles/reciver.dir/C_/Pico/pico-sdk/src/rp2_common/pico_divider/divider_hardware.S.obj
                0x10001d48                __wrap___aeabi_idivmod
                0x10001d48                divmod_s32s32
                0x10001d48                div_s32s32
                0x10001d48                __wrap___aeabi_idiv
                0x10001d50                divmod_s32s32_unsafe
                0x10001d7c                divmod_s32s32_savestate
 .text.__wrap___aeabi_uidiv
                0x10001d98       0x4c CMakeFiles/reciver.dir/C_/Pico/pico-sdk/src/rp2_common/pico_divider/divider_hardware.S.obj
                0x10001d98                __wrap___aeabi_uidiv
                0x10001d98                __wrap___aeabi_uidivmod
                0x10001d98                div_u32u32
                0x10001d98                divmod_u32u32
                0x10001da0                divmod_u32u32_unsafe
                0x10001dc8                divmod_u32u32_savestate
 .text.__wrap___aeabi_ldiv
                0x10001de4      0x424 CMakeFiles/reciver.dir/C_/Pico/pico-sdk/src/rp2_common/pico_divider/divider_hardware.S.obj
                0x10001de4                div_s64s64
                0x10001de4                divmod_s64s64
                0x10001de4                __wrap___aeabi_ldivmod
                0x10001e14                divmod_u64u64
                0x10001e14                div_u64u64
                0x10001e14                __wrap___aeabi_uldivmod
                0x10001e24                divmod_u64u64_savestate
                0x10001e44                divmod_s64s64_unsafe
                0x10001ecc                divmod_u64u64_unsafe
 .text.__wrap___aeabi_darithmetic
                0x10002208       0x80 CMakeFiles/reciver.dir/C_/Pico/pico-sdk/src/rp2_common/pico_double/double_aeabi_rp2040.S.obj
                0x10002208                __wrap___aeabi_drsub
                0x1000220e                __wrap___aeabi_dsub
                0x10002220                __wrap___aeabi_dadd
                0x10002232                __wrap___aeabi_ddiv
                0x1000226e                __wrap___aeabi_dmul
 .text.__wrap___aeabi_cdcmple
                0x10002288       0x6c CMakeFiles/reciver.dir/C_/Pico/pico-sdk/src/rp2_common/pico_double/double_aeabi_rp2040.S.obj
                0x10002288                __wrap___aeabi_cdrcmple
                0x10002298                __wrap___aeabi_cdcmpeq
                0x10002298                __wrap___aeabi_cdcmple
 .text.__wrap___aeabi_dcmplt
                0x100022f4        0xc CMakeFiles/reciver.dir/C_/Pico/pico-sdk/src/rp2_common/pico_double/double_aeabi_rp2040.S.obj
                0x100022f4                __wrap___aeabi_dcmplt
 .text.__wrap___aeabi_dcmple
                0x10002300       0x10 CMakeFiles/reciver.dir/C_/Pico/pico-sdk/src/rp2_common/pico_double/double_aeabi_rp2040.S.obj
                0x10002300                __wrap___aeabi_dcmple
 .text.__wrap___aeabi_dcmpge
                0x10002310       0x10 CMakeFiles/reciver.dir/C_/Pico/pico-sdk/src/rp2_common/pico_double/double_aeabi_rp2040.S.obj
                0x10002310                __wrap___aeabi_dcmpge
 .text.__wrap___aeabi_dcmpgt
                0x10002320        0xa CMakeFiles/reciver.dir/C_/Pico/pico-sdk/src/rp2_common/pico_double/double_aeabi_rp2040.S.obj
                0x10002320                __wrap___aeabi_dcmpgt
 .text.__wrap___aeabi_dcmpun
                0x1000232a       0x18 CMakeFiles/reciver.dir/C_/Pico/pico-sdk/src/rp2_common/pico_double/double_aeabi_rp2040.S.obj
                0x1000232a                __wrap___aeabi_dcmpun
 *fill*         0x10002342        0x2 
 .text.__wrap___aeabi_i2d
                0x10002344       0x38 CMakeFiles/reciver.dir/C_/Pico/pico-sdk/src/rp2_common/pico_double/double_aeabi_rp2040.S.obj
                0x10002344                __wrap___aeabi_ui2d
                0x1000234c                __wrap___aeabi_i2d
 .text.__wrap___aeabi_d2iz
                0x1000237c       0x48 CMakeFiles/reciver.dir/C_/Pico/pico-sdk/src/rp2_common/pico_double/double_aeabi_rp2040.S.obj
                0x1000237c                double2int_z
                0x1000237c                __wrap___aeabi_d2iz
 .text.__wrap___aeabi_d2uiz
                0x100023c4       0x18 CMakeFiles/reciver.dir/C_/Pico/pico-sdk/src/rp2_common/pico_double/double_aeabi_rp2040.S.obj
                0x100023c4                __wrap___aeabi_d2uiz
                0x100023c4                double2uint
 .text.__aeabi_double_init
                0x100023dc       0xc8 CMakeFiles/reciver.dir/C_/Pico/pico-sdk/src/rp2_common/pico_double/double_init_rom_rp2040.c.obj
                0x100023dc                __aeabi_double_init
 .text.double_table_shim_on_use_helper
                0x100024a4       0x34 CMakeFiles/reciver.dir/C_/Pico/pico-sdk/src/rp2_common/pico_double/double_v1_rom_shim_rp2040.S.obj
                0x100024a4                double_table_shim_on_use_helper
 .text.__wrap___aeabi_dsub
                0x100024d8       0x10 CMakeFiles/reciver.dir/C_/Pico/pico-sdk/src/rp2_common/pico_double/double_v1_rom_shim_rp2040.S.obj
                0x100024d8                drsub_shim
                0x100024de                dsub_shim
 .text.dadd_shim
                0x100024e8      0x15c CMakeFiles/reciver.dir/C_/Pico/pico-sdk/src/rp2_common/pico_double/double_v1_rom_shim_rp2040.S.obj
                0x100024e8                dadd_shim
 .text.dmul_shim
                0x10002644      0x15c CMakeFiles/reciver.dir/C_/Pico/pico-sdk/src/rp2_common/pico_double/double_v1_rom_shim_rp2040.S.obj
                0x10002644                dmul_shim
 .text.ddiv_shim
                0x100027a0      0x1b0 CMakeFiles/reciver.dir/C_/Pico/pico-sdk/src/rp2_common/pico_double/double_v1_rom_shim_rp2040.S.obj
                0x100027a0                ddiv_shim
 .text.double2uint_shim
                0x10002950        0xe CMakeFiles/reciver.dir/C_/Pico/pico-sdk/src/rp2_common/pico_double/double_v1_rom_shim_rp2040.S.obj
                0x10002950                double2uint_shim
                0x10002952                double2ufix_shim
 *fill*         0x1000295e        0x2 
 .text.double2uint64_shim
                0x10002960       0x70 CMakeFiles/reciver.dir/C_/Pico/pico-sdk/src/rp2_common/pico_double/double_v1_rom_shim_rp2040.S.obj
                0x10002960                double2uint64_shim
                0x10002962                double2ufix64_shim
                0x10002982                d2fix_a
 .text.dunpacks
                0x100029d0       0x3c CMakeFiles/reciver.dir/C_/Pico/pico-sdk/src/rp2_common/pico_double/double_v1_rom_shim_rp2040.S.obj
                0x100029d0                dunpacks
 .text.__aeabi_lmul
                0x10002a0c       0x32 CMakeFiles/reciver.dir/C_/Pico/pico-sdk/src/rp2_common/pico_int64_ops/pico_int64_ops_aeabi.S.obj
                0x10002a0c                __wrap___aeabi_lmul
 *fill*         0x10002a3e        0x2 
 .text.__wrap___aeabi_f2d
                0x10002a40       0x14 CMakeFiles/reciver.dir/C_/Pico/pico-sdk/src/rp2_common/pico_float/float_aeabi_rp2040.S.obj
                0x10002a40                __wrap___aeabi_f2d
 .text.__aeabi_float_init
                0x10002a54       0xfc CMakeFiles/reciver.dir/C_/Pico/pico-sdk/src/rp2_common/pico_float/float_init_rom_rp2040.c.obj
                0x10002a54                __aeabi_float_init
 .text.float_table_shim_on_use_helper
                0x10002b50       0x34 CMakeFiles/reciver.dir/C_/Pico/pico-sdk/src/rp2_common/pico_float/float_v1_rom_shim_rp2040.S.obj
                0x10002b50                float_table_shim_on_use_helper
 .text.float2double_shim
                0x10002b84       0x30 CMakeFiles/reciver.dir/C_/Pico/pico-sdk/src/rp2_common/pico_float/float_v1_rom_shim_rp2040.S.obj
                0x10002b84                float2double_shim
 .text.__wrap_free
                0x10002bb4        0x8 CMakeFiles/reciver.dir/C_/Pico/pico-sdk/src/rp2_common/pico_malloc/malloc.c.obj
                0x10002bb4                __wrap_free
 .text          0x10002bbc       0x10 CMakeFiles/reciver.dir/C_/Pico/pico-sdk/src/rp2_common/pico_mem_ops/mem_ops_aeabi.S.obj
                0x10002bbc                __aeabi_mem_init
 .text.memset   0x10002bcc        0xc CMakeFiles/reciver.dir/C_/Pico/pico-sdk/src/rp2_common/pico_mem_ops/mem_ops_aeabi.S.obj
                0x10002bcc                __wrap_memset
 .text.memcpy   0x10002bd8        0xc CMakeFiles/reciver.dir/C_/Pico/pico-sdk/src/rp2_common/pico_mem_ops/mem_ops_aeabi.S.obj
                0x10002bd8                __wrap_memcpy
                0x10002bd8                __wrap___aeabi_memcpy
 .text._ZdlPvj  0x10002be4        0x8 CMakeFiles/reciver.dir/C_/Pico/pico-sdk/src/rp2_common/pico_cxx_options/new_delete.cpp.obj
                0x10002be4                operator delete(void*, unsigned int)
 .text._out_null
                0x10002bec        0x2 CMakeFiles/reciver.dir/C_/Pico/pico-sdk/src/rp2_common/pico_printf/printf.c.obj
 .text._out_fct
                0x10002bee        0xe CMakeFiles/reciver.dir/C_/Pico/pico-sdk/src/rp2_common/pico_printf/printf.c.obj
 .text._atoi    0x10002bfc       0x24 CMakeFiles/reciver.dir/C_/Pico/pico-sdk/src/rp2_common/pico_printf/printf.c.obj
 .text._out_rev
                0x10002c20       0xae CMakeFiles/reciver.dir/C_/Pico/pico-sdk/src/rp2_common/pico_printf/printf.c.obj
 .text._ntoa_format
                0x10002cce      0x112 CMakeFiles/reciver.dir/C_/Pico/pico-sdk/src/rp2_common/pico_printf/printf.c.obj
 .text._ntoa_long
                0x10002de0       0xbc CMakeFiles/reciver.dir/C_/Pico/pico-sdk/src/rp2_common/pico_printf/printf.c.obj
 .text._ntoa_long_long
                0x10002e9c       0xe2 CMakeFiles/reciver.dir/C_/Pico/pico-sdk/src/rp2_common/pico_printf/printf.c.obj
 *fill*         0x10002f7e        0x2 
 .text._etoa    0x10002f80      0x414 CMakeFiles/reciver.dir/C_/Pico/pico-sdk/src/rp2_common/pico_printf/printf.c.obj
 .text._ftoa    0x10003394      0x354 CMakeFiles/reciver.dir/C_/Pico/pico-sdk/src/rp2_common/pico_printf/printf.c.obj
 .text._vsnprintf
                0x100036e8      0x624 CMakeFiles/reciver.dir/C_/Pico/pico-sdk/src/rp2_common/pico_printf/printf.c.obj
 .text.vfctprintf
                0x10003d0c       0x20 CMakeFiles/reciver.dir/C_/Pico/pico-sdk/src/rp2_common/pico_printf/printf.c.obj
                0x10003d0c                vfctprintf
 .text._exit    0x10003d2c        0x4 CMakeFiles/reciver.dir/C_/Pico/pico-sdk/src/rp2_common/pico_clib_interface/newlib_interface.c.obj
                0x10003d2c                _exit
 .text._sbrk    0x10003d30       0x38 CMakeFiles/reciver.dir/C_/Pico/pico-sdk/src/rp2_common/pico_clib_interface/newlib_interface.c.obj
                0x10003d30                _sbrk
 .text.exit     0x10003d68        0x6 CMakeFiles/reciver.dir/C_/Pico/pico-sdk/src/rp2_common/pico_clib_interface/newlib_interface.c.obj
                0x10003d68                exit
 *fill*         0x10003d6e        0x2 
 .text.__assert_func
                0x10003d70       0x3c CMakeFiles/reciver.dir/C_/Pico/pico-sdk/src/rp2_common/pico_clib_interface/newlib_interface.c.obj
                0x10003d70                __assert_func
 .text.runtime_init
                0x10003dac       0x28 CMakeFiles/reciver.dir/C_/Pico/pico-sdk/src/rp2_common/pico_clib_interface/newlib_interface.c.obj
                0x10003dac                runtime_init
 .text.stdio_out_chars_no_crlf
                0x10003dd4        0xe CMakeFiles/reciver.dir/C_/Pico/pico-sdk/src/rp2_common/pico_stdio/stdio.c.obj
 *fill*         0x10003de2        0x2 
 .text.stdio_out_chars_crlf
                0x10003de4       0x80 CMakeFiles/reciver.dir/C_/Pico/pico-sdk/src/rp2_common/pico_stdio/stdio.c.obj
 .text.stdio_stack_buffer_flush
                0x10003e64       0x44 CMakeFiles/reciver.dir/C_/Pico/pico-sdk/src/rp2_common/pico_stdio/stdio.c.obj
 .text.stdio_buffered_printer
                0x10003ea8       0x20 CMakeFiles/reciver.dir/C_/Pico/pico-sdk/src/rp2_common/pico_stdio/stdio.c.obj
 .text.stdout_serialize_begin
                0x10003ec8       0x30 CMakeFiles/reciver.dir/C_/Pico/pico-sdk/src/rp2_common/pico_stdio/stdio.c.obj
                0x10003ec8                stdout_serialize_begin
 .text.stdout_serialize_end
                0x10003ef8       0x10 CMakeFiles/reciver.dir/C_/Pico/pico-sdk/src/rp2_common/pico_stdio/stdio.c.obj
                0x10003ef8                stdout_serialize_end
 .text.stdio_put_string
                0x10003f08       0x94 CMakeFiles/reciver.dir/C_/Pico/pico-sdk/src/rp2_common/pico_stdio/stdio.c.obj
                0x10003f08                stdio_put_string
 .text.stdio_set_driver_enabled
                0x10003f9c       0x2c CMakeFiles/reciver.dir/C_/Pico/pico-sdk/src/rp2_common/pico_stdio/stdio.c.obj
                0x10003f9c                stdio_set_driver_enabled
 .text.stdio_flush
                0x10003fc8       0x20 CMakeFiles/reciver.dir/C_/Pico/pico-sdk/src/rp2_common/pico_stdio/stdio.c.obj
                0x10003fc8                stdio_flush
 .text.stdio_init_all
                0x10003fe8        0xe CMakeFiles/reciver.dir/C_/Pico/pico-sdk/src/rp2_common/pico_stdio/stdio.c.obj
                0x10003fe8                stdio_init_all
 .text.__wrap_puts
                0x10003ff6       0x1e CMakeFiles/reciver.dir/C_/Pico/pico-sdk/src/rp2_common/pico_stdio/stdio.c.obj
                0x10003ff6                stdio_puts
                0x10003ff6                __wrap_puts
 .text.__wrap_vprintf
                0x10004014       0x40 CMakeFiles/reciver.dir/C_/Pico/pico-sdk/src/rp2_common/pico_stdio/stdio.c.obj
                0x10004014                stdio_vprintf
                0x10004014                __wrap_vprintf
 .text.__wrap_printf
                0x10004054       0x18 CMakeFiles/reciver.dir/C_/Pico/pico-sdk/src/rp2_common/pico_stdio/stdio.c.obj
                0x10004054                __wrap_printf
                0x10004054                stdio_printf
 .text.stdio_uart_out_chars
                0x1000406c       0x74 CMakeFiles/reciver.dir/C_/Pico/pico-sdk/src/rp2_common/pico_stdio_uart/stdio_uart.c.obj
 .text.stdio_uart_in_chars
                0x100040e0       0x80 CMakeFiles/reciver.dir/C_/Pico/pico-sdk/src/rp2_common/pico_stdio_uart/stdio_uart.c.obj
                0x100040e0                stdio_uart_in_chars
 .text.on_uart_rx
                0x10004160       0x28 CMakeFiles/reciver.dir/C_/Pico/pico-sdk/src/rp2_common/pico_stdio_uart/stdio_uart.c.obj
 .text.stdio_uart_out_flush
                0x10004188       0x10 CMakeFiles/reciver.dir/C_/Pico/pico-sdk/src/rp2_common/pico_stdio_uart/stdio_uart.c.obj
 .text.stdio_uart_set_chars_available_callback
                0x10004198       0x94 CMakeFiles/reciver.dir/C_/Pico/pico-sdk/src/rp2_common/pico_stdio_uart/stdio_uart.c.obj
 .text.stdio_uart_init_full
                0x1000422c       0x44 CMakeFiles/reciver.dir/C_/Pico/pico-sdk/src/rp2_common/pico_stdio_uart/stdio_uart.c.obj
                0x1000422c                stdio_uart_init_full
 .text.stdio_uart_init
                0x10004270       0x30 CMakeFiles/reciver.dir/C_/Pico/pico-sdk/src/rp2_common/pico_stdio_uart/stdio_uart.c.obj
                0x10004270                stdio_uart_init
 .text.resetd_init
                0x100042a0        0x2 CMakeFiles/reciver.dir/C_/Pico/pico-sdk/src/rp2_common/pico_stdio_usb/reset_interface.c.obj
 *fill*         0x100042a2        0x2 
 .text.resetd_reset
                0x100042a4        0xc CMakeFiles/reciver.dir/C_/Pico/pico-sdk/src/rp2_common/pico_stdio_usb/reset_interface.c.obj
 .text.resetd_open
                0x100042b0       0x34 CMakeFiles/reciver.dir/C_/Pico/pico-sdk/src/rp2_common/pico_stdio_usb/reset_interface.c.obj
 .text.resetd_xfer_cb
                0x100042e4        0x4 CMakeFiles/reciver.dir/C_/Pico/pico-sdk/src/rp2_common/pico_stdio_usb/reset_interface.c.obj
 .text.resetd_control_xfer_cb
                0x100042e8       0x60 CMakeFiles/reciver.dir/C_/Pico/pico-sdk/src/rp2_common/pico_stdio_usb/reset_interface.c.obj
 .text.tud_descriptor_bos_cb
                0x10004348        0x8 CMakeFiles/reciver.dir/C_/Pico/pico-sdk/src/rp2_common/pico_stdio_usb/reset_interface.c.obj
                0x10004348                tud_descriptor_bos_cb
 .text.tud_vendor_control_xfer_cb
                0x10004350       0x38 CMakeFiles/reciver.dir/C_/Pico/pico-sdk/src/rp2_common/pico_stdio_usb/reset_interface.c.obj
                0x10004350                tud_vendor_control_xfer_cb
 .text.usbd_app_driver_get_cb
                0x10004388        0xc CMakeFiles/reciver.dir/C_/Pico/pico-sdk/src/rp2_common/pico_stdio_usb/reset_interface.c.obj
                0x10004388                usbd_app_driver_get_cb
 .text.tud_cdc_line_coding_cb
                0x10004394       0x2c CMakeFiles/reciver.dir/C_/Pico/pico-sdk/src/rp2_common/pico_stdio_usb/reset_interface.c.obj
                0x10004394                tud_cdc_line_coding_cb
 .text.stdio_usb_set_chars_available_callback
                0x100043c0       0x14 CMakeFiles/reciver.dir/C_/Pico/pico-sdk/src/rp2_common/pico_stdio_usb/stdio_usb.c.obj
                0x100043c0                stdio_usb_set_chars_available_callback
 .text.stdio_usb_out_flush
                0x100043d4       0x4c CMakeFiles/reciver.dir/C_/Pico/pico-sdk/src/rp2_common/pico_stdio_usb/stdio_usb.c.obj
 .text.usb_irq  0x10004420       0x10 CMakeFiles/reciver.dir/C_/Pico/pico-sdk/src/rp2_common/pico_stdio_usb/stdio_usb.c.obj
 .text.low_priority_worker_irq
                0x10004430       0xd0 CMakeFiles/reciver.dir/C_/Pico/pico-sdk/src/rp2_common/pico_stdio_usb/stdio_usb.c.obj
 .text.timer_task
                0x10004500       0x6c CMakeFiles/reciver.dir/C_/Pico/pico-sdk/src/rp2_common/pico_stdio_usb/stdio_usb.c.obj
 .text.stdio_usb_init
                0x1000456c       0xfc CMakeFiles/reciver.dir/C_/Pico/pico-sdk/src/rp2_common/pico_stdio_usb/stdio_usb.c.obj
                0x1000456c                stdio_usb_init
 .text.stdio_usb_connected
                0x10004668        0xa CMakeFiles/reciver.dir/C_/Pico/pico-sdk/src/rp2_common/pico_stdio_usb/stdio_usb.c.obj
                0x10004668                stdio_usb_connected
 *fill*         0x10004672        0x2 
 .text.stdio_usb_in_chars
                0x10004674       0x98 CMakeFiles/reciver.dir/C_/Pico/pico-sdk/src/rp2_common/pico_stdio_usb/stdio_usb.c.obj
                0x10004674                stdio_usb_in_chars
 .text.stdio_usb_out_chars
                0x1000470c       0xe8 CMakeFiles/reciver.dir/C_/Pico/pico-sdk/src/rp2_common/pico_stdio_usb/stdio_usb.c.obj
 .text.tud_descriptor_device_cb
                0x100047f4        0x8 CMakeFiles/reciver.dir/C_/Pico/pico-sdk/src/rp2_common/pico_stdio_usb/stdio_usb_descriptors.c.obj
                0x100047f4                tud_descriptor_device_cb
 .text.tud_descriptor_configuration_cb
                0x100047fc        0x8 CMakeFiles/reciver.dir/C_/Pico/pico-sdk/src/rp2_common/pico_stdio_usb/stdio_usb_descriptors.c.obj
                0x100047fc                tud_descriptor_configuration_cb
 .text.tud_descriptor_string_cb
                0x10004804       0x6c CMakeFiles/reciver.dir/C_/Pico/pico-sdk/src/rp2_common/pico_stdio_usb/stdio_usb_descriptors.c.obj
                0x10004804                tud_descriptor_string_cb
 .text._retrieve_unique_id_on_boot
                0x10004870       0x10 CMakeFiles/reciver.dir/C_/Pico/pico-sdk/src/rp2_common/pico_unique_id/unique_id.c.obj
 .text.pico_get_unique_board_id
                0x10004880       0x10 CMakeFiles/reciver.dir/C_/Pico/pico-sdk/src/rp2_common/pico_unique_id/unique_id.c.obj
                0x10004880                pico_get_unique_board_id
 .text.pico_get_unique_board_id_string
                0x10004890       0x60 CMakeFiles/reciver.dir/C_/Pico/pico-sdk/src/rp2_common/pico_unique_id/unique_id.c.obj
                0x10004890                pico_get_unique_board_id_string
 .text.flash_get_unique_id
                0x100048f0       0x46 CMakeFiles/reciver.dir/C_/Pico/pico-sdk/src/rp2_common/hardware_flash/flash.c.obj
                0x100048f0                flash_get_unique_id
 *fill*         0x10004936        0x2 
 .text._hw_endpoint_alloc
                0x10004938       0x70 CMakeFiles/reciver.dir/C_/Pico/pico-sdk/lib/tinyusb/src/portable/raspberrypi/rp2040/dcd_rp2040.c.obj
 .text.hw_endpoint_init
                0x100049a8       0xc4 CMakeFiles/reciver.dir/C_/Pico/pico-sdk/lib/tinyusb/src/portable/raspberrypi/rp2040/dcd_rp2040.c.obj
 .text.hw_endpoint_xfer
                0x10004a6c       0x20 CMakeFiles/reciver.dir/C_/Pico/pico-sdk/lib/tinyusb/src/portable/raspberrypi/rp2040/dcd_rp2040.c.obj
 .text.dcd_int_enable
                0x10004a8c       0x2c CMakeFiles/reciver.dir/C_/Pico/pico-sdk/lib/tinyusb/src/portable/raspberrypi/rp2040/dcd_rp2040.c.obj
                0x10004a8c                dcd_int_enable
 .text.dcd_set_address
                0x10004ab8       0x2c CMakeFiles/reciver.dir/C_/Pico/pico-sdk/lib/tinyusb/src/portable/raspberrypi/rp2040/dcd_rp2040.c.obj
                0x10004ab8                dcd_set_address
 .text.dcd_connect
                0x10004ae4       0x10 CMakeFiles/reciver.dir/C_/Pico/pico-sdk/lib/tinyusb/src/portable/raspberrypi/rp2040/dcd_rp2040.c.obj
                0x10004ae4                dcd_connect
 .text.dcd_init
                0x10004af4       0x80 CMakeFiles/reciver.dir/C_/Pico/pico-sdk/lib/tinyusb/src/portable/raspberrypi/rp2040/dcd_rp2040.c.obj
                0x10004af4                dcd_init
 .text.dcd_sof_enable
                0x10004b74       0x1c CMakeFiles/reciver.dir/C_/Pico/pico-sdk/lib/tinyusb/src/portable/raspberrypi/rp2040/dcd_rp2040.c.obj
                0x10004b74                dcd_sof_enable
 .text.dcd_edpt0_status_complete
                0x10004b90       0x1c CMakeFiles/reciver.dir/C_/Pico/pico-sdk/lib/tinyusb/src/portable/raspberrypi/rp2040/dcd_rp2040.c.obj
                0x10004b90                dcd_edpt0_status_complete
 .text.dcd_edpt_open
                0x10004bac       0x40 CMakeFiles/reciver.dir/C_/Pico/pico-sdk/lib/tinyusb/src/portable/raspberrypi/rp2040/dcd_rp2040.c.obj
                0x10004bac                dcd_edpt_open
 .text.dcd_edpt_close_all
                0x10004bec        0x8 CMakeFiles/reciver.dir/C_/Pico/pico-sdk/lib/tinyusb/src/portable/raspberrypi/rp2040/dcd_rp2040.c.obj
                0x10004bec                dcd_edpt_close_all
 .text.dcd_edpt_xfer
                0x10004bf4       0x30 CMakeFiles/reciver.dir/C_/Pico/pico-sdk/lib/tinyusb/src/portable/raspberrypi/rp2040/dcd_rp2040.c.obj
                0x10004bf4                dcd_edpt_xfer
 .text.dcd_edpt_stall
                0x10004c24       0x3c CMakeFiles/reciver.dir/C_/Pico/pico-sdk/lib/tinyusb/src/portable/raspberrypi/rp2040/dcd_rp2040.c.obj
                0x10004c24                dcd_edpt_stall
 .text.dcd_edpt_clear_stall
                0x10004c60       0x30 CMakeFiles/reciver.dir/C_/Pico/pico-sdk/lib/tinyusb/src/portable/raspberrypi/rp2040/dcd_rp2040.c.obj
                0x10004c60                dcd_edpt_clear_stall
 .text.unaligned_memcpy
                0x10004c90       0x14 CMakeFiles/reciver.dir/C_/Pico/pico-sdk/lib/tinyusb/src/portable/raspberrypi/rp2040/rp2040_usb.c.obj
 .text.rp2040_usb_init
                0x10004ca4       0x44 CMakeFiles/reciver.dir/C_/Pico/pico-sdk/lib/tinyusb/src/portable/raspberrypi/rp2040/rp2040_usb.c.obj
                0x10004ca4                rp2040_usb_init
 .text.hw_endpoint_xfer_start
                0x10004ce8       0x60 CMakeFiles/reciver.dir/C_/Pico/pico-sdk/lib/tinyusb/src/portable/raspberrypi/rp2040/rp2040_usb.c.obj
                0x10004ce8                hw_endpoint_xfer_start
 .text.configuration_reset
                0x10004d48       0x84 CMakeFiles/reciver.dir/C_/Pico/pico-sdk/lib/tinyusb/src/device/usbd.c.obj
 .text.usbd_reset
                0x10004dcc        0xc CMakeFiles/reciver.dir/C_/Pico/pico-sdk/lib/tinyusb/src/device/usbd.c.obj
 .text.invoke_class_control
                0x10004dd8       0x1a CMakeFiles/reciver.dir/C_/Pico/pico-sdk/lib/tinyusb/src/device/usbd.c.obj
 *fill*         0x10004df2        0x2 
 .text.process_set_config
                0x10004df4      0x19c CMakeFiles/reciver.dir/C_/Pico/pico-sdk/lib/tinyusb/src/device/usbd.c.obj
 .text.tud_event_hook_cb
                0x10004f90        0x2 CMakeFiles/reciver.dir/C_/Pico/pico-sdk/lib/tinyusb/src/device/usbd.c.obj
                0x10004f90                tud_event_hook_cb
 .text.tud_sof_cb
                0x10004f92        0x2 CMakeFiles/reciver.dir/C_/Pico/pico-sdk/lib/tinyusb/src/device/usbd.c.obj
                0x10004f92                tud_sof_cb
 .text.tud_descriptor_device_qualifier_cb
                0x10004f94        0x4 CMakeFiles/reciver.dir/C_/Pico/pico-sdk/lib/tinyusb/src/device/usbd.c.obj
                0x10004f94                tud_descriptor_device_qualifier_cb
 .text.tud_descriptor_other_speed_configuration_cb
                0x10004f98        0x4 CMakeFiles/reciver.dir/C_/Pico/pico-sdk/lib/tinyusb/src/device/usbd.c.obj
                0x10004f98                tud_descriptor_other_speed_configuration_cb
 .text.process_get_descriptor
                0x10004f9c       0xe0 CMakeFiles/reciver.dir/C_/Pico/pico-sdk/lib/tinyusb/src/device/usbd.c.obj
 .text.tud_mount_cb
                0x1000507c        0x2 CMakeFiles/reciver.dir/C_/Pico/pico-sdk/lib/tinyusb/src/device/usbd.c.obj
                0x1000507c                tud_mount_cb
 .text.tud_umount_cb
                0x1000507e        0x2 CMakeFiles/reciver.dir/C_/Pico/pico-sdk/lib/tinyusb/src/device/usbd.c.obj
                0x1000507e                tud_umount_cb
 .text.tud_suspend_cb
                0x10005080        0x2 CMakeFiles/reciver.dir/C_/Pico/pico-sdk/lib/tinyusb/src/device/usbd.c.obj
                0x10005080                tud_suspend_cb
 .text.tud_resume_cb
                0x10005082        0x2 CMakeFiles/reciver.dir/C_/Pico/pico-sdk/lib/tinyusb/src/device/usbd.c.obj
                0x10005082                tud_resume_cb
 .text.tud_mounted
                0x10005084       0x10 CMakeFiles/reciver.dir/C_/Pico/pico-sdk/lib/tinyusb/src/device/usbd.c.obj
                0x10005084                tud_mounted
 .text.tud_suspended
                0x10005094       0x10 CMakeFiles/reciver.dir/C_/Pico/pico-sdk/lib/tinyusb/src/device/usbd.c.obj
                0x10005094                tud_suspended
 .text.tud_inited
                0x100050a4       0x14 CMakeFiles/reciver.dir/C_/Pico/pico-sdk/lib/tinyusb/src/device/usbd.c.obj
                0x100050a4                tud_inited
 .text.tud_init
                0x100050b8       0xdc CMakeFiles/reciver.dir/C_/Pico/pico-sdk/lib/tinyusb/src/device/usbd.c.obj
                0x100050b8                tud_init
 .text.usbd_edpt_open
                0x10005194       0x60 CMakeFiles/reciver.dir/C_/Pico/pico-sdk/lib/tinyusb/src/device/usbd.c.obj
                0x10005194                usbd_edpt_open
 .text.usbd_open_edpt_pair
                0x100051f4       0x88 CMakeFiles/reciver.dir/C_/Pico/pico-sdk/lib/tinyusb/src/device/usbd.c.obj
                0x100051f4                usbd_open_edpt_pair
 .text.usbd_edpt_claim
                0x1000527c       0x28 CMakeFiles/reciver.dir/C_/Pico/pico-sdk/lib/tinyusb/src/device/usbd.c.obj
                0x1000527c                usbd_edpt_claim
 .text.usbd_edpt_release
                0x100052a4       0x28 CMakeFiles/reciver.dir/C_/Pico/pico-sdk/lib/tinyusb/src/device/usbd.c.obj
                0x100052a4                usbd_edpt_release
 .text.usbd_edpt_xfer
                0x100052cc       0x88 CMakeFiles/reciver.dir/C_/Pico/pico-sdk/lib/tinyusb/src/device/usbd.c.obj
                0x100052cc                usbd_edpt_xfer
 .text.usbd_edpt_stall
                0x10005354       0x34 CMakeFiles/reciver.dir/C_/Pico/pico-sdk/lib/tinyusb/src/device/usbd.c.obj
                0x10005354                usbd_edpt_stall
 .text.usbd_edpt_clear_stall
                0x10005388       0x34 CMakeFiles/reciver.dir/C_/Pico/pico-sdk/lib/tinyusb/src/device/usbd.c.obj
                0x10005388                usbd_edpt_clear_stall
 .text.usbd_edpt_stalled
                0x100053bc       0x1c CMakeFiles/reciver.dir/C_/Pico/pico-sdk/lib/tinyusb/src/device/usbd.c.obj
                0x100053bc                usbd_edpt_stalled
 .text.process_control_request
                0x100053d8      0x394 CMakeFiles/reciver.dir/C_/Pico/pico-sdk/lib/tinyusb/src/device/usbd.c.obj
 .text.tud_task_ext
                0x1000576c      0x1d8 CMakeFiles/reciver.dir/C_/Pico/pico-sdk/lib/tinyusb/src/device/usbd.c.obj
                0x1000576c                tud_task_ext
 .text._data_stage_xact
                0x10005944       0x60 CMakeFiles/reciver.dir/C_/Pico/pico-sdk/lib/tinyusb/src/device/usbd_control.c.obj
 .text.tud_control_status
                0x100059a4       0x38 CMakeFiles/reciver.dir/C_/Pico/pico-sdk/lib/tinyusb/src/device/usbd_control.c.obj
                0x100059a4                tud_control_status
 .text.tud_control_xfer
                0x100059dc       0xa8 CMakeFiles/reciver.dir/C_/Pico/pico-sdk/lib/tinyusb/src/device/usbd_control.c.obj
                0x100059dc                tud_control_xfer
 .text.usbd_control_reset
                0x10005a84       0x14 CMakeFiles/reciver.dir/C_/Pico/pico-sdk/lib/tinyusb/src/device/usbd_control.c.obj
                0x10005a84                usbd_control_reset
 .text.usbd_control_set_complete_callback
                0x10005a98        0xc CMakeFiles/reciver.dir/C_/Pico/pico-sdk/lib/tinyusb/src/device/usbd_control.c.obj
                0x10005a98                usbd_control_set_complete_callback
 .text.usbd_control_set_request
                0x10005aa4       0x1c CMakeFiles/reciver.dir/C_/Pico/pico-sdk/lib/tinyusb/src/device/usbd_control.c.obj
                0x10005aa4                usbd_control_set_request
 .text.usbd_control_xfer_cb
                0x10005ac0       0xf4 CMakeFiles/reciver.dir/C_/Pico/pico-sdk/lib/tinyusb/src/device/usbd_control.c.obj
                0x10005ac0                usbd_control_xfer_cb
 .text._prep_out_transaction
                0x10005bb4       0x72 CMakeFiles/reciver.dir/C_/Pico/pico-sdk/lib/tinyusb/src/class/cdc/cdc_device.c.obj
 *fill*         0x10005c26        0x2 
 .text.tud_cdc_n_connected
                0x10005c28       0x44 CMakeFiles/reciver.dir/C_/Pico/pico-sdk/lib/tinyusb/src/class/cdc/cdc_device.c.obj
                0x10005c28                tud_cdc_n_connected
 .text.tud_cdc_n_available
                0x10005c6c       0x18 CMakeFiles/reciver.dir/C_/Pico/pico-sdk/lib/tinyusb/src/class/cdc/cdc_device.c.obj
                0x10005c6c                tud_cdc_n_available
 .text.tud_cdc_n_read
                0x10005c84       0x38 CMakeFiles/reciver.dir/C_/Pico/pico-sdk/lib/tinyusb/src/class/cdc/cdc_device.c.obj
                0x10005c84                tud_cdc_n_read
 .text.tud_cdc_n_write_flush
                0x10005cbc       0xcc CMakeFiles/reciver.dir/C_/Pico/pico-sdk/lib/tinyusb/src/class/cdc/cdc_device.c.obj
                0x10005cbc                tud_cdc_n_write_flush
 .text.tud_cdc_n_write
                0x10005d88       0x48 CMakeFiles/reciver.dir/C_/Pico/pico-sdk/lib/tinyusb/src/class/cdc/cdc_device.c.obj
                0x10005d88                tud_cdc_n_write
 .text.tud_cdc_n_write_available
                0x10005dd0       0x1c CMakeFiles/reciver.dir/C_/Pico/pico-sdk/lib/tinyusb/src/class/cdc/cdc_device.c.obj
                0x10005dd0                tud_cdc_n_write_available
 .text.cdcd_init
                0x10005dec       0xc0 CMakeFiles/reciver.dir/C_/Pico/pico-sdk/lib/tinyusb/src/class/cdc/cdc_device.c.obj
                0x10005dec                cdcd_init
 .text.cdcd_deinit
                0x10005eac       0x50 CMakeFiles/reciver.dir/C_/Pico/pico-sdk/lib/tinyusb/src/class/cdc/cdc_device.c.obj
                0x10005eac                cdcd_deinit
 .text.cdcd_reset
                0x10005efc       0x78 CMakeFiles/reciver.dir/C_/Pico/pico-sdk/lib/tinyusb/src/class/cdc/cdc_device.c.obj
                0x10005efc                cdcd_reset
 .text.cdcd_open
                0x10005f74       0xf8 CMakeFiles/reciver.dir/C_/Pico/pico-sdk/lib/tinyusb/src/class/cdc/cdc_device.c.obj
                0x10005f74                cdcd_open
 .text.cdcd_control_xfer_cb
                0x1000606c      0x138 CMakeFiles/reciver.dir/C_/Pico/pico-sdk/lib/tinyusb/src/class/cdc/cdc_device.c.obj
                0x1000606c                cdcd_control_xfer_cb
 .text.cdcd_xfer_cb
                0x100061a4      0x144 CMakeFiles/reciver.dir/C_/Pico/pico-sdk/lib/tinyusb/src/class/cdc/cdc_device.c.obj
                0x100061a4                cdcd_xfer_cb
 .text.tud_vendor_n_mounted
                0x100062e8       0x38 CMakeFiles/reciver.dir/C_/Pico/pico-sdk/lib/tinyusb/src/class/vendor/vendor_device.c.obj
                0x100062e8                tud_vendor_n_mounted
 .text.tud_vendor_n_write_flush
                0x10006320       0x24 CMakeFiles/reciver.dir/C_/Pico/pico-sdk/lib/tinyusb/src/class/vendor/vendor_device.c.obj
                0x10006320                tud_vendor_n_write_flush
 .text.vendord_init
                0x10006344       0x90 CMakeFiles/reciver.dir/C_/Pico/pico-sdk/lib/tinyusb/src/class/vendor/vendor_device.c.obj
                0x10006344                vendord_init
 .text.vendord_deinit
                0x100063d4       0x38 CMakeFiles/reciver.dir/C_/Pico/pico-sdk/lib/tinyusb/src/class/vendor/vendor_device.c.obj
                0x100063d4                vendord_deinit
 .text.vendord_reset
                0x1000640c       0x3c CMakeFiles/reciver.dir/C_/Pico/pico-sdk/lib/tinyusb/src/class/vendor/vendor_device.c.obj
                0x1000640c                vendord_reset
 .text.vendord_open
                0x10006448      0x174 CMakeFiles/reciver.dir/C_/Pico/pico-sdk/lib/tinyusb/src/class/vendor/vendor_device.c.obj
                0x10006448                vendord_open
 .text.vendord_xfer_cb
                0x100065bc       0xc0 CMakeFiles/reciver.dir/C_/Pico/pico-sdk/lib/tinyusb/src/class/vendor/vendor_device.c.obj
                0x100065bc                vendord_xfer_cb
 .text.tusb_init
                0x1000667c       0x24 CMakeFiles/reciver.dir/C_/Pico/pico-sdk/lib/tinyusb/src/tusb.c.obj
                0x1000667c                tusb_init
 .text.tu_edpt_claim
                0x100066a0       0x50 CMakeFiles/reciver.dir/C_/Pico/pico-sdk/lib/tinyusb/src/tusb.c.obj
                0x100066a0                tu_edpt_claim
 .text.tu_edpt_release
                0x100066f0       0x3c CMakeFiles/reciver.dir/C_/Pico/pico-sdk/lib/tinyusb/src/tusb.c.obj
                0x100066f0                tu_edpt_release
 .text.tu_edpt_validate
                0x1000672c       0xac CMakeFiles/reciver.dir/C_/Pico/pico-sdk/lib/tinyusb/src/tusb.c.obj
                0x1000672c                tu_edpt_validate
 .text.tu_edpt_bind_driver
                0x100067d8       0x26 CMakeFiles/reciver.dir/C_/Pico/pico-sdk/lib/tinyusb/src/tusb.c.obj
                0x100067d8                tu_edpt_bind_driver
 .text.tu_edpt_stream_init
                0x100067fe       0x68 CMakeFiles/reciver.dir/C_/Pico/pico-sdk/lib/tinyusb/src/tusb.c.obj
                0x100067fe                tu_edpt_stream_init
 .text.tu_edpt_stream_deinit
                0x10006866        0x4 CMakeFiles/reciver.dir/C_/Pico/pico-sdk/lib/tinyusb/src/tusb.c.obj
                0x10006866                tu_edpt_stream_deinit
 *fill*         0x1000686a        0x2 
 .text.tu_edpt_stream_write_zlp_if_needed
                0x1000686c       0x80 CMakeFiles/reciver.dir/C_/Pico/pico-sdk/lib/tinyusb/src/tusb.c.obj
                0x1000686c                tu_edpt_stream_write_zlp_if_needed
 .text.tu_edpt_stream_write_xfer
                0x100068ec       0x84 CMakeFiles/reciver.dir/C_/Pico/pico-sdk/lib/tinyusb/src/tusb.c.obj
                0x100068ec                tu_edpt_stream_write_xfer
 .text.tu_edpt_stream_read_xfer
                0x10006970       0xf4 CMakeFiles/reciver.dir/C_/Pico/pico-sdk/lib/tinyusb/src/tusb.c.obj
                0x10006970                tu_edpt_stream_read_xfer
 .text.advance_index
                0x10006a64       0x1a CMakeFiles/reciver.dir/C_/Pico/pico-sdk/lib/tinyusb/src/common/tusb_fifo.c.obj
 .text._tu_fifo_peek
                0x10006a7e       0x56 CMakeFiles/reciver.dir/C_/Pico/pico-sdk/lib/tinyusb/src/common/tusb_fifo.c.obj
 .text._ff_pull_n
                0x10006ad4       0x68 CMakeFiles/reciver.dir/C_/Pico/pico-sdk/lib/tinyusb/src/common/tusb_fifo.c.obj
 .text._tu_fifo_peek_n
                0x10006b3c       0x6a CMakeFiles/reciver.dir/C_/Pico/pico-sdk/lib/tinyusb/src/common/tusb_fifo.c.obj
 .text._tu_fifo_read_n
                0x10006ba6       0x4e CMakeFiles/reciver.dir/C_/Pico/pico-sdk/lib/tinyusb/src/common/tusb_fifo.c.obj
 .text._ff_push_n
                0x10006bf4       0x68 CMakeFiles/reciver.dir/C_/Pico/pico-sdk/lib/tinyusb/src/common/tusb_fifo.c.obj
 .text._tu_fifo_write_n
                0x10006c5c       0xf0 CMakeFiles/reciver.dir/C_/Pico/pico-sdk/lib/tinyusb/src/common/tusb_fifo.c.obj
 .text.tu_fifo_config
                0x10006d4c       0x7c CMakeFiles/reciver.dir/C_/Pico/pico-sdk/lib/tinyusb/src/common/tusb_fifo.c.obj
                0x10006d4c                tu_fifo_config
 .text.tu_fifo_count
                0x10006dc8       0x2a CMakeFiles/reciver.dir/C_/Pico/pico-sdk/lib/tinyusb/src/common/tusb_fifo.c.obj
                0x10006dc8                tu_fifo_count
 .text.tu_fifo_empty
                0x10006df2       0x10 CMakeFiles/reciver.dir/C_/Pico/pico-sdk/lib/tinyusb/src/common/tusb_fifo.c.obj
                0x10006df2                tu_fifo_empty
 .text.tu_fifo_full
                0x10006e02       0x28 CMakeFiles/reciver.dir/C_/Pico/pico-sdk/lib/tinyusb/src/common/tusb_fifo.c.obj
                0x10006e02                tu_fifo_full
 .text.tu_fifo_remaining
                0x10006e2a       0x2c CMakeFiles/reciver.dir/C_/Pico/pico-sdk/lib/tinyusb/src/common/tusb_fifo.c.obj
                0x10006e2a                tu_fifo_remaining
 .text.tu_fifo_read
                0x10006e56       0x42 CMakeFiles/reciver.dir/C_/Pico/pico-sdk/lib/tinyusb/src/common/tusb_fifo.c.obj
                0x10006e56                tu_fifo_read
 .text.tu_fifo_read_n
                0x10006e98        0xa CMakeFiles/reciver.dir/C_/Pico/pico-sdk/lib/tinyusb/src/common/tusb_fifo.c.obj
                0x10006e98                tu_fifo_read_n
 .text.tu_fifo_write
                0x10006ea2       0x64 CMakeFiles/reciver.dir/C_/Pico/pico-sdk/lib/tinyusb/src/common/tusb_fifo.c.obj
                0x10006ea2                tu_fifo_write
 .text.tu_fifo_write_n
                0x10006f06        0xa CMakeFiles/reciver.dir/C_/Pico/pico-sdk/lib/tinyusb/src/common/tusb_fifo.c.obj
                0x10006f06                tu_fifo_write_n
 .text.tu_fifo_clear
                0x10006f10       0x3e CMakeFiles/reciver.dir/C_/Pico/pico-sdk/lib/tinyusb/src/common/tusb_fifo.c.obj
                0x10006f10                tu_fifo_clear
 .text.tu_fifo_set_overwritable
                0x10006f4e       0x46 CMakeFiles/reciver.dir/C_/Pico/pico-sdk/lib/tinyusb/src/common/tusb_fifo.c.obj
                0x10006f4e                tu_fifo_set_overwritable
 .text.spi_deinit
                0x10006f94       0x38 CMakeFiles/reciver.dir/C_/Pico/pico-sdk/src/rp2_common/hardware_spi/spi.c.obj
                0x10006f94                spi_deinit
 .text.spi_set_baudrate
                0x10006fcc       0xb4 CMakeFiles/reciver.dir/C_/Pico/pico-sdk/src/rp2_common/hardware_spi/spi.c.obj
                0x10006fcc                spi_set_baudrate
 .text.spi_init
                0x10007080       0x8c CMakeFiles/reciver.dir/C_/Pico/pico-sdk/src/rp2_common/hardware_spi/spi.c.obj
                0x10007080                spi_init
 .text._ZN4RF243csnEb
                0x1000710c       0x14 CMakeFiles/reciver.dir/__/RF24/RF24.cpp.obj
                0x1000710c                RF24::csn(bool)
 .text._ZN4RF242ceEb
                0x10007120       0x14 CMakeFiles/reciver.dir/__/RF24/RF24.cpp.obj
                0x10007120                RF24::ce(bool)
 .text._ZN4RF2413read_registerEhPhh
                0x10007134       0x86 CMakeFiles/reciver.dir/__/RF24/RF24.cpp.obj
                0x10007134                RF24::read_register(unsigned char, unsigned char*, unsigned char)
 .text._ZN4RF2413read_registerEh
                0x100071ba       0x4a CMakeFiles/reciver.dir/__/RF24/RF24.cpp.obj
                0x100071ba                RF24::read_register(unsigned char)
 .text._ZN4RF2414write_registerEhPKhh
                0x10007204       0x62 CMakeFiles/reciver.dir/__/RF24/RF24.cpp.obj
                0x10007204                RF24::write_register(unsigned char, unsigned char const*, unsigned char)
 .text._ZN4RF2414write_registerEhh
                0x10007266       0x4a CMakeFiles/reciver.dir/__/RF24/RF24.cpp.obj
                0x10007266                RF24::write_register(unsigned char, unsigned char)
 .text._ZN4RF2412read_payloadEPvh
                0x100072b0       0xa2 CMakeFiles/reciver.dir/__/RF24/RF24.cpp.obj
                0x100072b0                RF24::read_payload(void*, unsigned char)
 .text._ZN4RF248flush_rxEv
                0x10007352       0x14 CMakeFiles/reciver.dir/__/RF24/RF24.cpp.obj
                0x10007352                RF24::flush_rx()
 .text._ZN4RF248flush_txEv
                0x10007366       0x14 CMakeFiles/reciver.dir/__/RF24/RF24.cpp.obj
                0x10007366                RF24::flush_tx()
 *fill*         0x1000737a        0x2 
 .text._ZN4RF249_init_objEv
                0x1000737c       0x1c CMakeFiles/reciver.dir/__/RF24/RF24.cpp.obj
                0x1000737c                RF24::_init_obj()
 .text._ZN4RF24C2Ehhm
                0x10007398       0x36 CMakeFiles/reciver.dir/__/RF24/RF24.cpp.obj
                0x10007398                RF24::RF24(unsigned char, unsigned char, unsigned long)
                0x10007398                RF24::RF24(unsigned char, unsigned char, unsigned long)
 .text._ZN4RF2410setChannelEh
                0x100073ce       0x12 CMakeFiles/reciver.dir/__/RF24/RF24.cpp.obj
                0x100073ce                RF24::setChannel(unsigned char)
 .text._ZN4RF2414setPayloadSizeEh
                0x100073e0       0x38 CMakeFiles/reciver.dir/__/RF24/RF24.cpp.obj
                0x100073e0                RF24::setPayloadSize(unsigned char)
 .text._ZN4RF247isValidEv
                0x10007418       0x18 CMakeFiles/reciver.dir/__/RF24/RF24.cpp.obj
                0x10007418                RF24::isValid()
 .text._ZN4RF2410_init_pinsEv
                0x10007430       0x38 CMakeFiles/reciver.dir/__/RF24/RF24.cpp.obj
                0x10007430                RF24::_init_pins()
 .text._ZN4RF247powerUpEv
                0x10007468       0x2c CMakeFiles/reciver.dir/__/RF24/RF24.cpp.obj
                0x10007468                RF24::powerUp()
 .text._ZN4RF249availableEv
                0x10007494       0x12 CMakeFiles/reciver.dir/__/RF24/RF24.cpp.obj
                0x10007494                RF24::available()
 .text._ZN4RF244readEPvh
                0x100074a6       0x14 CMakeFiles/reciver.dir/__/RF24/RF24.cpp.obj
                0x100074a6                RF24::read(void*, unsigned char)
 .text._ZN4RF2415setAddressWidthEh
                0x100074ba       0x30 CMakeFiles/reciver.dir/__/RF24/RF24.cpp.obj
                0x100074ba                RF24::setAddressWidth(unsigned char)
 *fill*         0x100074ea        0x2 
 .text._ZN4RF2415openReadingPipeEhPKh
                0x100074ec       0x70 CMakeFiles/reciver.dir/__/RF24/RF24.cpp.obj
                0x100074ec                RF24::openReadingPipe(unsigned char, unsigned char const*)
 .text._ZN4RF2416closeReadingPipeEh
                0x1000755c       0x34 CMakeFiles/reciver.dir/__/RF24/RF24.cpp.obj
                0x1000755c                RF24::closeReadingPipe(unsigned char)
 .text._ZN4RF2414startListeningEv
                0x10007590       0x52 CMakeFiles/reciver.dir/__/RF24/RF24.cpp.obj
                0x10007590                RF24::startListening()
 .text._ZN4RF2415toggle_featuresEv
                0x100075e2       0x38 CMakeFiles/reciver.dir/__/RF24/RF24.cpp.obj
                0x100075e2                RF24::toggle_features()
 .text._ZN4RF2410setPALevelEhb
                0x1000761a       0x30 CMakeFiles/reciver.dir/__/RF24/RF24.cpp.obj
                0x1000761a                RF24::setPALevel(unsigned char, bool)
 .text._ZN4RF2411setDataRateE15rf24_datarate_e
                0x1000764a       0x52 CMakeFiles/reciver.dir/__/RF24/RF24.cpp.obj
                0x1000764a                RF24::setDataRate(rf24_datarate_e)
 .text._ZN4RF2410setRetriesEhh
                0x1000769c       0x24 CMakeFiles/reciver.dir/__/RF24/RF24.cpp.obj
                0x1000769c                RF24::setRetries(unsigned char, unsigned char)
 .text._ZN4RF2411_init_radioEv
                0x100076c0       0xd8 CMakeFiles/reciver.dir/__/RF24/RF24.cpp.obj
                0x100076c0                RF24::_init_radio()
 .text._ZN4RF245beginEP3SPI
                0x10007798       0x18 CMakeFiles/reciver.dir/__/RF24/RF24.cpp.obj
                0x10007798                RF24::begin(SPI*)
 .text._ZN4GPIO4openEii
                0x100077b0       0x22 CMakeFiles/reciver.dir/__/RF24/utility/rp2/gpio.cpp.obj
                0x100077b0                GPIO::open(int, int)
 .text._ZN4GPIO5writeEii
                0x100077d2       0x18 CMakeFiles/reciver.dir/__/RF24/utility/rp2/gpio.cpp.obj
                0x100077d2                GPIO::write(int, int)
 *fill*         0x100077ea        0x2 
 .text._ZN3SPID2Ev
                0x100077ec        0xc CMakeFiles/reciver.dir/__/RF24/utility/rp2/spi.cpp.obj
                0x100077ec                SPI::~SPI()
                0x100077ec                SPI::~SPI()
 .text._ZN3SPID0Ev
                0x100077f8       0x14 CMakeFiles/reciver.dir/__/RF24/utility/rp2/spi.cpp.obj
                0x100077f8                SPI::~SPI()
 .text._ZN3SPIC2Ev
                0x1000780c        0xc CMakeFiles/reciver.dir/__/RF24/utility/rp2/spi.cpp.obj
                0x1000780c                SPI::SPI()
                0x1000780c                SPI::SPI()
 .text._ZN3SPI5beginEP8spi_insthhh
                0x10007818       0x24 CMakeFiles/reciver.dir/__/RF24/utility/rp2/spi.cpp.obj
                0x10007818                SPI::begin(spi_inst*, unsigned char, unsigned char, unsigned char)
 .text._ZN3SPI8transferEh
                0x1000783c       0x24 CMakeFiles/reciver.dir/__/RF24/utility/rp2/spi.cpp.obj
                0x1000783c                SPI::transfer(unsigned char)
 .text._ZN3SPI10transfernbEPKhPhm
                0x10007860        0xa CMakeFiles/reciver.dir/__/RF24/utility/rp2/spi.cpp.obj
                0x10007860                SPI::transfernb(unsigned char const*, unsigned char*, unsigned long)
 *fill*         0x1000786a        0x2 
 .text._ZN3SPI16beginTransactionEm
                0x1000786c       0x3c CMakeFiles/reciver.dir/__/RF24/utility/rp2/spi.cpp.obj
                0x1000786c                SPI::beginTransaction(unsigned long)
 .text._ZN3SPI14endTransactionEv
                0x100078a8        0xa CMakeFiles/reciver.dir/__/RF24/utility/rp2/spi.cpp.obj
                0x100078a8                SPI::endTransaction()
 *fill*         0x100078b2        0x2 
 .text          0x100078b4      0x700 ..\electricui-embedded\libelectricui.a(electricui.c.obj)
                0x10007bc4                find_tracked_object
                0x10007bce                eui_send_range
                0x10007cec                eui_send
                0x10007de8                eui_parse
                0x10007ea8                eui_send_tracked
                0x10007ed0                eui_send_tracked_on
                0x10007ef8                eui_send_untracked
                0x10007f14                eui_send_untracked_on
                0x10007f34                eui_setup_interfaces
                0x10007f58                eui_setup_interface
                0x10007f62                eui_setup_tracked
                0x10007f80                eui_setup_identifier
 .text          0x10007fb4       0xa8 ..\electricui-embedded\libelectricui.a(eui_utilities.c.obj)
                0x10007fb4                crc16
                0x10007fe4                validate_offset_range
 .text          0x1000805c      0x47c ..\electricui-embedded\libelectricui.a(eui_binary_transport.c.obj)
                0x1000805c                encode_header
                0x100080c8                encode_framing
                0x1000811c                encode_packet
                0x1000820a                encode_packet_simple
                0x1000829e                parse_decoded_packet
                0x10008484                decode_packet
 .text.free     0x100084d8       0x14 c:/progra~2/gnuarm~1/102021~1.10/bin/../lib/gcc/arm-none-eabi/10.3.1/../../../../arm-none-eabi/lib/thumb/v6-m/nofp\libg.a(lib_a-malloc.o)
                0x100084d8                free
 .text.__malloc_lock
                0x100084ec       0x10 c:/progra~2/gnuarm~1/102021~1.10/bin/../lib/gcc/arm-none-eabi/10.3.1/../../../../arm-none-eabi/lib/thumb/v6-m/nofp\libg.a(lib_a-mlock.o)
                0x100084ec                __malloc_lock
 .text.__malloc_unlock
                0x100084fc       0x10 c:/progra~2/gnuarm~1/102021~1.10/bin/../lib/gcc/arm-none-eabi/10.3.1/../../../../arm-none-eabi/lib/thumb/v6-m/nofp\libg.a(lib_a-mlock.o)
                0x100084fc                __malloc_unlock
 .text._sbrk_r  0x1000850c       0x24 c:/progra~2/gnuarm~1/102021~1.10/bin/../lib/gcc/arm-none-eabi/10.3.1/../../../../arm-none-eabi/lib/thumb/v6-m/nofp\libg.a(lib_a-sbrkr.o)
                0x1000850c                _sbrk_r
 .text.strlen   0x10008530       0x5c c:/progra~2/gnuarm~1/102021~1.10/bin/../lib/gcc/arm-none-eabi/10.3.1/../../../../arm-none-eabi/lib/thumb/v6-m/nofp\libg.a(lib_a-strlen-stub.o)
                0x10008530                strlen
 .text.strncmp  0x1000858c       0x74 c:/progra~2/gnuarm~1/102021~1.10/bin/../lib/gcc/arm-none-eabi/10.3.1/../../../../arm-none-eabi/lib/thumb/v6-m/nofp\libg.a(lib_a-strncmp.o)
                0x1000858c                strncmp
 .text._malloc_trim_r
                0x10008600       0x9c c:/progra~2/gnuarm~1/102021~1.10/bin/../lib/gcc/arm-none-eabi/10.3.1/../../../../arm-none-eabi/lib/thumb/v6-m/nofp\libg.a(lib_a-freer.o)
                0x10008600                _malloc_trim_r
 .text._free_r  0x1000869c      0x1c4 c:/progra~2/gnuarm~1/102021~1.10/bin/../lib/gcc/arm-none-eabi/10.3.1/../../../../arm-none-eabi/lib/thumb/v6-m/nofp\libg.a(lib_a-freer.o)
                0x1000869c                _free_r
 .text.__retarget_lock_acquire_recursive
                0x10008860        0x4 c:/progra~2/gnuarm~1/102021~1.10/bin/../lib/gcc/arm-none-eabi/10.3.1/../../../../arm-none-eabi/lib/thumb/v6-m/nofp\libg.a(lib_a-lock.o)
                0x10008860                __retarget_lock_acquire_recursive
 .text.__retarget_lock_release_recursive
                0x10008864        0x4 c:/progra~2/gnuarm~1/102021~1.10/bin/../lib/gcc/arm-none-eabi/10.3.1/../../../../arm-none-eabi/lib/thumb/v6-m/nofp\libg.a(lib_a-lock.o)
                0x10008864                __retarget_lock_release_recursive
 *(.fini)
 .fini          0x10008868        0x4 c:/progra~2/gnuarm~1/102021~1.10/bin/../lib/gcc/arm-none-eabi/10.3.1/thumb/v6-m/nofp/crti.o
                0x10008868                _fini
 *fill*         0x1000886c        0x4 
 .fini.__stub   0x10008870       0xe0 linker stubs
 *crtbegin.o(.ctors)
 *crtbegin?.o(.ctors)
 *(EXCLUDE_FILE(*crtend.o *crtend?.o) .ctors)
 *(SORT_BY_NAME(.ctors.*))
 *(.ctors)
 *crtbegin.o(.dtors)
 *crtbegin?.o(.dtors)
 *(EXCLUDE_FILE(*crtend.o *crtend?.o) .dtors)
 *(SORT_BY_NAME(.dtors.*))
 *(.dtors)
                0x10008950                . = ALIGN (0x4)
                0x10008950                PROVIDE (__preinit_array_start = .)
 *(SORT_BY_NAME(.preinit_array.*))
 .preinit_array.00100
                0x10008950        0x4 CMakeFiles/reciver.dir/C_/Pico/pico-sdk/src/rp2_common/pico_runtime_init/runtime_init.c.obj
                0x10008950                __pre_init_runtime_init_early_resets
 .preinit_array.00101
                0x10008954        0x4 CMakeFiles/reciver.dir/C_/Pico/pico-sdk/src/rp2_common/pico_runtime_init/runtime_init.c.obj
                0x10008954                __pre_init_runtime_init_usb_power_down
 .preinit_array.00275
                0x10008958        0x4 CMakeFiles/reciver.dir/C_/Pico/pico-sdk/src/rp2_common/pico_bit_ops/bit_ops_aeabi.S.obj
 .preinit_array.00300
                0x1000895c        0x4 CMakeFiles/reciver.dir/C_/Pico/pico-sdk/src/rp2_common/pico_mem_ops/mem_ops_aeabi.S.obj
 .preinit_array.00350
                0x10008960        0x4 CMakeFiles/reciver.dir/C_/Pico/pico-sdk/src/rp2_common/pico_double/double_aeabi_rp2040.S.obj
 .preinit_array.00350
                0x10008964        0x4 CMakeFiles/reciver.dir/C_/Pico/pico-sdk/src/rp2_common/pico_float/float_aeabi_rp2040.S.obj
 .preinit_array.00500
                0x10008968        0x4 CMakeFiles/reciver.dir/C_/Pico/pico-sdk/src/rp2_common/pico_runtime_init/runtime_init.c.obj
                0x10008968                __pre_init_runtime_init_clocks
 .preinit_array.00600
                0x1000896c        0x4 CMakeFiles/reciver.dir/C_/Pico/pico-sdk/src/rp2_common/pico_runtime_init/runtime_init.c.obj
                0x1000896c                __pre_init_runtime_init_post_clock_resets
 .preinit_array.00700
                0x10008970        0x4 CMakeFiles/reciver.dir/C_/Pico/pico-sdk/src/rp2_common/pico_runtime_init/runtime_init.c.obj
                0x10008970                __pre_init_runtime_init_rp2040_gpio_ie_disable
 .preinit_array.01000
                0x10008974        0x4 CMakeFiles/reciver.dir/C_/Pico/pico-sdk/src/rp2_common/pico_runtime_init/runtime_init.c.obj
                0x10008974                __pre_init_runtime_init_spin_locks_reset
 .preinit_array.01100
                0x10008978        0x4 CMakeFiles/reciver.dir/C_/Pico/pico-sdk/src/common/pico_sync/mutex.c.obj
                0x10008978                __pre_init_runtime_init_mutex
 .preinit_array.10080
                0x1000897c        0x4 CMakeFiles/reciver.dir/C_/Pico/pico-sdk/src/rp2_common/pico_runtime_init/runtime_init.c.obj
                0x1000897c                __pre_init_runtime_init_install_ram_vector_table
 .preinit_array.11000
                0x10008980        0x4 CMakeFiles/reciver.dir/C_/Pico/pico-sdk/src/common/pico_time/time.c.obj
                0x10008980                __pre_init_runtime_init_default_alarm_pool
 .preinit_array.YYYYY
                0x10008984        0x4 CMakeFiles/reciver.dir/C_/Pico/pico-sdk/src/rp2_common/pico_runtime/runtime.c.obj
                0x10008984                __pre_init_first_per_core_initializer
 .preinit_array.ZZZZZ.01200
                0x10008988        0x4 CMakeFiles/reciver.dir/C_/Pico/pico-sdk/src/rp2_common/hardware_irq/irq.c.obj
                0x10008988                __pre_init_runtime_init_per_core_irq_priorities
 *(.preinit_array)
                0x1000898c                PROVIDE (__preinit_array_end = .)
                0x1000898c                . = ALIGN (0x4)
                0x1000898c                PROVIDE (__init_array_start = .)
 *(SORT_BY_NAME(.init_array.*))
 *(.init_array)
 .init_array    0x1000898c        0x4 c:/progra~2/gnuarm~1/102021~1.10/bin/../lib/gcc/arm-none-eabi/10.3.1/thumb/v6-m/nofp/crtbegin.o
 .init_array    0x10008990        0x4 CMakeFiles/reciver.dir/reciver.cpp.obj
 .init_array    0x10008994        0x4 CMakeFiles/reciver.dir/C_/Pico/pico-sdk/src/rp2_common/pico_unique_id/unique_id.c.obj
                0x10008998                PROVIDE (__init_array_end = .)
                0x10008998                . = ALIGN (0x4)
                [!provide]                PROVIDE (__fini_array_start = .)
 *(SORT_BY_NAME(.fini_array.*))
 *(.fini_array)
                [!provide]                PROVIDE (__fini_array_end = .)
 *(.eh_frame*)
 .eh_frame      0x10008998        0x0 c:/progra~2/gnuarm~1/102021~1.10/bin/../lib/gcc/arm-none-eabi/10.3.1/thumb/v6-m/nofp/crtbegin.o
                0x10008998                . = ALIGN (0x4)

.glue_7         0x10008998        0x0
 .glue_7        0x10008998        0x0 linker stubs

.glue_7t        0x10008998        0x0
 .glue_7t       0x10008998        0x0 linker stubs

.vfp11_veneer   0x10008998        0x0
 .vfp11_veneer  0x10008998        0x0 linker stubs

.v4_bx          0x10008998        0x0
 .v4_bx         0x10008998        0x0 linker stubs

.iplt           0x10008998        0x0
 .iplt          0x10008998        0x0 c:/progra~2/gnuarm~1/102021~1.10/bin/../lib/gcc/arm-none-eabi/10.3.1/thumb/v6-m/nofp/crtbegin.o

.rodata         0x10008998     0x1510
 *(EXCLUDE_FILE(*libm.a: *libc.a:*lib_a-mem*.o *libgcc.a:) .rodata*)
 .rodata._Z5setupv.str1.4
                0x10008998       0x3f CMakeFiles/reciver.dir/reciver.cpp.obj
 *fill*         0x100089d7        0x1 
 .rodata._Z4loopv.str1.4
                0x100089d8       0x38 CMakeFiles/reciver.dir/reciver.cpp.obj
 .rodata.str1.4
                0x10008a10       0x28 CMakeFiles/reciver.dir/reciver.cpp.obj
 .rodata        0x10008a38        0xc CMakeFiles/reciver.dir/reciver.cpp.obj
 .rodata.rp2040_chip_version.str1.4
                0x10008a44       0x6d CMakeFiles/reciver.dir/C_/Pico/pico-sdk/src/rp2040/pico_platform/platform.c.obj
 *fill*         0x10008ab1        0x3 
 .rodata.__func__.0
                0x10008ab4       0x14 CMakeFiles/reciver.dir/C_/Pico/pico-sdk/src/rp2040/pico_platform/platform.c.obj
 .rodata.panic.str1.4
                0x10008ac8       0x12 CMakeFiles/reciver.dir/C_/Pico/pico-sdk/src/rp2_common/pico_platform_panic/panic.c.obj
 *fill*         0x10008ada        0x2 
 .rodata.spin_lock_claim_unused.str1.4
                0x10008adc       0x1b CMakeFiles/reciver.dir/C_/Pico/pico-sdk/src/rp2_common/hardware_sync/sync.c.obj
 *fill*         0x10008af7        0x1 
 .rodata.make_j_16.str1.4
                0x10008af8       0x63 CMakeFiles/reciver.dir/C_/Pico/pico-sdk/src/rp2_common/hardware_irq/irq.c.obj
 *fill*         0x10008b5b        0x1 
 .rodata.insert_bl_32.str1.4
                0x10008b5c       0x10 CMakeFiles/reciver.dir/C_/Pico/pico-sdk/src/rp2_common/hardware_irq/irq.c.obj
 .rodata.irq_set_exclusive_handler.str1.4
                0x10008b6c       0x36 CMakeFiles/reciver.dir/C_/Pico/pico-sdk/src/rp2_common/hardware_irq/irq.c.obj
 *fill*         0x10008ba2        0x2 
 .rodata.irq_add_shared_handler.str1.4
                0x10008ba4       0xe9 CMakeFiles/reciver.dir/C_/Pico/pico-sdk/src/rp2_common/hardware_irq/irq.c.obj
 *fill*         0x10008c8d        0x3 
 .rodata.irq_remove_handler.str1.4
                0x10008c90       0x3a CMakeFiles/reciver.dir/C_/Pico/pico-sdk/src/rp2_common/hardware_irq/irq.c.obj
 *fill*         0x10008cca        0x2 
 .rodata.irq_add_tail_to_free_list.str1.4
                0x10008ccc       0x3a CMakeFiles/reciver.dir/C_/Pico/pico-sdk/src/rp2_common/hardware_irq/irq.c.obj
 *fill*         0x10008d06        0x2 
 .rodata.user_irq_claim_unused.str1.4
                0x10008d08       0x1b CMakeFiles/reciver.dir/C_/Pico/pico-sdk/src/rp2_common/hardware_irq/irq.c.obj
 *fill*         0x10008d23        0x1 
 .rodata.__func__.0
                0x10008d24       0x1a CMakeFiles/reciver.dir/C_/Pico/pico-sdk/src/rp2_common/hardware_irq/irq.c.obj
 *fill*         0x10008d3e        0x2 
 .rodata.__func__.1
                0x10008d40        0xd CMakeFiles/reciver.dir/C_/Pico/pico-sdk/src/rp2_common/hardware_irq/irq.c.obj
 *fill*         0x10008d4d        0x3 
 .rodata.__func__.2
                0x10008d50       0x13 CMakeFiles/reciver.dir/C_/Pico/pico-sdk/src/rp2_common/hardware_irq/irq.c.obj
 *fill*         0x10008d63        0x1 
 .rodata.__func__.3
                0x10008d64        0xa CMakeFiles/reciver.dir/C_/Pico/pico-sdk/src/rp2_common/hardware_irq/irq.c.obj
 *fill*         0x10008d6e        0x2 
 .rodata.__func__.4
                0x10008d70        0xd CMakeFiles/reciver.dir/C_/Pico/pico-sdk/src/rp2_common/hardware_irq/irq.c.obj
 *fill*         0x10008d7d        0x3 
 .rodata.__func__.5
                0x10008d80       0x17 CMakeFiles/reciver.dir/C_/Pico/pico-sdk/src/rp2_common/hardware_irq/irq.c.obj
 *fill*         0x10008d97        0x1 
 .rodata.__func__.6
                0x10008d98       0x1a CMakeFiles/reciver.dir/C_/Pico/pico-sdk/src/rp2_common/hardware_irq/irq.c.obj
 *fill*         0x10008db2        0x2 
 .rodata.runtime_init_mutex.str1.4
                0x10008db4       0x4e CMakeFiles/reciver.dir/C_/Pico/pico-sdk/src/common/pico_sync/mutex.c.obj
 *fill*         0x10008e02        0x2 
 .rodata.str1.4
                0x10008e04       0x51 CMakeFiles/reciver.dir/C_/Pico/pico-sdk/src/common/pico_sync/mutex.c.obj
 *fill*         0x10008e55        0x3 
 .rodata.__func__.1
                0x10008e58        0xb CMakeFiles/reciver.dir/C_/Pico/pico-sdk/src/common/pico_sync/mutex.c.obj
 *fill*         0x10008e63        0x1 
 .rodata.__func__.3
                0x10008e64       0x18 CMakeFiles/reciver.dir/C_/Pico/pico-sdk/src/common/pico_sync/mutex.c.obj
 .rodata.__func__.6
                0x10008e7c       0x13 CMakeFiles/reciver.dir/C_/Pico/pico-sdk/src/common/pico_sync/mutex.c.obj
 *fill*         0x10008e8f        0x1 
 .rodata.alarm_pool_irq_handler.str1.4
                0x10008e90       0x59 CMakeFiles/reciver.dir/C_/Pico/pico-sdk/src/common/pico_time/time.c.obj
 *fill*         0x10008ee9        0x3 
 .rodata.alarm_pool_get_default.str1.4
                0x10008eec       0x21 CMakeFiles/reciver.dir/C_/Pico/pico-sdk/src/common/pico_time/time.c.obj
 *fill*         0x10008f0d        0x3 
 .rodata.sleep_until.str1.4
                0x10008f10       0x4d CMakeFiles/reciver.dir/C_/Pico/pico-sdk/src/common/pico_time/time.c.obj
 *fill*         0x10008f5d        0x3 
 .rodata.__func__.1
                0x10008f60       0x17 CMakeFiles/reciver.dir/C_/Pico/pico-sdk/src/common/pico_time/time.c.obj
 *fill*         0x10008f77        0x1 
 .rodata.__func__.2
                0x10008f78       0x17 CMakeFiles/reciver.dir/C_/Pico/pico-sdk/src/common/pico_time/time.c.obj
 *fill*         0x10008f8f        0x1 
 .rodata.timer_hardware_alarm_claim.str1.4
                0x10008f90       0x22 CMakeFiles/reciver.dir/C_/Pico/pico-sdk/src/rp2_common/hardware_timer/timer.c.obj
 *fill*         0x10008fb2        0x2 
 .rodata.pll_init.str1.4
                0x10008fb4      0x108 CMakeFiles/reciver.dir/C_/Pico/pico-sdk/src/rp2_common/hardware_pll/pll.c.obj
 .rodata.__func__.0
                0x100090bc        0x9 CMakeFiles/reciver.dir/C_/Pico/pico-sdk/src/rp2_common/hardware_pll/pll.c.obj
 *fill*         0x100090c5        0x3 
 .rodata.__aeabi_double_init.str1.4
                0x100090c8       0x89 CMakeFiles/reciver.dir/C_/Pico/pico-sdk/src/rp2_common/pico_double/double_init_rom_rp2040.c.obj
 *fill*         0x10009151        0x3 
 .rodata.__func__.0
                0x10009154       0x14 CMakeFiles/reciver.dir/C_/Pico/pico-sdk/src/rp2_common/pico_double/double_init_rom_rp2040.c.obj
 .rodata.__aeabi_float_init.str1.4
                0x10009168       0x77 CMakeFiles/reciver.dir/C_/Pico/pico-sdk/src/rp2_common/pico_float/float_init_rom_rp2040.c.obj
                                 0x7b (size before relaxing)
 *fill*         0x100091df        0x1 
 .rodata.__func__.0
                0x100091e0       0x13 CMakeFiles/reciver.dir/C_/Pico/pico-sdk/src/rp2_common/pico_float/float_init_rom_rp2040.c.obj
 *fill*         0x100091f3        0x1 
 .rodata.str1.4
                0x100091f4       0x3c CMakeFiles/reciver.dir/C_/Pico/pico-sdk/src/rp2_common/pico_standard_binary_info/standard_binary_info.c.obj
 .rodata.__bi_26
                0x10009230        0xc CMakeFiles/reciver.dir/C_/Pico/pico-sdk/src/rp2_common/pico_standard_binary_info/standard_binary_info.c.obj
 .rodata.__bi_34
                0x1000923c        0xc CMakeFiles/reciver.dir/C_/Pico/pico-sdk/src/rp2_common/pico_standard_binary_info/standard_binary_info.c.obj
 .rodata.__bi_42
                0x10009248        0xc CMakeFiles/reciver.dir/C_/Pico/pico-sdk/src/rp2_common/pico_standard_binary_info/standard_binary_info.c.obj
 .rodata.__bi_48
                0x10009254        0xc CMakeFiles/reciver.dir/C_/Pico/pico-sdk/src/rp2_common/pico_standard_binary_info/standard_binary_info.c.obj
 .rodata.__bi_54
                0x10009260        0xc CMakeFiles/reciver.dir/C_/Pico/pico-sdk/src/rp2_common/pico_standard_binary_info/standard_binary_info.c.obj
 .rodata.__bi_78
                0x1000926c        0xc CMakeFiles/reciver.dir/C_/Pico/pico-sdk/src/rp2_common/pico_standard_binary_info/standard_binary_info.c.obj
 .rodata.__bi_84
                0x10009278        0xc CMakeFiles/reciver.dir/C_/Pico/pico-sdk/src/rp2_common/pico_standard_binary_info/standard_binary_info.c.obj
 .rodata._ftoa.str1.4
                0x10009284       0x15 CMakeFiles/reciver.dir/C_/Pico/pico-sdk/src/rp2_common/pico_printf/printf.c.obj
 *fill*         0x10009299        0x3 
 .rodata._vsnprintf
                0x1000929c      0x1e0 CMakeFiles/reciver.dir/C_/Pico/pico-sdk/src/rp2_common/pico_printf/printf.c.obj
 *fill*         0x1000947c        0x4 
 .rodata.pow10.0
                0x10009480       0x50 CMakeFiles/reciver.dir/C_/Pico/pico-sdk/src/rp2_common/pico_printf/printf.c.obj
 .rodata.__assert_func.str1.4
                0x100094d0       0x3f CMakeFiles/reciver.dir/C_/Pico/pico-sdk/src/rp2_common/pico_clib_interface/newlib_interface.c.obj
                                 0x43 (size before relaxing)
 *fill*         0x1000950f        0x1 
 .rodata.crlf_str.0
                0x10009510        0x2 CMakeFiles/reciver.dir/C_/Pico/pico-sdk/src/rp2_common/pico_stdio/stdio.c.obj
 *fill*         0x10009512        0x2 
 .rodata.str1.4
                0x10009514       0x2c CMakeFiles/reciver.dir/C_/Pico/pico-sdk/src/rp2_common/pico_stdio_uart/stdio_uart.c.obj
 .rodata.__bi_45.4
                0x10009540        0xc CMakeFiles/reciver.dir/C_/Pico/pico-sdk/src/rp2_common/pico_stdio_uart/stdio_uart.c.obj
 .rodata.__bi_49.5
                0x1000954c        0x8 CMakeFiles/reciver.dir/C_/Pico/pico-sdk/src/rp2_common/pico_stdio_uart/stdio_uart.c.obj
 .rodata.__bi_50.6
                0x10009554        0x8 CMakeFiles/reciver.dir/C_/Pico/pico-sdk/src/rp2_common/pico_stdio_uart/stdio_uart.c.obj
 .rodata._resetd_driver
                0x1000955c       0x20 CMakeFiles/reciver.dir/C_/Pico/pico-sdk/src/rp2_common/pico_stdio_usb/reset_interface.c.obj
 .rodata.desc_bos
                0x1000957c       0x21 CMakeFiles/reciver.dir/C_/Pico/pico-sdk/src/rp2_common/pico_stdio_usb/reset_interface.c.obj
                0x1000957c                desc_bos
 *fill*         0x1000959d        0x3 
 .rodata.desc_ms_os_20
                0x100095a0       0xa6 CMakeFiles/reciver.dir/C_/Pico/pico-sdk/src/rp2_common/pico_stdio_usb/reset_interface.c.obj
 *fill*         0x10009646        0x2 
 .rodata.stdio_usb_init.str1.4
                0x10009648       0x3b CMakeFiles/reciver.dir/C_/Pico/pico-sdk/src/rp2_common/pico_stdio_usb/stdio_usb.c.obj
                                 0x43 (size before relaxing)
 *fill*         0x10009683        0x1 
 .rodata.str1.4
                0x10009684       0x13 CMakeFiles/reciver.dir/C_/Pico/pico-sdk/src/rp2_common/pico_stdio_usb/stdio_usb.c.obj
 *fill*         0x10009697        0x1 
 .rodata.__bi_197.1
                0x10009698        0xc CMakeFiles/reciver.dir/C_/Pico/pico-sdk/src/rp2_common/pico_stdio_usb/stdio_usb.c.obj
 .rodata.__func__.2
                0x100096a4        0xf CMakeFiles/reciver.dir/C_/Pico/pico-sdk/src/rp2_common/pico_stdio_usb/stdio_usb.c.obj
 *fill*         0x100096b3        0x1 
 .rodata.str1.4
                0x100096b4       0x2a CMakeFiles/reciver.dir/C_/Pico/pico-sdk/src/rp2_common/pico_stdio_usb/stdio_usb_descriptors.c.obj
 *fill*         0x100096de        0x2 
 .rodata.usbd_desc_cfg
                0x100096e0       0x54 CMakeFiles/reciver.dir/C_/Pico/pico-sdk/src/rp2_common/pico_stdio_usb/stdio_usb_descriptors.c.obj
 .rodata.usbd_desc_device
                0x10009734       0x12 CMakeFiles/reciver.dir/C_/Pico/pico-sdk/src/rp2_common/pico_stdio_usb/stdio_usb_descriptors.c.obj
 *fill*         0x10009746        0x2 
 .rodata.usbd_desc_str
                0x10009748       0x18 CMakeFiles/reciver.dir/C_/Pico/pico-sdk/src/rp2_common/pico_stdio_usb/stdio_usb_descriptors.c.obj
 .rodata.pico_get_unique_board_id_string.str1.4
                0x10009760       0x43 CMakeFiles/reciver.dir/C_/Pico/pico-sdk/src/rp2_common/pico_unique_id/unique_id.c.obj
 *fill*         0x100097a3        0x1 
 .rodata.__func__.0
                0x100097a4       0x20 CMakeFiles/reciver.dir/C_/Pico/pico-sdk/src/rp2_common/pico_unique_id/unique_id.c.obj
 .rodata.str1.4
                0x100097c4      0x185 CMakeFiles/reciver.dir/C_/Pico/pico-sdk/src/rp2_common/hardware_flash/flash.c.obj
 *fill*         0x10009949        0x3 
 .rodata.__func__.0
                0x1000994c        0xd CMakeFiles/reciver.dir/C_/Pico/pico-sdk/src/rp2_common/hardware_flash/flash.c.obj
 *fill*         0x10009959        0x3 
 .rodata._hw_endpoint_alloc.str1.4
                0x1000995c       0xad CMakeFiles/reciver.dir/C_/Pico/pico-sdk/lib/tinyusb/src/portable/raspberrypi/rp2040/dcd_rp2040.c.obj
 *fill*         0x10009a09        0x3 
 .rodata.str1.4
                0x10009a0c       0x14 CMakeFiles/reciver.dir/C_/Pico/pico-sdk/lib/tinyusb/src/portable/raspberrypi/rp2040/dcd_rp2040.c.obj
 .rodata.dcd_int_enable.str1.4
                0x10009a20        0xc CMakeFiles/reciver.dir/C_/Pico/pico-sdk/lib/tinyusb/src/portable/raspberrypi/rp2040/dcd_rp2040.c.obj
 .rodata.__func__.0
                0x10009a2c        0xe CMakeFiles/reciver.dir/C_/Pico/pico-sdk/lib/tinyusb/src/portable/raspberrypi/rp2040/dcd_rp2040.c.obj
 *fill*         0x10009a3a        0x2 
 .rodata.__func__.1
                0x10009a3c        0xe CMakeFiles/reciver.dir/C_/Pico/pico-sdk/lib/tinyusb/src/portable/raspberrypi/rp2040/dcd_rp2040.c.obj
 *fill*         0x10009a4a        0x2 
 .rodata.__func__.3
                0x10009a4c       0x10 CMakeFiles/reciver.dir/C_/Pico/pico-sdk/lib/tinyusb/src/portable/raspberrypi/rp2040/dcd_rp2040.c.obj
 .rodata.__func__.5
                0x10009a5c        0xf CMakeFiles/reciver.dir/C_/Pico/pico-sdk/lib/tinyusb/src/portable/raspberrypi/rp2040/dcd_rp2040.c.obj
 *fill*         0x10009a6b        0x1 
 .rodata.__func__.6
                0x10009a6c       0x13 CMakeFiles/reciver.dir/C_/Pico/pico-sdk/lib/tinyusb/src/portable/raspberrypi/rp2040/dcd_rp2040.c.obj
 *fill*         0x10009a7f        0x1 
 .rodata.__func__.7
                0x10009a80        0x9 CMakeFiles/reciver.dir/C_/Pico/pico-sdk/lib/tinyusb/src/portable/raspberrypi/rp2040/dcd_rp2040.c.obj
 *fill*         0x10009a89        0x3 
 .rodata.str1.4
                0x10009a8c       0xd4 CMakeFiles/reciver.dir/C_/Pico/pico-sdk/lib/tinyusb/src/portable/raspberrypi/rp2040/rp2040_usb.c.obj
 .rodata.hw_endpoint_xfer_start.str1.4
                0x10009b60       0x38 CMakeFiles/reciver.dir/C_/Pico/pico-sdk/lib/tinyusb/src/portable/raspberrypi/rp2040/rp2040_usb.c.obj
 .rodata.__func__.0
                0x10009b98        0xf CMakeFiles/reciver.dir/C_/Pico/pico-sdk/lib/tinyusb/src/portable/raspberrypi/rp2040/rp2040_usb.c.obj
 *fill*         0x10009ba7        0x1 
 .rodata.configuration_reset.str1.4
                0x10009ba8       0x17 CMakeFiles/reciver.dir/C_/Pico/pico-sdk/lib/tinyusb/src/device/usbd.c.obj
 *fill*         0x10009bbf        0x1 
 .rodata.process_get_descriptor
                0x10009bc0       0x40 CMakeFiles/reciver.dir/C_/Pico/pico-sdk/lib/tinyusb/src/device/usbd.c.obj
 .rodata        0x10009c00       0x1c CMakeFiles/reciver.dir/C_/Pico/pico-sdk/lib/tinyusb/src/device/usbd.c.obj
 .rodata.process_control_request